16:59:18 **** Incremental Build of configuration Debug for project MultichannelADC ****
make -j8 all 
arm-none-eabi-gcc "../Core/Src/main.c" -mcpu=cortex-m4 -std=gnu11 -g3 -DDEBUG -DUSE_HAL_DRIVER -DSTM32F407xx -c -I../Core/Inc -I../Drivers/STM32F4xx_HAL_Driver/Inc -I../Drivers/STM32F4xx_HAL_Driver/Inc/Legacy -I../Drivers/CMSIS/Device/ST/STM32F4xx/Include -I../Drivers/CMSIS/Include -I../FATFS/Target -I../FATFS/App -I../Middlewares/Third_Party/FatFs/src -O0 -ffunction-sections -fdata-sections -Wall -fstack-usage -MMD -MP -MF"Core/Src/main.d" -MT"Core/Src/main.o" --specs=nano.specs -mfpu=fpv4-sp-d16 -mfloat-abi=hard -mthumb -o "Core/Src/main.o"
arm-none-eabi-gcc "../Core/Src/tim.c" -mcpu=cortex-m4 -std=gnu11 -g3 -DDEBUG -DUSE_HAL_DRIVER -DSTM32F407xx -c -I../Core/Inc -I../Drivers/STM32F4xx_HAL_Driver/Inc -I../Drivers/STM32F4xx_HAL_Driver/Inc/Legacy -I../Drivers/CMSIS/Device/ST/STM32F4xx/Include -I../Drivers/CMSIS/Include -I../FATFS/Target -I../FATFS/App -I../Middlewares/Third_Party/FatFs/src -O0 -ffunction-sections -fdata-sections -Wall -fstack-usage -MMD -MP -MF"Core/Src/tim.d" -MT"Core/Src/tim.o" --specs=nano.specs -mfpu=fpv4-sp-d16 -mfloat-abi=hard -mthumb -o "Core/Src/tim.o"
arm-none-eabi-gcc "../Core/Src/usart.c" -mcpu=cortex-m4 -std=gnu11 -g3 -DDEBUG -DUSE_HAL_DRIVER -DSTM32F407xx -c -I../Core/Inc -I../Drivers/STM32F4xx_HAL_Driver/Inc -I../Drivers/STM32F4xx_HAL_Driver/Inc/Legacy -I../Drivers/CMSIS/Device/ST/STM32F4xx/Include -I../Drivers/CMSIS/Include -I../FATFS/Target -I../FATFS/App -I../Middlewares/Third_Party/FatFs/src -O0 -ffunction-sections -fdata-sections -Wall -fstack-usage -MMD -MP -MF"Core/Src/usart.d" -MT"Core/Src/usart.o" --specs=nano.specs -mfpu=fpv4-sp-d16 -mfloat-abi=hard -mthumb -o "Core/Src/usart.o"
arm-none-eabi-gcc "../Core/Src/user_diskio_spi.c" -mcpu=cortex-m4 -std=gnu11 -g3 -DDEBUG -DUSE_HAL_DRIVER -DSTM32F407xx -c -I../Core/Inc -I../Drivers/STM32F4xx_HAL_Driver/Inc -I../Drivers/STM32F4xx_HAL_Driver/Inc/Legacy -I../Drivers/CMSIS/Device/ST/STM32F4xx/Include -I../Drivers/CMSIS/Include -I../FATFS/Target -I../FATFS/App -I../Middlewares/Third_Party/FatFs/src -O0 -ffunction-sections -fdata-sections -Wall -fstack-usage -MMD -MP -MF"Core/Src/user_diskio_spi.d" -MT"Core/Src/user_diskio_spi.o" --specs=nano.specs -mfpu=fpv4-sp-d16 -mfloat-abi=hard -mthumb -o "Core/Src/user_diskio_spi.o"
../Core/Src/main.c: In function 'main':
../Core/Src/main.c:279:28: warning: format '%d' expects argument of type 'int', but argument 4 has type 'uint32_t' {aka 'long unsigned int'} [-Wformat=]
  279 |  sprintf(stringKirim,"%d, %d, %f, %f, %d, %d, %d\n",k,timestamp, AO0_volt, AO1_volt, AI0_bit, AI1_bit, AI2_bit); // stringKirim baru, sesuai nilai adc cpltCallback
      |                           ~^                          ~~~~~~~~~
      |                            |                          |
      |                            int                        uint32_t {aka long unsigned int}
      |                           %ld
../Core/Src/main.c:279:40: warning: format '%d' expects argument of type 'int', but argument 7 has type 'uint32_t' {aka 'long unsigned int'} [-Wformat=]
  279 |  sprintf(stringKirim,"%d, %d, %f, %f, %d, %d, %d\n",k,timestamp, AO0_volt, AO1_volt, AI0_bit, AI1_bit, AI2_bit); // stringKirim baru, sesuai nilai adc cpltCallback
      |                                       ~^                                             ~~~~~~~
      |                                        |                                             |
      |                                        int                                           uint32_t {aka long unsigned int}
      |                                       %ld
../Core/Src/main.c:279:44: warning: format '%d' expects argument of type 'int', but argument 8 has type 'uint32_t' {aka 'long unsigned int'} [-Wformat=]
  279 |  sprintf(stringKirim,"%d, %d, %f, %f, %d, %d, %d\n",k,timestamp, AO0_volt, AO1_volt, AI0_bit, AI1_bit, AI2_bit); // stringKirim baru, sesuai nilai adc cpltCallback
      |                                           ~^                                                  ~~~~~~~
      |                                            |                                                  |
      |                                            int                                                uint32_t {aka long unsigned int}
      |                                           %ld
../Core/Src/main.c:279:48: warning: format '%d' expects argument of type 'int', but argument 9 has type 'uint32_t' {aka 'long unsigned int'} [-Wformat=]
  279 |  sprintf(stringKirim,"%d, %d, %f, %f, %d, %d, %d\n",k,timestamp, AO0_volt, AO1_volt, AI0_bit, AI1_bit, AI2_bit); // stringKirim baru, sesuai nilai adc cpltCallback
      |                                               ~^                                                       ~~~~~~~
      |                                                |                                                       |
      |                                                int                                                     uint32_t {aka long unsigned int}
      |                                               %ld
../Core/Src/main.c:285:28: warning: pointer targets in passing argument 2 of 'HAL_UART_Receive' differ in signedness [-Wpointer-sign]
  285 |  HAL_UART_Receive(&huart4, (char*)Rx_buffer, 50, 500);
      |                            ^~~~~~~~~~~~~~~~
      |                            |
      |                            char *
In file included from ../Core/Inc/stm32f4xx_hal_conf.h:407,
                 from ../Drivers/STM32F4xx_HAL_Driver/Inc/stm32f4xx_hal.h:30,
                 from ../Core/Inc/main.h:30,
                 from ../Core/Src/main.c:20:
../Drivers/STM32F4xx_HAL_Driver/Inc/stm32f4xx_hal_uart.h:724:72: note: expected 'uint8_t *' {aka 'unsigned char *'} but argument is of type 'char *'
  724 | HAL_StatusTypeDef HAL_UART_Receive(UART_HandleTypeDef *huart, uint8_t *pData, uint16_t Size, uint32_t Timeout);
      |                                                               ~~~~~~~~~^~~~~
../Core/Src/main.c:288:32: warning: format '%d' expects argument of type 'int *', but argument 3 has type 'uint32_t *' {aka 'long unsigned int *'} [-Wformat=]
  288 |  sscanf(Rx_buffer_print, "[SP=%d],[KP=%d],[KI=%d]", &SP, &KP, &KI);
      |                               ~^                    ~~~
      |                                |                    |
      |                                int *                uint32_t * {aka long unsigned int *}
      |                               %ld
../Core/Src/main.c:288:40: warning: format '%d' expects argument of type 'int *', but argument 4 has type 'uint32_t *' {aka 'long unsigned int *'} [-Wformat=]
  288 |  sscanf(Rx_buffer_print, "[SP=%d],[KP=%d],[KI=%d]", &SP, &KP, &KI);
      |                                       ~^                 ~~~
      |                                        |                 |
      |                                        int *             uint32_t * {aka long unsigned int *}
      |                                       %ld
../Core/Src/main.c:288:48: warning: format '%d' expects argument of type 'int *', but argument 5 has type 'uint32_t *' {aka 'long unsigned int *'} [-Wformat=]
  288 |  sscanf(Rx_buffer_print, "[SP=%d],[KP=%d],[KI=%d]", &SP, &KP, &KI);
      |                                               ~^              ~~~
      |                                                |              |
      |                                                int *          uint32_t * {aka long unsigned int *}
      |                                               %ld
../Core/Src/main.c: In function 'HAL_ADC_ConvCpltCallback':
../Core/Src/main.c:368:7: warning: suggest parentheses around assignment used as truth value [-Wparentheses]
  368 |    if(awal = 1){
      |       ^~~~
../Core/Src/main.c: At top level:
../Core/Src/main.c:69:6: warning: array 'Rx_buffer_string' assumed to have one element
   69 | char Rx_buffer_string[];
      |      ^~~~~~~~~~~~~~~~
../Core/Src/main.c:70:6: warning: array 'Rx_buffer_status' assumed to have one element
   70 | char Rx_buffer_status[];
      |      ^~~~~~~~~~~~~~~~
../Core/Src/main.c: In function 'main':
../Core/Src/main.c:286:28: warning: '%s' directive writing up to 99 bytes into a region of size 1 [-Wformat-overflow=]
  286 |  sprintf(Rx_buffer_string,"%s",Rx_buffer);
      |                            ^~  ~~~~~~~~~
../Core/Src/main.c:286:2: note: 'sprintf' output between 1 and 100 bytes into a destination of size 1
  286 |  sprintf(Rx_buffer_string,"%s",Rx_buffer);
      |  ^~~~~~~~~~~~~~~~~~~~~~~~~~~~~~~~~~~~~~~~
arm-none-eabi-gcc -o "MultichannelADC.elf" @"objects.list"   -mcpu=cortex-m4 -T"D:\OneDrive - Institut Teknologi Sepuluh Nopember\Tugas Akhir\Coding Faris\STM32\MultichannelADC\STM32F407VGTX_FLASH.ld" --specs=nosys.specs -Wl,-Map="MultichannelADC.map" -Wl,--gc-sections -static --specs=nano.specs -mfpu=fpv4-sp-d16 -mfloat-abi=hard -mthumb -u _printf_float -u _scanf_float -Wl,--start-group -lc -lm -Wl,--end-group
Finished building target: MultichannelADC.elf
 
arm-none-eabi-size   MultichannelADC.elf 
arm-none-eabi-objdump -h -S  MultichannelADC.elf  > "MultichannelADC.list"
arm-none-eabi-objcopy  -O binary  MultichannelADC.elf  "MultichannelADC.bin"
   text	   data	    bss	    dec	    hex	filename
  65108	    596	   3812	  69516	  10f8c	MultichannelADC.elf
Finished building: default.size.stdout
 
Finished building: MultichannelADC.bin
 
Finished building: MultichannelADC.list
 
17:03:50 **** Incremental Build of configuration Debug for project MultichannelADC ****
make -j8 all 
arm-none-eabi-size   MultichannelADC.elf 
   text	   data	    bss	    dec	    hex	filename
  65108	    596	   3812	  69516	  10f8c	MultichannelADC.elf
Finished building: default.size.stdout
 
17:49:21 **** Incremental Build of configuration Debug for project MultichannelADC ****
make -j8 all 
arm-none-eabi-size   MultichannelADC.elf 
   text	   data	    bss	    dec	    hex	filename
  65108	    596	   3812	  69516	  10f8c	MultichannelADC.elf
Finished building: default.size.stdout
 
17:50:29 **** Incremental Build of configuration Debug for project MultichannelADC ****
make -j8 all 
arm-none-eabi-size   MultichannelADC.elf 
   text	   data	    bss	    dec	    hex	filename
  65108	    596	   3812	  69516	  10f8c	MultichannelADC.elf
Finished building: default.size.stdout
 
17:59:02 **** Incremental Build of configuration Debug for project MultichannelADC ****
make -j8 all 
arm-none-eabi-size   MultichannelADC.elf 
   text	   data	    bss	    dec	    hex	filename
  65108	    596	   3812	  69516	  10f8c	MultichannelADC.elf
Finished building: default.size.stdout
 
19:02:36 **** Incremental Build of configuration Debug for project MultichannelADC ****
make -j8 all 
arm-none-eabi-size   MultichannelADC.elf 
   text	   data	    bss	    dec	    hex	filename
  65108	    596	   3812	  69516	  10f8c	MultichannelADC.elf
Finished building: default.size.stdout
 
19:09:43 **** Incremental Build of configuration Debug for project MultichannelADC ****
make -j8 all 
arm-none-eabi-size   MultichannelADC.elf 
   text	   data	    bss	    dec	    hex	filename
  65108	    596	   3812	  69516	  10f8c	MultichannelADC.elf
Finished building: default.size.stdout
 
19:14:20 **** Incremental Build of configuration Debug for project MultichannelADC ****
make -j8 all 
arm-none-eabi-gcc "../Core/Src/main.c" -mcpu=cortex-m4 -std=gnu11 -g3 -DDEBUG -DUSE_HAL_DRIVER -DSTM32F407xx -c -I../Core/Inc -I../Drivers/STM32F4xx_HAL_Driver/Inc -I../Drivers/STM32F4xx_HAL_Driver/Inc/Legacy -I../Drivers/CMSIS/Device/ST/STM32F4xx/Include -I../Drivers/CMSIS/Include -I../FATFS/Target -I../FATFS/App -I../Middlewares/Third_Party/FatFs/src -O0 -ffunction-sections -fdata-sections -Wall -fstack-usage -MMD -MP -MF"Core/Src/main.d" -MT"Core/Src/main.o" --specs=nano.specs -mfpu=fpv4-sp-d16 -mfloat-abi=hard -mthumb -o "Core/Src/main.o"
../Core/Src/main.c: In function 'main':
../Core/Src/main.c:279:28: warning: format '%d' expects argument of type 'int', but argument 4 has type 'uint32_t' {aka 'long unsigned int'} [-Wformat=]
  279 |  sprintf(stringKirim,"%d, %d, %f, %f, %d, %d, %d\n",k,timestamp, AO0_volt, AO1_volt, AI0_bit, AI1_bit, AI2_bit); // stringKirim baru, sesuai nilai adc cpltCallback
      |                           ~^                          ~~~~~~~~~
      |                            |                          |
      |                            int                        uint32_t {aka long unsigned int}
      |                           %ld
../Core/Src/main.c:279:40: warning: format '%d' expects argument of type 'int', but argument 7 has type 'uint32_t' {aka 'long unsigned int'} [-Wformat=]
  279 |  sprintf(stringKirim,"%d, %d, %f, %f, %d, %d, %d\n",k,timestamp, AO0_volt, AO1_volt, AI0_bit, AI1_bit, AI2_bit); // stringKirim baru, sesuai nilai adc cpltCallback
      |                                       ~^                                             ~~~~~~~
      |                                        |                                             |
      |                                        int                                           uint32_t {aka long unsigned int}
      |                                       %ld
../Core/Src/main.c:279:44: warning: format '%d' expects argument of type 'int', but argument 8 has type 'uint32_t' {aka 'long unsigned int'} [-Wformat=]
  279 |  sprintf(stringKirim,"%d, %d, %f, %f, %d, %d, %d\n",k,timestamp, AO0_volt, AO1_volt, AI0_bit, AI1_bit, AI2_bit); // stringKirim baru, sesuai nilai adc cpltCallback
      |                                           ~^                                                  ~~~~~~~
      |                                            |                                                  |
      |                                            int                                                uint32_t {aka long unsigned int}
      |                                           %ld
../Core/Src/main.c:279:48: warning: format '%d' expects argument of type 'int', but argument 9 has type 'uint32_t' {aka 'long unsigned int'} [-Wformat=]
  279 |  sprintf(stringKirim,"%d, %d, %f, %f, %d, %d, %d\n",k,timestamp, AO0_volt, AO1_volt, AI0_bit, AI1_bit, AI2_bit); // stringKirim baru, sesuai nilai adc cpltCallback
      |                                               ~^                                                       ~~~~~~~
      |                                                |                                                       |
      |                                                int                                                     uint32_t {aka long unsigned int}
      |                                               %ld
../Core/Src/main.c:285:28: warning: pointer targets in passing argument 2 of 'HAL_UART_Receive' differ in signedness [-Wpointer-sign]
  285 |  HAL_UART_Receive(&huart4, (char*)Rx_buffer, 50, 500);
      |                            ^~~~~~~~~~~~~~~~
      |                            |
      |                            char *
In file included from ../Core/Inc/stm32f4xx_hal_conf.h:407,
                 from ../Drivers/STM32F4xx_HAL_Driver/Inc/stm32f4xx_hal.h:30,
                 from ../Core/Inc/main.h:30,
                 from ../Core/Src/main.c:20:
../Drivers/STM32F4xx_HAL_Driver/Inc/stm32f4xx_hal_uart.h:724:72: note: expected 'uint8_t *' {aka 'unsigned char *'} but argument is of type 'char *'
  724 | HAL_StatusTypeDef HAL_UART_Receive(UART_HandleTypeDef *huart, uint8_t *pData, uint16_t Size, uint32_t Timeout);
      |                                                               ~~~~~~~~~^~~~~
../Core/Src/main.c:288:32: warning: format '%d' expects argument of type 'int *', but argument 3 has type 'uint32_t *' {aka 'long unsigned int *'} [-Wformat=]
  288 |  sscanf(Rx_buffer_print, "[SP=%d],[KP=%d],[KI=%d]", &SP, &KP, &KI);
      |                               ~^                    ~~~
      |                                |                    |
      |                                int *                uint32_t * {aka long unsigned int *}
      |                               %ld
../Core/Src/main.c:288:40: warning: format '%d' expects argument of type 'int *', but argument 4 has type 'uint32_t *' {aka 'long unsigned int *'} [-Wformat=]
  288 |  sscanf(Rx_buffer_print, "[SP=%d],[KP=%d],[KI=%d]", &SP, &KP, &KI);
      |                                       ~^                 ~~~
      |                                        |                 |
      |                                        int *             uint32_t * {aka long unsigned int *}
      |                                       %ld
../Core/Src/main.c:288:48: warning: format '%d' expects argument of type 'int *', but argument 5 has type 'uint32_t *' {aka 'long unsigned int *'} [-Wformat=]
  288 |  sscanf(Rx_buffer_print, "[SP=%d],[KP=%d],[KI=%d]", &SP, &KP, &KI);
      |                                               ~^              ~~~
      |                                                |              |
      |                                                int *          uint32_t * {aka long unsigned int *}
      |                                               %ld
../Core/Src/main.c: In function 'HAL_ADC_ConvCpltCallback':
../Core/Src/main.c:368:7: warning: suggest parentheses around assignment used as truth value [-Wparentheses]
  368 |    if(awal = 1){
      |       ^~~~
../Core/Src/main.c: At top level:
../Core/Src/main.c:69:6: warning: array 'Rx_buffer_string' assumed to have one element
   69 | char Rx_buffer_string[];
      |      ^~~~~~~~~~~~~~~~
../Core/Src/main.c:70:6: warning: array 'Rx_buffer_status' assumed to have one element
   70 | char Rx_buffer_status[];
      |      ^~~~~~~~~~~~~~~~
../Core/Src/main.c: In function 'main':
../Core/Src/main.c:286:28: warning: '%s' directive writing up to 99 bytes into a region of size 1 [-Wformat-overflow=]
  286 |  sprintf(Rx_buffer_string,"%s",Rx_buffer);
      |                            ^~  ~~~~~~~~~
../Core/Src/main.c:286:2: note: 'sprintf' output between 1 and 100 bytes into a destination of size 1
  286 |  sprintf(Rx_buffer_string,"%s",Rx_buffer);
      |  ^~~~~~~~~~~~~~~~~~~~~~~~~~~~~~~~~~~~~~~~
arm-none-eabi-gcc -o "MultichannelADC.elf" @"objects.list"   -mcpu=cortex-m4 -T"D:\OneDrive - Institut Teknologi Sepuluh Nopember\Tugas Akhir\Coding Faris\STM32\MultichannelADC\STM32F407VGTX_FLASH.ld" --specs=nosys.specs -Wl,-Map="MultichannelADC.map" -Wl,--gc-sections -static --specs=nano.specs -mfpu=fpv4-sp-d16 -mfloat-abi=hard -mthumb -u _printf_float -u _scanf_float -Wl,--start-group -lc -lm -Wl,--end-group
Finished building target: MultichannelADC.elf
 
arm-none-eabi-size   MultichannelADC.elf 
arm-none-eabi-objdump -h -S  MultichannelADC.elf  > "MultichannelADC.list"
arm-none-eabi-objcopy  -O binary  MultichannelADC.elf  "MultichannelADC.bin"
   text	   data	    bss	    dec	    hex	filename
  65108	    596	   3812	  69516	  10f8c	MultichannelADC.elf
Finished building: default.size.stdout
 
Finished building: MultichannelADC.bin
 
Finished building: MultichannelADC.list
 
19:19:20 **** Incremental Build of configuration Debug for project MultichannelADC ****
make -j8 all 
arm-none-eabi-gcc "../Core/Src/main.c" -mcpu=cortex-m4 -std=gnu11 -g3 -DDEBUG -DUSE_HAL_DRIVER -DSTM32F407xx -c -I../Core/Inc -I../Drivers/STM32F4xx_HAL_Driver/Inc -I../Drivers/STM32F4xx_HAL_Driver/Inc/Legacy -I../Drivers/CMSIS/Device/ST/STM32F4xx/Include -I../Drivers/CMSIS/Include -I../FATFS/Target -I../FATFS/App -I../Middlewares/Third_Party/FatFs/src -O0 -ffunction-sections -fdata-sections -Wall -fstack-usage -MMD -MP -MF"Core/Src/main.d" -MT"Core/Src/main.o" --specs=nano.specs -mfpu=fpv4-sp-d16 -mfloat-abi=hard -mthumb -o "Core/Src/main.o"
../Core/Src/main.c: In function 'main':
../Core/Src/main.c:279:28: warning: format '%d' expects argument of type 'int', but argument 4 has type 'uint32_t' {aka 'long unsigned int'} [-Wformat=]
  279 |  sprintf(stringKirim,"%d, %d, %f, %f, %d, %d, %d\n",k,timestamp, AO0_volt, AO1_volt, AI0_bit, AI1_bit, AI2_bit); // stringKirim baru, sesuai nilai adc cpltCallback
      |                           ~^                          ~~~~~~~~~
      |                            |                          |
      |                            int                        uint32_t {aka long unsigned int}
      |                           %ld
../Core/Src/main.c:279:40: warning: format '%d' expects argument of type 'int', but argument 7 has type 'uint32_t' {aka 'long unsigned int'} [-Wformat=]
  279 |  sprintf(stringKirim,"%d, %d, %f, %f, %d, %d, %d\n",k,timestamp, AO0_volt, AO1_volt, AI0_bit, AI1_bit, AI2_bit); // stringKirim baru, sesuai nilai adc cpltCallback
      |                                       ~^                                             ~~~~~~~
      |                                        |                                             |
      |                                        int                                           uint32_t {aka long unsigned int}
      |                                       %ld
../Core/Src/main.c:279:44: warning: format '%d' expects argument of type 'int', but argument 8 has type 'uint32_t' {aka 'long unsigned int'} [-Wformat=]
  279 |  sprintf(stringKirim,"%d, %d, %f, %f, %d, %d, %d\n",k,timestamp, AO0_volt, AO1_volt, AI0_bit, AI1_bit, AI2_bit); // stringKirim baru, sesuai nilai adc cpltCallback
      |                                           ~^                                                  ~~~~~~~
      |                                            |                                                  |
      |                                            int                                                uint32_t {aka long unsigned int}
      |                                           %ld
../Core/Src/main.c:279:48: warning: format '%d' expects argument of type 'int', but argument 9 has type 'uint32_t' {aka 'long unsigned int'} [-Wformat=]
  279 |  sprintf(stringKirim,"%d, %d, %f, %f, %d, %d, %d\n",k,timestamp, AO0_volt, AO1_volt, AI0_bit, AI1_bit, AI2_bit); // stringKirim baru, sesuai nilai adc cpltCallback
      |                                               ~^                                                       ~~~~~~~
      |                                                |                                                       |
      |                                                int                                                     uint32_t {aka long unsigned int}
      |                                               %ld
../Core/Src/main.c:285:28: warning: pointer targets in passing argument 2 of 'HAL_UART_Receive' differ in signedness [-Wpointer-sign]
  285 |  HAL_UART_Receive(&huart4, (char*)Rx_buffer, 50, 500);
      |                            ^~~~~~~~~~~~~~~~
      |                            |
      |                            char *
In file included from ../Core/Inc/stm32f4xx_hal_conf.h:407,
                 from ../Drivers/STM32F4xx_HAL_Driver/Inc/stm32f4xx_hal.h:30,
                 from ../Core/Inc/main.h:30,
                 from ../Core/Src/main.c:20:
../Drivers/STM32F4xx_HAL_Driver/Inc/stm32f4xx_hal_uart.h:724:72: note: expected 'uint8_t *' {aka 'unsigned char *'} but argument is of type 'char *'
  724 | HAL_StatusTypeDef HAL_UART_Receive(UART_HandleTypeDef *huart, uint8_t *pData, uint16_t Size, uint32_t Timeout);
      |                                                               ~~~~~~~~~^~~~~
../Core/Src/main.c:288:32: warning: format '%d' expects argument of type 'int *', but argument 3 has type 'uint32_t *' {aka 'long unsigned int *'} [-Wformat=]
  288 |  sscanf(Rx_buffer_print, "[SP=%d],[KP=%d],[KI=%d]", &SP, &KP, &KI);
      |                               ~^                    ~~~
      |                                |                    |
      |                                int *                uint32_t * {aka long unsigned int *}
      |                               %ld
../Core/Src/main.c:288:40: warning: format '%d' expects argument of type 'int *', but argument 4 has type 'uint32_t *' {aka 'long unsigned int *'} [-Wformat=]
  288 |  sscanf(Rx_buffer_print, "[SP=%d],[KP=%d],[KI=%d]", &SP, &KP, &KI);
      |                                       ~^                 ~~~
      |                                        |                 |
      |                                        int *             uint32_t * {aka long unsigned int *}
      |                                       %ld
../Core/Src/main.c:288:48: warning: format '%d' expects argument of type 'int *', but argument 5 has type 'uint32_t *' {aka 'long unsigned int *'} [-Wformat=]
  288 |  sscanf(Rx_buffer_print, "[SP=%d],[KP=%d],[KI=%d]", &SP, &KP, &KI);
      |                                               ~^              ~~~
      |                                                |              |
      |                                                int *          uint32_t * {aka long unsigned int *}
      |                                               %ld
../Core/Src/main.c: In function 'HAL_ADC_ConvCpltCallback':
../Core/Src/main.c:368:7: warning: suggest parentheses around assignment used as truth value [-Wparentheses]
  368 |    if(awal = 1){
      |       ^~~~
../Core/Src/main.c: At top level:
../Core/Src/main.c:69:6: warning: array 'Rx_buffer_string' assumed to have one element
   69 | char Rx_buffer_string[];
      |      ^~~~~~~~~~~~~~~~
../Core/Src/main.c:70:6: warning: array 'Rx_buffer_status' assumed to have one element
   70 | char Rx_buffer_status[];
      |      ^~~~~~~~~~~~~~~~
../Core/Src/main.c: In function 'main':
../Core/Src/main.c:286:28: warning: '%s' directive writing up to 99 bytes into a region of size 1 [-Wformat-overflow=]
  286 |  sprintf(Rx_buffer_string,"%s",Rx_buffer);
      |                            ^~  ~~~~~~~~~
../Core/Src/main.c:286:2: note: 'sprintf' output between 1 and 100 bytes into a destination of size 1
  286 |  sprintf(Rx_buffer_string,"%s",Rx_buffer);
      |  ^~~~~~~~~~~~~~~~~~~~~~~~~~~~~~~~~~~~~~~~
arm-none-eabi-gcc -o "MultichannelADC.elf" @"objects.list"   -mcpu=cortex-m4 -T"D:\OneDrive - Institut Teknologi Sepuluh Nopember\Tugas Akhir\Coding Faris\STM32\MultichannelADC\STM32F407VGTX_FLASH.ld" --specs=nosys.specs -Wl,-Map="MultichannelADC.map" -Wl,--gc-sections -static --specs=nano.specs -mfpu=fpv4-sp-d16 -mfloat-abi=hard -mthumb -u _printf_float -u _scanf_float -Wl,--start-group -lc -lm -Wl,--end-group
Finished building target: MultichannelADC.elf
 
arm-none-eabi-size   MultichannelADC.elf 
arm-none-eabi-objdump -h -S  MultichannelADC.elf  > "MultichannelADC.list"
arm-none-eabi-objcopy  -O binary  MultichannelADC.elf  "MultichannelADC.bin"
   text	   data	    bss	    dec	    hex	filename
  65108	    596	   3812	  69516	  10f8c	MultichannelADC.elf
Finished building: default.size.stdout
 
Finished building: MultichannelADC.bin
 
Finished building: MultichannelADC.list
 
19:27:05 **** Incremental Build of configuration Debug for project MultichannelADC ****
make -j8 all 
arm-none-eabi-gcc "../Core/Src/main.c" -mcpu=cortex-m4 -std=gnu11 -g3 -DDEBUG -DUSE_HAL_DRIVER -DSTM32F407xx -c -I../Core/Inc -I../Drivers/STM32F4xx_HAL_Driver/Inc -I../Drivers/STM32F4xx_HAL_Driver/Inc/Legacy -I../Drivers/CMSIS/Device/ST/STM32F4xx/Include -I../Drivers/CMSIS/Include -I../FATFS/Target -I../FATFS/App -I../Middlewares/Third_Party/FatFs/src -O0 -ffunction-sections -fdata-sections -Wall -fstack-usage -MMD -MP -MF"Core/Src/main.d" -MT"Core/Src/main.o" --specs=nano.specs -mfpu=fpv4-sp-d16 -mfloat-abi=hard -mthumb -o "Core/Src/main.o"
../Core/Src/main.c: In function 'main':
../Core/Src/main.c:279:28: warning: format '%d' expects argument of type 'int', but argument 4 has type 'uint32_t' {aka 'long unsigned int'} [-Wformat=]
  279 |  sprintf(stringKirim,"%d, %d, %f, %f, %d, %d, %d\n",k,timestamp, AO0_volt, AO1_volt, AI0_bit, AI1_bit, AI2_bit); // stringKirim baru, sesuai nilai adc cpltCallback
      |                           ~^                          ~~~~~~~~~
      |                            |                          |
      |                            int                        uint32_t {aka long unsigned int}
      |                           %ld
../Core/Src/main.c:279:40: warning: format '%d' expects argument of type 'int', but argument 7 has type 'uint32_t' {aka 'long unsigned int'} [-Wformat=]
  279 |  sprintf(stringKirim,"%d, %d, %f, %f, %d, %d, %d\n",k,timestamp, AO0_volt, AO1_volt, AI0_bit, AI1_bit, AI2_bit); // stringKirim baru, sesuai nilai adc cpltCallback
      |                                       ~^                                             ~~~~~~~
      |                                        |                                             |
      |                                        int                                           uint32_t {aka long unsigned int}
      |                                       %ld
../Core/Src/main.c:279:44: warning: format '%d' expects argument of type 'int', but argument 8 has type 'uint32_t' {aka 'long unsigned int'} [-Wformat=]
  279 |  sprintf(stringKirim,"%d, %d, %f, %f, %d, %d, %d\n",k,timestamp, AO0_volt, AO1_volt, AI0_bit, AI1_bit, AI2_bit); // stringKirim baru, sesuai nilai adc cpltCallback
      |                                           ~^                                                  ~~~~~~~
      |                                            |                                                  |
      |                                            int                                                uint32_t {aka long unsigned int}
      |                                           %ld
../Core/Src/main.c:279:48: warning: format '%d' expects argument of type 'int', but argument 9 has type 'uint32_t' {aka 'long unsigned int'} [-Wformat=]
  279 |  sprintf(stringKirim,"%d, %d, %f, %f, %d, %d, %d\n",k,timestamp, AO0_volt, AO1_volt, AI0_bit, AI1_bit, AI2_bit); // stringKirim baru, sesuai nilai adc cpltCallback
      |                                               ~^                                                       ~~~~~~~
      |                                                |                                                       |
      |                                                int                                                     uint32_t {aka long unsigned int}
      |                                               %ld
../Core/Src/main.c:285:28: warning: pointer targets in passing argument 2 of 'HAL_UART_Receive' differ in signedness [-Wpointer-sign]
  285 |  HAL_UART_Receive(&huart4, (char*)Rx_buffer, 50, 500);
      |                            ^~~~~~~~~~~~~~~~
      |                            |
      |                            char *
In file included from ../Core/Inc/stm32f4xx_hal_conf.h:407,
                 from ../Drivers/STM32F4xx_HAL_Driver/Inc/stm32f4xx_hal.h:30,
                 from ../Core/Inc/main.h:30,
                 from ../Core/Src/main.c:20:
../Drivers/STM32F4xx_HAL_Driver/Inc/stm32f4xx_hal_uart.h:724:72: note: expected 'uint8_t *' {aka 'unsigned char *'} but argument is of type 'char *'
  724 | HAL_StatusTypeDef HAL_UART_Receive(UART_HandleTypeDef *huart, uint8_t *pData, uint16_t Size, uint32_t Timeout);
      |                                                               ~~~~~~~~~^~~~~
../Core/Src/main.c:288:32: warning: format '%d' expects argument of type 'int *', but argument 3 has type 'uint32_t *' {aka 'long unsigned int *'} [-Wformat=]
  288 |  sscanf(Rx_buffer_print, "[SP=%d],[KP=%d],[KI=%d]", &SP, &KP, &KI);
      |                               ~^                    ~~~
      |                                |                    |
      |                                int *                uint32_t * {aka long unsigned int *}
      |                               %ld
../Core/Src/main.c:288:40: warning: format '%d' expects argument of type 'int *', but argument 4 has type 'uint32_t *' {aka 'long unsigned int *'} [-Wformat=]
  288 |  sscanf(Rx_buffer_print, "[SP=%d],[KP=%d],[KI=%d]", &SP, &KP, &KI);
      |                                       ~^                 ~~~
      |                                        |                 |
      |                                        int *             uint32_t * {aka long unsigned int *}
      |                                       %ld
../Core/Src/main.c:288:48: warning: format '%d' expects argument of type 'int *', but argument 5 has type 'uint32_t *' {aka 'long unsigned int *'} [-Wformat=]
  288 |  sscanf(Rx_buffer_print, "[SP=%d],[KP=%d],[KI=%d]", &SP, &KP, &KI);
      |                                               ~^              ~~~
      |                                                |              |
      |                                                int *          uint32_t * {aka long unsigned int *}
      |                                               %ld
../Core/Src/main.c: In function 'HAL_ADC_ConvCpltCallback':
../Core/Src/main.c:368:7: warning: suggest parentheses around assignment used as truth value [-Wparentheses]
  368 |    if(awal = 1){
      |       ^~~~
../Core/Src/main.c: At top level:
../Core/Src/main.c:69:6: warning: array 'Rx_buffer_string' assumed to have one element
   69 | char Rx_buffer_string[];
      |      ^~~~~~~~~~~~~~~~
../Core/Src/main.c:70:6: warning: array 'Rx_buffer_status' assumed to have one element
   70 | char Rx_buffer_status[];
      |      ^~~~~~~~~~~~~~~~
../Core/Src/main.c: In function 'main':
../Core/Src/main.c:286:28: warning: '%s' directive writing up to 99 bytes into a region of size 1 [-Wformat-overflow=]
  286 |  sprintf(Rx_buffer_string,"%s",Rx_buffer);
      |                            ^~  ~~~~~~~~~
../Core/Src/main.c:286:2: note: 'sprintf' output between 1 and 100 bytes into a destination of size 1
  286 |  sprintf(Rx_buffer_string,"%s",Rx_buffer);
      |  ^~~~~~~~~~~~~~~~~~~~~~~~~~~~~~~~~~~~~~~~
arm-none-eabi-gcc -o "MultichannelADC.elf" @"objects.list"   -mcpu=cortex-m4 -T"D:\OneDrive - Institut Teknologi Sepuluh Nopember\Tugas Akhir\Coding Faris\STM32\MultichannelADC\STM32F407VGTX_FLASH.ld" --specs=nosys.specs -Wl,-Map="MultichannelADC.map" -Wl,--gc-sections -static --specs=nano.specs -mfpu=fpv4-sp-d16 -mfloat-abi=hard -mthumb -u _printf_float -u _scanf_float -Wl,--start-group -lc -lm -Wl,--end-group
Finished building target: MultichannelADC.elf
 
arm-none-eabi-size   MultichannelADC.elf 
arm-none-eabi-objdump -h -S  MultichannelADC.elf  > "MultichannelADC.list"
arm-none-eabi-objcopy  -O binary  MultichannelADC.elf  "MultichannelADC.bin"
   text	   data	    bss	    dec	    hex	filename
  65108	    596	   3812	  69516	  10f8c	MultichannelADC.elf
Finished building: default.size.stdout
 
Finished building: MultichannelADC.bin
 
Finished building: MultichannelADC.list
 
19:39:25 **** Incremental Build of configuration Debug for project MultichannelADC ****
make -j8 all 
arm-none-eabi-gcc "../Core/Src/main.c" -mcpu=cortex-m4 -std=gnu11 -g3 -DDEBUG -DUSE_HAL_DRIVER -DSTM32F407xx -c -I../Core/Inc -I../Drivers/STM32F4xx_HAL_Driver/Inc -I../Drivers/STM32F4xx_HAL_Driver/Inc/Legacy -I../Drivers/CMSIS/Device/ST/STM32F4xx/Include -I../Drivers/CMSIS/Include -I../FATFS/Target -I../FATFS/App -I../Middlewares/Third_Party/FatFs/src -O0 -ffunction-sections -fdata-sections -Wall -fstack-usage -MMD -MP -MF"Core/Src/main.d" -MT"Core/Src/main.o" --specs=nano.specs -mfpu=fpv4-sp-d16 -mfloat-abi=hard -mthumb -o "Core/Src/main.o"
../Core/Src/main.c: In function 'main':
../Core/Src/main.c:279:28: warning: format '%d' expects argument of type 'int', but argument 4 has type 'uint32_t' {aka 'long unsigned int'} [-Wformat=]
  279 |  sprintf(stringKirim,"%d, %d, %f, %f, %d, %d, %d\n",k,timestamp, AO0_volt, AO1_volt, AI0_bit, AI1_bit, AI2_bit); // stringKirim baru, sesuai nilai adc cpltCallback
      |                           ~^                          ~~~~~~~~~
      |                            |                          |
      |                            int                        uint32_t {aka long unsigned int}
      |                           %ld
../Core/Src/main.c:279:40: warning: format '%d' expects argument of type 'int', but argument 7 has type 'uint32_t' {aka 'long unsigned int'} [-Wformat=]
  279 |  sprintf(stringKirim,"%d, %d, %f, %f, %d, %d, %d\n",k,timestamp, AO0_volt, AO1_volt, AI0_bit, AI1_bit, AI2_bit); // stringKirim baru, sesuai nilai adc cpltCallback
      |                                       ~^                                             ~~~~~~~
      |                                        |                                             |
      |                                        int                                           uint32_t {aka long unsigned int}
      |                                       %ld
../Core/Src/main.c:279:44: warning: format '%d' expects argument of type 'int', but argument 8 has type 'uint32_t' {aka 'long unsigned int'} [-Wformat=]
  279 |  sprintf(stringKirim,"%d, %d, %f, %f, %d, %d, %d\n",k,timestamp, AO0_volt, AO1_volt, AI0_bit, AI1_bit, AI2_bit); // stringKirim baru, sesuai nilai adc cpltCallback
      |                                           ~^                                                  ~~~~~~~
      |                                            |                                                  |
      |                                            int                                                uint32_t {aka long unsigned int}
      |                                           %ld
../Core/Src/main.c:279:48: warning: format '%d' expects argument of type 'int', but argument 9 has type 'uint32_t' {aka 'long unsigned int'} [-Wformat=]
  279 |  sprintf(stringKirim,"%d, %d, %f, %f, %d, %d, %d\n",k,timestamp, AO0_volt, AO1_volt, AI0_bit, AI1_bit, AI2_bit); // stringKirim baru, sesuai nilai adc cpltCallback
      |                                               ~^                                                       ~~~~~~~
      |                                                |                                                       |
      |                                                int                                                     uint32_t {aka long unsigned int}
      |                                               %ld
../Core/Src/main.c:285:28: warning: pointer targets in passing argument 2 of 'HAL_UART_Receive' differ in signedness [-Wpointer-sign]
  285 |  HAL_UART_Receive(&huart4, (char*)Rx_buffer, 50, 500);
      |                            ^~~~~~~~~~~~~~~~
      |                            |
      |                            char *
In file included from ../Core/Inc/stm32f4xx_hal_conf.h:407,
                 from ../Drivers/STM32F4xx_HAL_Driver/Inc/stm32f4xx_hal.h:30,
                 from ../Core/Inc/main.h:30,
                 from ../Core/Src/main.c:20:
../Drivers/STM32F4xx_HAL_Driver/Inc/stm32f4xx_hal_uart.h:724:72: note: expected 'uint8_t *' {aka 'unsigned char *'} but argument is of type 'char *'
  724 | HAL_StatusTypeDef HAL_UART_Receive(UART_HandleTypeDef *huart, uint8_t *pData, uint16_t Size, uint32_t Timeout);
      |                                                               ~~~~~~~~~^~~~~
../Core/Src/main.c:288:32: warning: format '%d' expects argument of type 'int *', but argument 3 has type 'uint32_t *' {aka 'long unsigned int *'} [-Wformat=]
  288 |  sscanf(Rx_buffer_print, "[SP=%d],[KP=%d],[KI=%d]", &SP, &KP, &KI);
      |                               ~^                    ~~~
      |                                |                    |
      |                                int *                uint32_t * {aka long unsigned int *}
      |                               %ld
../Core/Src/main.c:288:40: warning: format '%d' expects argument of type 'int *', but argument 4 has type 'uint32_t *' {aka 'long unsigned int *'} [-Wformat=]
  288 |  sscanf(Rx_buffer_print, "[SP=%d],[KP=%d],[KI=%d]", &SP, &KP, &KI);
      |                                       ~^                 ~~~
      |                                        |                 |
      |                                        int *             uint32_t * {aka long unsigned int *}
      |                                       %ld
../Core/Src/main.c:288:48: warning: format '%d' expects argument of type 'int *', but argument 5 has type 'uint32_t *' {aka 'long unsigned int *'} [-Wformat=]
  288 |  sscanf(Rx_buffer_print, "[SP=%d],[KP=%d],[KI=%d]", &SP, &KP, &KI);
      |                                               ~^              ~~~
      |                                                |              |
      |                                                int *          uint32_t * {aka long unsigned int *}
      |                                               %ld
../Core/Src/main.c: In function 'HAL_ADC_ConvCpltCallback':
../Core/Src/main.c:368:7: warning: suggest parentheses around assignment used as truth value [-Wparentheses]
  368 |    if(awal = 1){
      |       ^~~~
../Core/Src/main.c: At top level:
../Core/Src/main.c:69:6: warning: array 'Rx_buffer_string' assumed to have one element
   69 | char Rx_buffer_string[];
      |      ^~~~~~~~~~~~~~~~
../Core/Src/main.c:70:6: warning: array 'Rx_buffer_status' assumed to have one element
   70 | char Rx_buffer_status[];
      |      ^~~~~~~~~~~~~~~~
../Core/Src/main.c: In function 'main':
../Core/Src/main.c:286:28: warning: '%s' directive writing up to 99 bytes into a region of size 1 [-Wformat-overflow=]
  286 |  sprintf(Rx_buffer_string,"%s",Rx_buffer);
      |                            ^~  ~~~~~~~~~
../Core/Src/main.c:286:2: note: 'sprintf' output between 1 and 100 bytes into a destination of size 1
  286 |  sprintf(Rx_buffer_string,"%s",Rx_buffer);
      |  ^~~~~~~~~~~~~~~~~~~~~~~~~~~~~~~~~~~~~~~~
arm-none-eabi-gcc -o "MultichannelADC.elf" @"objects.list"   -mcpu=cortex-m4 -T"D:\OneDrive - Institut Teknologi Sepuluh Nopember\Tugas Akhir\Coding Faris\STM32\MultichannelADC\STM32F407VGTX_FLASH.ld" --specs=nosys.specs -Wl,-Map="MultichannelADC.map" -Wl,--gc-sections -static --specs=nano.specs -mfpu=fpv4-sp-d16 -mfloat-abi=hard -mthumb -u _printf_float -u _scanf_float -Wl,--start-group -lc -lm -Wl,--end-group
Finished building target: MultichannelADC.elf
 
arm-none-eabi-size   MultichannelADC.elf 
arm-none-eabi-objdump -h -S  MultichannelADC.elf  > "MultichannelADC.list"
arm-none-eabi-objcopy  -O binary  MultichannelADC.elf  "MultichannelADC.bin"
   text	   data	    bss	    dec	    hex	filename
  65108	    596	   3812	  69516	  10f8c	MultichannelADC.elf
Finished building: default.size.stdout
 
Finished building: MultichannelADC.bin
 
Finished building: MultichannelADC.list
 
19:41:04 **** Incremental Build of configuration Debug for project MultichannelADC ****
make -j8 all 
arm-none-eabi-size   MultichannelADC.elf 
   text	   data	    bss	    dec	    hex	filename
  65108	    596	   3812	  69516	  10f8c	MultichannelADC.elf
Finished building: default.size.stdout
 
19:42:10 **** Incremental Build of configuration Debug for project MultichannelADC ****
make -j8 all 
arm-none-eabi-size   MultichannelADC.elf 
   text	   data	    bss	    dec	    hex	filename
  65108	    596	   3812	  69516	  10f8c	MultichannelADC.elf
Finished building: default.size.stdout
 
19:43:51 **** Incremental Build of configuration Debug for project MultichannelADC ****
make -j8 all 
arm-none-eabi-size   MultichannelADC.elf 
   text	   data	    bss	    dec	    hex	filename
  65108	    596	   3812	  69516	  10f8c	MultichannelADC.elf
Finished building: default.size.stdout
 
19:44:25 **** Incremental Build of configuration Debug for project MultichannelADC ****
make -j8 all 
arm-none-eabi-size   MultichannelADC.elf 
   text	   data	    bss	    dec	    hex	filename
  65108	    596	   3812	  69516	  10f8c	MultichannelADC.elf
Finished building: default.size.stdout
 
19:49:58 **** Incremental Build of configuration Debug for project MultichannelADC ****
make -j8 all 
arm-none-eabi-size   MultichannelADC.elf 
   text	   data	    bss	    dec	    hex	filename
  65108	    596	   3812	  69516	  10f8c	MultichannelADC.elf
Finished building: default.size.stdout
 
19:54:07 **** Incremental Build of configuration Debug for project MultichannelADC ****
make -j8 all 
arm-none-eabi-size   MultichannelADC.elf 
   text	   data	    bss	    dec	    hex	filename
  65108	    596	   3812	  69516	  10f8c	MultichannelADC.elf
Finished building: default.size.stdout
 
19:59:40 **** Incremental Build of configuration Debug for project MultichannelADC ****
make -j8 all 
arm-none-eabi-size   MultichannelADC.elf 
   text	   data	    bss	    dec	    hex	filename
  65108	    596	   3812	  69516	  10f8c	MultichannelADC.elf
Finished building: default.size.stdout
 
20:01:25 **** Incremental Build of configuration Debug for project MultichannelADC ****
make -j8 all 
arm-none-eabi-size   MultichannelADC.elf 
   text	   data	    bss	    dec	    hex	filename
  65108	    596	   3812	  69516	  10f8c	MultichannelADC.elf
Finished building: default.size.stdout
 
20:01:49 **** Incremental Build of configuration Debug for project MultichannelADC ****
make -j8 all 
arm-none-eabi-size   MultichannelADC.elf 
   text	   data	    bss	    dec	    hex	filename
  65108	    596	   3812	  69516	  10f8c	MultichannelADC.elf
Finished building: default.size.stdout
 
20:04:58 **** Incremental Build of configuration Debug for project MultichannelADC ****
make -j8 all 
arm-none-eabi-size   MultichannelADC.elf 
   text	   data	    bss	    dec	    hex	filename
  65108	    596	   3812	  69516	  10f8c	MultichannelADC.elf
Finished building: default.size.stdout
 
20:14:33 **** Incremental Build of configuration Debug for project MultichannelADC ****
make -j8 all 
arm-none-eabi-size   MultichannelADC.elf 
   text	   data	    bss	    dec	    hex	filename
  65108	    596	   3812	  69516	  10f8c	MultichannelADC.elf
Finished building: default.size.stdout
 
20:26:37 **** Incremental Build of configuration Debug for project MultichannelADC ****
make -j8 all 
arm-none-eabi-gcc "../Core/Src/main.c" -mcpu=cortex-m4 -std=gnu11 -g3 -DDEBUG -DUSE_HAL_DRIVER -DSTM32F407xx -c -I../Core/Inc -I../Drivers/STM32F4xx_HAL_Driver/Inc -I../Drivers/STM32F4xx_HAL_Driver/Inc/Legacy -I../Drivers/CMSIS/Device/ST/STM32F4xx/Include -I../Drivers/CMSIS/Include -I../FATFS/Target -I../FATFS/App -I../Middlewares/Third_Party/FatFs/src -O0 -ffunction-sections -fdata-sections -Wall -fstack-usage -MMD -MP -MF"Core/Src/main.d" -MT"Core/Src/main.o" --specs=nano.specs -mfpu=fpv4-sp-d16 -mfloat-abi=hard -mthumb -o "Core/Src/main.o"
../Core/Src/main.c: In function 'main':
../Core/Src/main.c:279:28: warning: format '%d' expects argument of type 'int', but argument 4 has type 'uint32_t' {aka 'long unsigned int'} [-Wformat=]
  279 |  sprintf(stringKirim,"%d, %d, %f, %f, %d, %d, %d\n",k,timestamp, AO0_volt, AO1_volt, AI0_bit, AI1_bit, AI2_bit); // stringKirim baru, sesuai nilai adc cpltCallback
      |                           ~^                          ~~~~~~~~~
      |                            |                          |
      |                            int                        uint32_t {aka long unsigned int}
      |                           %ld
../Core/Src/main.c:279:40: warning: format '%d' expects argument of type 'int', but argument 7 has type 'uint32_t' {aka 'long unsigned int'} [-Wformat=]
  279 |  sprintf(stringKirim,"%d, %d, %f, %f, %d, %d, %d\n",k,timestamp, AO0_volt, AO1_volt, AI0_bit, AI1_bit, AI2_bit); // stringKirim baru, sesuai nilai adc cpltCallback
      |                                       ~^                                             ~~~~~~~
      |                                        |                                             |
      |                                        int                                           uint32_t {aka long unsigned int}
      |                                       %ld
../Core/Src/main.c:279:44: warning: format '%d' expects argument of type 'int', but argument 8 has type 'uint32_t' {aka 'long unsigned int'} [-Wformat=]
  279 |  sprintf(stringKirim,"%d, %d, %f, %f, %d, %d, %d\n",k,timestamp, AO0_volt, AO1_volt, AI0_bit, AI1_bit, AI2_bit); // stringKirim baru, sesuai nilai adc cpltCallback
      |                                           ~^                                                  ~~~~~~~
      |                                            |                                                  |
      |                                            int                                                uint32_t {aka long unsigned int}
      |                                           %ld
../Core/Src/main.c:279:48: warning: format '%d' expects argument of type 'int', but argument 9 has type 'uint32_t' {aka 'long unsigned int'} [-Wformat=]
  279 |  sprintf(stringKirim,"%d, %d, %f, %f, %d, %d, %d\n",k,timestamp, AO0_volt, AO1_volt, AI0_bit, AI1_bit, AI2_bit); // stringKirim baru, sesuai nilai adc cpltCallback
      |                                               ~^                                                       ~~~~~~~
      |                                                |                                                       |
      |                                                int                                                     uint32_t {aka long unsigned int}
      |                                               %ld
../Core/Src/main.c:285:28: warning: pointer targets in passing argument 2 of 'HAL_UART_Receive' differ in signedness [-Wpointer-sign]
  285 |  HAL_UART_Receive(&huart4, (char*)Rx_buffer, 50, 500);
      |                            ^~~~~~~~~~~~~~~~
      |                            |
      |                            char *
In file included from ../Core/Inc/stm32f4xx_hal_conf.h:407,
                 from ../Drivers/STM32F4xx_HAL_Driver/Inc/stm32f4xx_hal.h:30,
                 from ../Core/Inc/main.h:30,
                 from ../Core/Src/main.c:20:
../Drivers/STM32F4xx_HAL_Driver/Inc/stm32f4xx_hal_uart.h:724:72: note: expected 'uint8_t *' {aka 'unsigned char *'} but argument is of type 'char *'
  724 | HAL_StatusTypeDef HAL_UART_Receive(UART_HandleTypeDef *huart, uint8_t *pData, uint16_t Size, uint32_t Timeout);
      |                                                               ~~~~~~~~~^~~~~
../Core/Src/main.c:288:32: warning: format '%d' expects argument of type 'int *', but argument 3 has type 'uint32_t *' {aka 'long unsigned int *'} [-Wformat=]
  288 |  sscanf(Rx_buffer_print, "[SP=%d],[KP=%d],[KI=%d]", &SP, &KP, &KI);
      |                               ~^                    ~~~
      |                                |                    |
      |                                int *                uint32_t * {aka long unsigned int *}
      |                               %ld
../Core/Src/main.c:288:40: warning: format '%d' expects argument of type 'int *', but argument 4 has type 'uint32_t *' {aka 'long unsigned int *'} [-Wformat=]
  288 |  sscanf(Rx_buffer_print, "[SP=%d],[KP=%d],[KI=%d]", &SP, &KP, &KI);
      |                                       ~^                 ~~~
      |                                        |                 |
      |                                        int *             uint32_t * {aka long unsigned int *}
      |                                       %ld
../Core/Src/main.c:288:48: warning: format '%d' expects argument of type 'int *', but argument 5 has type 'uint32_t *' {aka 'long unsigned int *'} [-Wformat=]
  288 |  sscanf(Rx_buffer_print, "[SP=%d],[KP=%d],[KI=%d]", &SP, &KP, &KI);
      |                                               ~^              ~~~
      |                                                |              |
      |                                                int *          uint32_t * {aka long unsigned int *}
      |                                               %ld
../Core/Src/main.c: In function 'HAL_ADC_ConvCpltCallback':
../Core/Src/main.c:368:7: warning: suggest parentheses around assignment used as truth value [-Wparentheses]
  368 |    if(awal = 1){
      |       ^~~~
../Core/Src/main.c: At top level:
../Core/Src/main.c:69:6: warning: array 'Rx_buffer_string' assumed to have one element
   69 | char Rx_buffer_string[];
      |      ^~~~~~~~~~~~~~~~
../Core/Src/main.c:70:6: warning: array 'Rx_buffer_status' assumed to have one element
   70 | char Rx_buffer_status[];
      |      ^~~~~~~~~~~~~~~~
../Core/Src/main.c: In function 'main':
../Core/Src/main.c:286:28: warning: '%s' directive writing up to 99 bytes into a region of size 1 [-Wformat-overflow=]
  286 |  sprintf(Rx_buffer_string,"%s",Rx_buffer);
      |                            ^~  ~~~~~~~~~
../Core/Src/main.c:286:2: note: 'sprintf' output between 1 and 100 bytes into a destination of size 1
  286 |  sprintf(Rx_buffer_string,"%s",Rx_buffer);
      |  ^~~~~~~~~~~~~~~~~~~~~~~~~~~~~~~~~~~~~~~~
arm-none-eabi-gcc -o "MultichannelADC.elf" @"objects.list"   -mcpu=cortex-m4 -T"D:\OneDrive - Institut Teknologi Sepuluh Nopember\Tugas Akhir\Coding Faris\STM32\MultichannelADC\STM32F407VGTX_FLASH.ld" --specs=nosys.specs -Wl,-Map="MultichannelADC.map" -Wl,--gc-sections -static --specs=nano.specs -mfpu=fpv4-sp-d16 -mfloat-abi=hard -mthumb -u _printf_float -u _scanf_float -Wl,--start-group -lc -lm -Wl,--end-group
Finished building target: MultichannelADC.elf
 
arm-none-eabi-size   MultichannelADC.elf 
arm-none-eabi-objdump -h -S  MultichannelADC.elf  > "MultichannelADC.list"
arm-none-eabi-objcopy  -O binary  MultichannelADC.elf  "MultichannelADC.bin"
   text	   data	    bss	    dec	    hex	filename
  65108	    596	   3812	  69516	  10f8c	MultichannelADC.elf
Finished building: default.size.stdout
 
Finished building: MultichannelADC.bin
 
Finished building: MultichannelADC.list
 
12:05:24 **** Incremental Build of configuration Debug for project MultichannelADC ****
make -j8 all 
arm-none-eabi-size   MultichannelADC.elf 
   text	   data	    bss	    dec	    hex	filename
  65108	    596	   3812	  69516	  10f8c	MultichannelADC.elf
Finished building: default.size.stdout
 
12:11:57 **** Build of configuration Debug for project MultichannelADC ****
make -j8 all 
arm-none-eabi-size   MultichannelADC.elf 
   text	   data	    bss	    dec	    hex	filename
  65108	    596	   3812	  69516	  10f8c	MultichannelADC.elf
Finished building: default.size.stdout
 
12:54:50 **** Incremental Build of configuration Debug for project MultichannelADC ****
make -j8 all 
arm-none-eabi-gcc "../Core/Src/main.c" -mcpu=cortex-m4 -std=gnu11 -g3 -DDEBUG -DUSE_HAL_DRIVER -DSTM32F407xx -c -I../Core/Inc -I../Drivers/STM32F4xx_HAL_Driver/Inc -I../Drivers/STM32F4xx_HAL_Driver/Inc/Legacy -I../Drivers/CMSIS/Device/ST/STM32F4xx/Include -I../Drivers/CMSIS/Include -I../FATFS/Target -I../FATFS/App -I../Middlewares/Third_Party/FatFs/src -O0 -ffunction-sections -fdata-sections -Wall -fstack-usage -MMD -MP -MF"Core/Src/main.d" -MT"Core/Src/main.o" --specs=nano.specs -mfpu=fpv4-sp-d16 -mfloat-abi=hard -mthumb -o "Core/Src/main.o"
../Core/Src/main.c: In function 'main':
../Core/Src/main.c:279:28: warning: format '%d' expects argument of type 'int', but argument 4 has type 'uint32_t' {aka 'long unsigned int'} [-Wformat=]
  279 |  sprintf(stringKirim,"%d, %d, %f, %f, %d, %d, %d\n",k,timestamp, AO0_volt, AO1_volt, AI0_bit, AI1_bit, AI2_bit); // stringKirim baru, sesuai nilai adc cpltCallback
      |                           ~^                          ~~~~~~~~~
      |                            |                          |
      |                            int                        uint32_t {aka long unsigned int}
      |                           %ld
../Core/Src/main.c:279:40: warning: format '%d' expects argument of type 'int', but argument 7 has type 'uint32_t' {aka 'long unsigned int'} [-Wformat=]
  279 |  sprintf(stringKirim,"%d, %d, %f, %f, %d, %d, %d\n",k,timestamp, AO0_volt, AO1_volt, AI0_bit, AI1_bit, AI2_bit); // stringKirim baru, sesuai nilai adc cpltCallback
      |                                       ~^                                             ~~~~~~~
      |                                        |                                             |
      |                                        int                                           uint32_t {aka long unsigned int}
      |                                       %ld
../Core/Src/main.c:279:44: warning: format '%d' expects argument of type 'int', but argument 8 has type 'uint32_t' {aka 'long unsigned int'} [-Wformat=]
  279 |  sprintf(stringKirim,"%d, %d, %f, %f, %d, %d, %d\n",k,timestamp, AO0_volt, AO1_volt, AI0_bit, AI1_bit, AI2_bit); // stringKirim baru, sesuai nilai adc cpltCallback
      |                                           ~^                                                  ~~~~~~~
      |                                            |                                                  |
      |                                            int                                                uint32_t {aka long unsigned int}
      |                                           %ld
../Core/Src/main.c:279:48: warning: format '%d' expects argument of type 'int', but argument 9 has type 'uint32_t' {aka 'long unsigned int'} [-Wformat=]
  279 |  sprintf(stringKirim,"%d, %d, %f, %f, %d, %d, %d\n",k,timestamp, AO0_volt, AO1_volt, AI0_bit, AI1_bit, AI2_bit); // stringKirim baru, sesuai nilai adc cpltCallback
      |                                               ~^                                                       ~~~~~~~
      |                                                |                                                       |
      |                                                int                                                     uint32_t {aka long unsigned int}
      |                                               %ld
../Core/Src/main.c:285:28: warning: pointer targets in passing argument 2 of 'HAL_UART_Receive' differ in signedness [-Wpointer-sign]
  285 |  HAL_UART_Receive(&huart4, (char*)Rx_buffer, 50, 500);
      |                            ^~~~~~~~~~~~~~~~
      |                            |
      |                            char *
In file included from ../Core/Inc/stm32f4xx_hal_conf.h:407,
                 from ../Drivers/STM32F4xx_HAL_Driver/Inc/stm32f4xx_hal.h:30,
                 from ../Core/Inc/main.h:30,
                 from ../Core/Src/main.c:20:
../Drivers/STM32F4xx_HAL_Driver/Inc/stm32f4xx_hal_uart.h:724:72: note: expected 'uint8_t *' {aka 'unsigned char *'} but argument is of type 'char *'
  724 | HAL_StatusTypeDef HAL_UART_Receive(UART_HandleTypeDef *huart, uint8_t *pData, uint16_t Size, uint32_t Timeout);
      |                                                               ~~~~~~~~~^~~~~
../Core/Src/main.c:288:32: warning: format '%d' expects argument of type 'int *', but argument 3 has type 'uint32_t *' {aka 'long unsigned int *'} [-Wformat=]
  288 |  sscanf(Rx_buffer_print, "[SP=%d],[KP=%d],[KI=%d]", &SP, &KP, &KI);
      |                               ~^                    ~~~
      |                                |                    |
      |                                int *                uint32_t * {aka long unsigned int *}
      |                               %ld
../Core/Src/main.c:288:40: warning: format '%d' expects argument of type 'int *', but argument 4 has type 'uint32_t *' {aka 'long unsigned int *'} [-Wformat=]
  288 |  sscanf(Rx_buffer_print, "[SP=%d],[KP=%d],[KI=%d]", &SP, &KP, &KI);
      |                                       ~^                 ~~~
      |                                        |                 |
      |                                        int *             uint32_t * {aka long unsigned int *}
      |                                       %ld
../Core/Src/main.c:288:48: warning: format '%d' expects argument of type 'int *', but argument 5 has type 'uint32_t *' {aka 'long unsigned int *'} [-Wformat=]
  288 |  sscanf(Rx_buffer_print, "[SP=%d],[KP=%d],[KI=%d]", &SP, &KP, &KI);
      |                                               ~^              ~~~
      |                                                |              |
      |                                                int *          uint32_t * {aka long unsigned int *}
      |                                               %ld
../Core/Src/main.c: In function 'HAL_ADC_ConvCpltCallback':
../Core/Src/main.c:368:7: warning: suggest parentheses around assignment used as truth value [-Wparentheses]
  368 |    if(awal = 1){
      |       ^~~~
../Core/Src/main.c: At top level:
../Core/Src/main.c:69:6: warning: array 'Rx_buffer_string' assumed to have one element
   69 | char Rx_buffer_string[];
      |      ^~~~~~~~~~~~~~~~
../Core/Src/main.c:70:6: warning: array 'Rx_buffer_status' assumed to have one element
   70 | char Rx_buffer_status[];
      |      ^~~~~~~~~~~~~~~~
../Core/Src/main.c: In function 'main':
../Core/Src/main.c:286:28: warning: '%s' directive writing up to 99 bytes into a region of size 1 [-Wformat-overflow=]
  286 |  sprintf(Rx_buffer_string,"%s",Rx_buffer);
      |                            ^~  ~~~~~~~~~
../Core/Src/main.c:286:2: note: 'sprintf' output between 1 and 100 bytes into a destination of size 1
  286 |  sprintf(Rx_buffer_string,"%s",Rx_buffer);
      |  ^~~~~~~~~~~~~~~~~~~~~~~~~~~~~~~~~~~~~~~~
arm-none-eabi-gcc -o "MultichannelADC.elf" @"objects.list"   -mcpu=cortex-m4 -T"D:\OneDrive - Institut Teknologi Sepuluh Nopember\Tugas Akhir\Coding Faris\STM32\MultichannelADC\STM32F407VGTX_FLASH.ld" --specs=nosys.specs -Wl,-Map="MultichannelADC.map" -Wl,--gc-sections -static --specs=nano.specs -mfpu=fpv4-sp-d16 -mfloat-abi=hard -mthumb -u _printf_float -u _scanf_float -Wl,--start-group -lc -lm -Wl,--end-group
Finished building target: MultichannelADC.elf
 
arm-none-eabi-size   MultichannelADC.elf 
arm-none-eabi-objdump -h -S  MultichannelADC.elf  > "MultichannelADC.list"
arm-none-eabi-objcopy  -O binary  MultichannelADC.elf  "MultichannelADC.bin"
   text	   data	    bss	    dec	    hex	filename
  65108	    596	   3812	  69516	  10f8c	MultichannelADC.elf
Finished building: default.size.stdout
 
Finished building: MultichannelADC.bin
 
Finished building: MultichannelADC.list
 
12:56:54 **** Incremental Build of configuration Debug for project MultichannelADC ****
make -j8 all 
arm-none-eabi-size   MultichannelADC.elf 
   text	   data	    bss	    dec	    hex	filename
  65108	    596	   3812	  69516	  10f8c	MultichannelADC.elf
Finished building: default.size.stdout
 
12:58:53 **** Incremental Build of configuration Debug for project MultichannelADC ****
make -j8 all 
arm-none-eabi-gcc "../Core/Src/main.c" -mcpu=cortex-m4 -std=gnu11 -g3 -DDEBUG -DUSE_HAL_DRIVER -DSTM32F407xx -c -I../Core/Inc -I../Drivers/STM32F4xx_HAL_Driver/Inc -I../Drivers/STM32F4xx_HAL_Driver/Inc/Legacy -I../Drivers/CMSIS/Device/ST/STM32F4xx/Include -I../Drivers/CMSIS/Include -I../FATFS/Target -I../FATFS/App -I../Middlewares/Third_Party/FatFs/src -O0 -ffunction-sections -fdata-sections -Wall -fstack-usage -MMD -MP -MF"Core/Src/main.d" -MT"Core/Src/main.o" --specs=nano.specs -mfpu=fpv4-sp-d16 -mfloat-abi=hard -mthumb -o "Core/Src/main.o"
../Core/Src/main.c: In function 'main':
../Core/Src/main.c:279:28: warning: format '%d' expects argument of type 'int', but argument 4 has type 'uint32_t' {aka 'long unsigned int'} [-Wformat=]
  279 |  sprintf(stringKirim,"%d, %d, %f, %f, %d, %d, %d\n",k,timestamp, AO0_volt, AO1_volt, AI0_bit, AI1_bit, AI2_bit); // stringKirim baru, sesuai nilai adc cpltCallback
      |                           ~^                          ~~~~~~~~~
      |                            |                          |
      |                            int                        uint32_t {aka long unsigned int}
      |                           %ld
../Core/Src/main.c:279:40: warning: format '%d' expects argument of type 'int', but argument 7 has type 'uint32_t' {aka 'long unsigned int'} [-Wformat=]
  279 |  sprintf(stringKirim,"%d, %d, %f, %f, %d, %d, %d\n",k,timestamp, AO0_volt, AO1_volt, AI0_bit, AI1_bit, AI2_bit); // stringKirim baru, sesuai nilai adc cpltCallback
      |                                       ~^                                             ~~~~~~~
      |                                        |                                             |
      |                                        int                                           uint32_t {aka long unsigned int}
      |                                       %ld
../Core/Src/main.c:279:44: warning: format '%d' expects argument of type 'int', but argument 8 has type 'uint32_t' {aka 'long unsigned int'} [-Wformat=]
  279 |  sprintf(stringKirim,"%d, %d, %f, %f, %d, %d, %d\n",k,timestamp, AO0_volt, AO1_volt, AI0_bit, AI1_bit, AI2_bit); // stringKirim baru, sesuai nilai adc cpltCallback
      |                                           ~^                                                  ~~~~~~~
      |                                            |                                                  |
      |                                            int                                                uint32_t {aka long unsigned int}
      |                                           %ld
../Core/Src/main.c:279:48: warning: format '%d' expects argument of type 'int', but argument 9 has type 'uint32_t' {aka 'long unsigned int'} [-Wformat=]
  279 |  sprintf(stringKirim,"%d, %d, %f, %f, %d, %d, %d\n",k,timestamp, AO0_volt, AO1_volt, AI0_bit, AI1_bit, AI2_bit); // stringKirim baru, sesuai nilai adc cpltCallback
      |                                               ~^                                                       ~~~~~~~
      |                                                |                                                       |
      |                                                int                                                     uint32_t {aka long unsigned int}
      |                                               %ld
../Core/Src/main.c:285:28: warning: pointer targets in passing argument 2 of 'HAL_UART_Receive' differ in signedness [-Wpointer-sign]
  285 |  HAL_UART_Receive(&huart4, (char*)Rx_buffer, 50, 500);
      |                            ^~~~~~~~~~~~~~~~
      |                            |
      |                            char *
In file included from ../Core/Inc/stm32f4xx_hal_conf.h:407,
                 from ../Drivers/STM32F4xx_HAL_Driver/Inc/stm32f4xx_hal.h:30,
                 from ../Core/Inc/main.h:30,
                 from ../Core/Src/main.c:20:
../Drivers/STM32F4xx_HAL_Driver/Inc/stm32f4xx_hal_uart.h:724:72: note: expected 'uint8_t *' {aka 'unsigned char *'} but argument is of type 'char *'
  724 | HAL_StatusTypeDef HAL_UART_Receive(UART_HandleTypeDef *huart, uint8_t *pData, uint16_t Size, uint32_t Timeout);
      |                                                               ~~~~~~~~~^~~~~
../Core/Src/main.c:288:32: warning: format '%d' expects argument of type 'int *', but argument 3 has type 'uint32_t *' {aka 'long unsigned int *'} [-Wformat=]
  288 |  sscanf(Rx_buffer_print, "[SP=%d],[KP=%d],[KI=%d]", &SP, &KP, &KI);
      |                               ~^                    ~~~
      |                                |                    |
      |                                int *                uint32_t * {aka long unsigned int *}
      |                               %ld
../Core/Src/main.c:288:40: warning: format '%d' expects argument of type 'int *', but argument 4 has type 'uint32_t *' {aka 'long unsigned int *'} [-Wformat=]
  288 |  sscanf(Rx_buffer_print, "[SP=%d],[KP=%d],[KI=%d]", &SP, &KP, &KI);
      |                                       ~^                 ~~~
      |                                        |                 |
      |                                        int *             uint32_t * {aka long unsigned int *}
      |                                       %ld
../Core/Src/main.c:288:48: warning: format '%d' expects argument of type 'int *', but argument 5 has type 'uint32_t *' {aka 'long unsigned int *'} [-Wformat=]
  288 |  sscanf(Rx_buffer_print, "[SP=%d],[KP=%d],[KI=%d]", &SP, &KP, &KI);
      |                                               ~^              ~~~
      |                                                |              |
      |                                                int *          uint32_t * {aka long unsigned int *}
      |                                               %ld
../Core/Src/main.c: In function 'HAL_ADC_ConvCpltCallback':
../Core/Src/main.c:368:7: warning: suggest parentheses around assignment used as truth value [-Wparentheses]
  368 |    if(awal = 1){
      |       ^~~~
../Core/Src/main.c: At top level:
../Core/Src/main.c:69:6: warning: array 'Rx_buffer_string' assumed to have one element
   69 | char Rx_buffer_string[];
      |      ^~~~~~~~~~~~~~~~
../Core/Src/main.c:70:6: warning: array 'Rx_buffer_status' assumed to have one element
   70 | char Rx_buffer_status[];
      |      ^~~~~~~~~~~~~~~~
../Core/Src/main.c: In function 'main':
../Core/Src/main.c:286:28: warning: '%s' directive writing up to 99 bytes into a region of size 1 [-Wformat-overflow=]
  286 |  sprintf(Rx_buffer_string,"%s",Rx_buffer);
      |                            ^~  ~~~~~~~~~
../Core/Src/main.c:286:2: note: 'sprintf' output between 1 and 100 bytes into a destination of size 1
  286 |  sprintf(Rx_buffer_string,"%s",Rx_buffer);
      |  ^~~~~~~~~~~~~~~~~~~~~~~~~~~~~~~~~~~~~~~~
arm-none-eabi-gcc -o "MultichannelADC.elf" @"objects.list"   -mcpu=cortex-m4 -T"D:\OneDrive - Institut Teknologi Sepuluh Nopember\Tugas Akhir\Coding Faris\STM32\MultichannelADC\STM32F407VGTX_FLASH.ld" --specs=nosys.specs -Wl,-Map="MultichannelADC.map" -Wl,--gc-sections -static --specs=nano.specs -mfpu=fpv4-sp-d16 -mfloat-abi=hard -mthumb -u _printf_float -u _scanf_float -Wl,--start-group -lc -lm -Wl,--end-group
Finished building target: MultichannelADC.elf
 
arm-none-eabi-size   MultichannelADC.elf 
arm-none-eabi-objdump -h -S  MultichannelADC.elf  > "MultichannelADC.list"
arm-none-eabi-objcopy  -O binary  MultichannelADC.elf  "MultichannelADC.bin"
   text	   data	    bss	    dec	    hex	filename
  65108	    596	   3812	  69516	  10f8c	MultichannelADC.elf
Finished building: default.size.stdout
 
Finished building: MultichannelADC.bin
 
Finished building: MultichannelADC.list
 
13:01:04 **** Incremental Build of configuration Debug for project MultichannelADC ****
make -j8 all 
arm-none-eabi-size   MultichannelADC.elf 
   text	   data	    bss	    dec	    hex	filename
  65108	    596	   3812	  69516	  10f8c	MultichannelADC.elf
Finished building: default.size.stdout
 
13:26:11 **** Incremental Build of configuration Debug for project MultichannelADC ****
make -j8 all 
arm-none-eabi-size   MultichannelADC.elf 
   text	   data	    bss	    dec	    hex	filename
  65108	    596	   3812	  69516	  10f8c	MultichannelADC.elf
Finished building: default.size.stdout
 
16:37:25 **** Incremental Build of configuration Debug for project MultichannelADC ****
make -j8 all 
arm-none-eabi-gcc "../Core/Src/main.c" -mcpu=cortex-m4 -std=gnu11 -g3 -DDEBUG -DUSE_HAL_DRIVER -DSTM32F407xx -c -I../Core/Inc -I../Drivers/STM32F4xx_HAL_Driver/Inc -I../Drivers/STM32F4xx_HAL_Driver/Inc/Legacy -I../Drivers/CMSIS/Device/ST/STM32F4xx/Include -I../Drivers/CMSIS/Include -I../FATFS/Target -I../FATFS/App -I../Middlewares/Third_Party/FatFs/src -O0 -ffunction-sections -fdata-sections -Wall -fstack-usage -MMD -MP -MF"Core/Src/main.d" -MT"Core/Src/main.o" --specs=nano.specs -mfpu=fpv4-sp-d16 -mfloat-abi=hard -mthumb -o "Core/Src/main.o"
../Core/Src/main.c: In function 'main':
../Core/Src/main.c:279:28: warning: format '%d' expects argument of type 'int', but argument 4 has type 'uint32_t' {aka 'long unsigned int'} [-Wformat=]
  279 |  sprintf(stringKirim,"%d, %d, %f, %f, %d, %d, %d\n",k,timestamp, AO0_volt, AO1_volt, AI0_bit, AI1_bit, AI2_bit); // stringKirim baru, sesuai nilai adc cpltCallback
      |                           ~^                          ~~~~~~~~~
      |                            |                          |
      |                            int                        uint32_t {aka long unsigned int}
      |                           %ld
../Core/Src/main.c:279:40: warning: format '%d' expects argument of type 'int', but argument 7 has type 'uint32_t' {aka 'long unsigned int'} [-Wformat=]
  279 |  sprintf(stringKirim,"%d, %d, %f, %f, %d, %d, %d\n",k,timestamp, AO0_volt, AO1_volt, AI0_bit, AI1_bit, AI2_bit); // stringKirim baru, sesuai nilai adc cpltCallback
      |                                       ~^                                             ~~~~~~~
      |                                        |                                             |
      |                                        int                                           uint32_t {aka long unsigned int}
      |                                       %ld
../Core/Src/main.c:279:44: warning: format '%d' expects argument of type 'int', but argument 8 has type 'uint32_t' {aka 'long unsigned int'} [-Wformat=]
  279 |  sprintf(stringKirim,"%d, %d, %f, %f, %d, %d, %d\n",k,timestamp, AO0_volt, AO1_volt, AI0_bit, AI1_bit, AI2_bit); // stringKirim baru, sesuai nilai adc cpltCallback
      |                                           ~^                                                  ~~~~~~~
      |                                            |                                                  |
      |                                            int                                                uint32_t {aka long unsigned int}
      |                                           %ld
../Core/Src/main.c:279:48: warning: format '%d' expects argument of type 'int', but argument 9 has type 'uint32_t' {aka 'long unsigned int'} [-Wformat=]
  279 |  sprintf(stringKirim,"%d, %d, %f, %f, %d, %d, %d\n",k,timestamp, AO0_volt, AO1_volt, AI0_bit, AI1_bit, AI2_bit); // stringKirim baru, sesuai nilai adc cpltCallback
      |                                               ~^                                                       ~~~~~~~
      |                                                |                                                       |
      |                                                int                                                     uint32_t {aka long unsigned int}
      |                                               %ld
../Core/Src/main.c:285:28: warning: pointer targets in passing argument 2 of 'HAL_UART_Receive' differ in signedness [-Wpointer-sign]
  285 |  HAL_UART_Receive(&huart4, (char*)Rx_buffer, 50, 500);
      |                            ^~~~~~~~~~~~~~~~
      |                            |
      |                            char *
In file included from ../Core/Inc/stm32f4xx_hal_conf.h:407,
                 from ../Drivers/STM32F4xx_HAL_Driver/Inc/stm32f4xx_hal.h:30,
                 from ../Core/Inc/main.h:30,
                 from ../Core/Src/main.c:20:
../Drivers/STM32F4xx_HAL_Driver/Inc/stm32f4xx_hal_uart.h:724:72: note: expected 'uint8_t *' {aka 'unsigned char *'} but argument is of type 'char *'
  724 | HAL_StatusTypeDef HAL_UART_Receive(UART_HandleTypeDef *huart, uint8_t *pData, uint16_t Size, uint32_t Timeout);
      |                                                               ~~~~~~~~~^~~~~
../Core/Src/main.c:288:32: warning: format '%d' expects argument of type 'int *', but argument 3 has type 'uint32_t *' {aka 'long unsigned int *'} [-Wformat=]
  288 |  sscanf(Rx_buffer_print, "[SP=%d],[KP=%d],[KI=%d]", &SP, &KP, &KI);
      |                               ~^                    ~~~
      |                                |                    |
      |                                int *                uint32_t * {aka long unsigned int *}
      |                               %ld
../Core/Src/main.c:288:40: warning: format '%d' expects argument of type 'int *', but argument 4 has type 'uint32_t *' {aka 'long unsigned int *'} [-Wformat=]
  288 |  sscanf(Rx_buffer_print, "[SP=%d],[KP=%d],[KI=%d]", &SP, &KP, &KI);
      |                                       ~^                 ~~~
      |                                        |                 |
      |                                        int *             uint32_t * {aka long unsigned int *}
      |                                       %ld
../Core/Src/main.c:288:48: warning: format '%d' expects argument of type 'int *', but argument 5 has type 'uint32_t *' {aka 'long unsigned int *'} [-Wformat=]
  288 |  sscanf(Rx_buffer_print, "[SP=%d],[KP=%d],[KI=%d]", &SP, &KP, &KI);
      |                                               ~^              ~~~
      |                                                |              |
      |                                                int *          uint32_t * {aka long unsigned int *}
      |                                               %ld
../Core/Src/main.c: In function 'HAL_ADC_ConvCpltCallback':
../Core/Src/main.c:368:7: warning: suggest parentheses around assignment used as truth value [-Wparentheses]
  368 |    if(awal = 1){
      |       ^~~~
../Core/Src/main.c: At top level:
../Core/Src/main.c:69:6: warning: array 'Rx_buffer_string' assumed to have one element
   69 | char Rx_buffer_string[];
      |      ^~~~~~~~~~~~~~~~
../Core/Src/main.c:70:6: warning: array 'Rx_buffer_status' assumed to have one element
   70 | char Rx_buffer_status[];
      |      ^~~~~~~~~~~~~~~~
../Core/Src/main.c: In function 'main':
../Core/Src/main.c:286:28: warning: '%s' directive writing up to 99 bytes into a region of size 1 [-Wformat-overflow=]
  286 |  sprintf(Rx_buffer_string,"%s",Rx_buffer);
      |                            ^~  ~~~~~~~~~
../Core/Src/main.c:286:2: note: 'sprintf' output between 1 and 100 bytes into a destination of size 1
  286 |  sprintf(Rx_buffer_string,"%s",Rx_buffer);
      |  ^~~~~~~~~~~~~~~~~~~~~~~~~~~~~~~~~~~~~~~~
arm-none-eabi-gcc -o "MultichannelADC.elf" @"objects.list"   -mcpu=cortex-m4 -T"D:\OneDrive - Institut Teknologi Sepuluh Nopember\Tugas Akhir\Coding Faris\STM32\MultichannelADC\STM32F407VGTX_FLASH.ld" --specs=nosys.specs -Wl,-Map="MultichannelADC.map" -Wl,--gc-sections -static --specs=nano.specs -mfpu=fpv4-sp-d16 -mfloat-abi=hard -mthumb -u _printf_float -u _scanf_float -Wl,--start-group -lc -lm -Wl,--end-group
Finished building target: MultichannelADC.elf
 
arm-none-eabi-size   MultichannelADC.elf 
arm-none-eabi-objdump -h -S  MultichannelADC.elf  > "MultichannelADC.list"
arm-none-eabi-objcopy  -O binary  MultichannelADC.elf  "MultichannelADC.bin"
   text	   data	    bss	    dec	    hex	filename
  65108	    596	   3812	  69516	  10f8c	MultichannelADC.elf
Finished building: default.size.stdout
 
Finished building: MultichannelADC.bin
 
Finished building: MultichannelADC.list
 
16:38:40 **** Incremental Build of configuration Debug for project MultichannelADC ****
make -j8 all 
arm-none-eabi-size   MultichannelADC.elf 
   text	   data	    bss	    dec	    hex	filename
  65108	    596	   3812	  69516	  10f8c	MultichannelADC.elf
Finished building: default.size.stdout
 
16:47:59 **** Incremental Build of configuration Debug for project MultichannelADC ****
make -j8 all 
arm-none-eabi-size   MultichannelADC.elf 
   text	   data	    bss	    dec	    hex	filename
  65108	    596	   3812	  69516	  10f8c	MultichannelADC.elf
Finished building: default.size.stdout
 
17:26:03 **** Incremental Build of configuration Debug for project MultichannelADC ****
make -j8 all 
arm-none-eabi-size   MultichannelADC.elf 
   text	   data	    bss	    dec	    hex	filename
  65108	    596	   3812	  69516	  10f8c	MultichannelADC.elf
Finished building: default.size.stdout
 
17:47:57 **** Incremental Build of configuration Debug for project MultichannelADC ****
make -j8 all 
arm-none-eabi-size   MultichannelADC.elf 
   text	   data	    bss	    dec	    hex	filename
  65108	    596	   3812	  69516	  10f8c	MultichannelADC.elf
Finished building: default.size.stdout
 
[...]
  288 |  sscanf(Rx_buffer_print, "[SP=%d],[KP=%d],[KI=%d]", &SP, &KP, &KI);
      |                                       ~^                 ~~~
      |                                        |                 |
      |                                        int *             uint32_t * {aka long unsigned int *}
      |                                       %ld
../Core/Src/main.c:288:48: warning: format '%d' expects argument of type 'int *', but argument 5 has type 'uint32_t *' {aka 'long unsigned int *'} [-Wformat=]
  288 |  sscanf(Rx_buffer_print, "[SP=%d],[KP=%d],[KI=%d]", &SP, &KP, &KI);
      |                                               ~^              ~~~
      |                                                |              |
      |                                                int *          uint32_t * {aka long unsigned int *}
      |                                               %ld
../Core/Src/main.c: In function 'HAL_ADC_ConvCpltCallback':
../Core/Src/main.c:368:7: warning: suggest parentheses around assignment used as truth value [-Wparentheses]
  368 |    if(awal = 1){
      |       ^~~~
../Core/Src/main.c: At top level:
../Core/Src/main.c:69:6: warning: array 'Rx_buffer_string' assumed to have one element
   69 | char Rx_buffer_string[];
      |      ^~~~~~~~~~~~~~~~
../Core/Src/main.c:70:6: warning: array 'Rx_buffer_status' assumed to have one element
   70 | char Rx_buffer_status[];
      |      ^~~~~~~~~~~~~~~~
../Core/Src/main.c: In function 'main':
../Core/Src/main.c:286:28: warning: '%s' directive writing up to 99 bytes into a region of size 1 [-Wformat-overflow=]
  286 |  sprintf(Rx_buffer_string,"%s",Rx_buffer);
      |                            ^~  ~~~~~~~~~
../Core/Src/main.c:286:2: note: 'sprintf' output between 1 and 100 bytes into a destination of size 1
  286 |  sprintf(Rx_buffer_string,"%s",Rx_buffer);
      |  ^~~~~~~~~~~~~~~~~~~~~~~~~~~~~~~~~~~~~~~~
arm-none-eabi-gcc -o "MultichannelADC.elf" @"objects.list"   -mcpu=cortex-m4 -T"D:\OneDrive - Institut Teknologi Sepuluh Nopember\Tugas Akhir\Coding Faris\STM32\MultichannelADC\STM32F407VGTX_FLASH.ld" --specs=nosys.specs -Wl,-Map="MultichannelADC.map" -Wl,--gc-sections -static --specs=nano.specs -mfpu=fpv4-sp-d16 -mfloat-abi=hard -mthumb -u _printf_float -u _scanf_float -Wl,--start-group -lc -lm -Wl,--end-group
Finished building target: MultichannelADC.elf
 
arm-none-eabi-size   MultichannelADC.elf 
arm-none-eabi-objdump -h -S  MultichannelADC.elf  > "MultichannelADC.list"
arm-none-eabi-objcopy  -O binary  MultichannelADC.elf  "MultichannelADC.bin"
   text	   data	    bss	    dec	    hex	filename
  65108	    596	   3812	  69516	  10f8c	MultichannelADC.elf
Finished building: default.size.stdout
 
Finished building: MultichannelADC.bin
 
Finished building: MultichannelADC.list
 
16:14:05 **** Incremental Build of configuration Debug for project MultichannelADC ****
make -j8 all 
arm-none-eabi-size   MultichannelADC.elf 
   text	   data	    bss	    dec	    hex	filename
  65108	    596	   3812	  69516	  10f8c	MultichannelADC.elf
Finished building: default.size.stdout
 
16:34:55 **** Incremental Build of configuration Debug for project MultichannelADC ****
make -j8 all 
arm-none-eabi-gcc "../Core/Src/main.c" -mcpu=cortex-m4 -std=gnu11 -g3 -DDEBUG -DUSE_HAL_DRIVER -DSTM32F407xx -c -I../Core/Inc -I../Drivers/STM32F4xx_HAL_Driver/Inc -I../Drivers/STM32F4xx_HAL_Driver/Inc/Legacy -I../Drivers/CMSIS/Device/ST/STM32F4xx/Include -I../Drivers/CMSIS/Include -I../FATFS/Target -I../FATFS/App -I../Middlewares/Third_Party/FatFs/src -O0 -ffunction-sections -fdata-sections -Wall -fstack-usage -MMD -MP -MF"Core/Src/main.d" -MT"Core/Src/main.o" --specs=nano.specs -mfpu=fpv4-sp-d16 -mfloat-abi=hard -mthumb -o "Core/Src/main.o"
../Core/Src/main.c: In function 'main':
../Core/Src/main.c:279:28: warning: format '%d' expects argument of type 'int', but argument 4 has type 'uint32_t' {aka 'long unsigned int'} [-Wformat=]
  279 |  sprintf(stringKirim,"%d, %d, %f, %f, %d, %d, %d\n",k,timestamp, AO0_volt, AO1_volt, AI0_bit, AI1_bit, AI2_bit); // stringKirim baru, sesuai nilai adc cpltCallback
      |                           ~^                          ~~~~~~~~~
      |                            |                          |
      |                            int                        uint32_t {aka long unsigned int}
      |                           %ld
../Core/Src/main.c:279:40: warning: format '%d' expects argument of type 'int', but argument 7 has type 'uint32_t' {aka 'long unsigned int'} [-Wformat=]
  279 |  sprintf(stringKirim,"%d, %d, %f, %f, %d, %d, %d\n",k,timestamp, AO0_volt, AO1_volt, AI0_bit, AI1_bit, AI2_bit); // stringKirim baru, sesuai nilai adc cpltCallback
      |                                       ~^                                             ~~~~~~~
      |                                        |                                             |
      |                                        int                                           uint32_t {aka long unsigned int}
      |                                       %ld
../Core/Src/main.c:279:44: warning: format '%d' expects argument of type 'int', but argument 8 has type 'uint32_t' {aka 'long unsigned int'} [-Wformat=]
  279 |  sprintf(stringKirim,"%d, %d, %f, %f, %d, %d, %d\n",k,timestamp, AO0_volt, AO1_volt, AI0_bit, AI1_bit, AI2_bit); // stringKirim baru, sesuai nilai adc cpltCallback
      |                                           ~^                                                  ~~~~~~~
      |                                            |                                                  |
      |                                            int                                                uint32_t {aka long unsigned int}
      |                                           %ld
../Core/Src/main.c:279:48: warning: format '%d' expects argument of type 'int', but argument 9 has type 'uint32_t' {aka 'long unsigned int'} [-Wformat=]
  279 |  sprintf(stringKirim,"%d, %d, %f, %f, %d, %d, %d\n",k,timestamp, AO0_volt, AO1_volt, AI0_bit, AI1_bit, AI2_bit); // stringKirim baru, sesuai nilai adc cpltCallback
      |                                               ~^                                                       ~~~~~~~
      |                                                |                                                       |
      |                                                int                                                     uint32_t {aka long unsigned int}
      |                                               %ld
../Core/Src/main.c:285:28: warning: pointer targets in passing argument 2 of 'HAL_UART_Receive' differ in signedness [-Wpointer-sign]
  285 |  HAL_UART_Receive(&huart4, (char*)Rx_buffer, 50, 500);
      |                            ^~~~~~~~~~~~~~~~
      |                            |
      |                            char *
In file included from ../Core/Inc/stm32f4xx_hal_conf.h:407,
                 from ../Drivers/STM32F4xx_HAL_Driver/Inc/stm32f4xx_hal.h:30,
                 from ../Core/Inc/main.h:30,
                 from ../Core/Src/main.c:20:
../Drivers/STM32F4xx_HAL_Driver/Inc/stm32f4xx_hal_uart.h:724:72: note: expected 'uint8_t *' {aka 'unsigned char *'} but argument is of type 'char *'
  724 | HAL_StatusTypeDef HAL_UART_Receive(UART_HandleTypeDef *huart, uint8_t *pData, uint16_t Size, uint32_t Timeout);
      |                                                               ~~~~~~~~~^~~~~
../Core/Src/main.c:288:32: warning: format '%d' expects argument of type 'int *', but argument 3 has type 'uint32_t *' {aka 'long unsigned int *'} [-Wformat=]
  288 |  sscanf(Rx_buffer_print, "[SP=%d],[KP=%d],[KI=%d]", &SP, &KP, &KI);
      |                               ~^                    ~~~
      |                                |                    |
      |                                int *                uint32_t * {aka long unsigned int *}
      |                               %ld
../Core/Src/main.c:288:40: warning: format '%d' expects argument of type 'int *', but argument 4 has type 'uint32_t *' {aka 'long unsigned int *'} [-Wformat=]
  288 |  sscanf(Rx_buffer_print, "[SP=%d],[KP=%d],[KI=%d]", &SP, &KP, &KI);
      |                                       ~^                 ~~~
      |                                        |                 |
      |                                        int *             uint32_t * {aka long unsigned int *}
      |                                       %ld
../Core/Src/main.c:288:48: warning: format '%d' expects argument of type 'int *', but argument 5 has type 'uint32_t *' {aka 'long unsigned int *'} [-Wformat=]
  288 |  sscanf(Rx_buffer_print, "[SP=%d],[KP=%d],[KI=%d]", &SP, &KP, &KI);
      |                                               ~^              ~~~
      |                                                |              |
      |                                                int *          uint32_t * {aka long unsigned int *}
      |                                               %ld
../Core/Src/main.c: In function 'HAL_ADC_ConvCpltCallback':
../Core/Src/main.c:368:7: warning: suggest parentheses around assignment used as truth value [-Wparentheses]
  368 |    if(awal = 1){
      |       ^~~~
../Core/Src/main.c: At top level:
../Core/Src/main.c:69:6: warning: array 'Rx_buffer_string' assumed to have one element
   69 | char Rx_buffer_string[];
      |      ^~~~~~~~~~~~~~~~
../Core/Src/main.c:70:6: warning: array 'Rx_buffer_status' assumed to have one element
   70 | char Rx_buffer_status[];
      |      ^~~~~~~~~~~~~~~~
../Core/Src/main.c: In function 'main':
../Core/Src/main.c:286:28: warning: '%s' directive writing up to 99 bytes into a region of size 1 [-Wformat-overflow=]
  286 |  sprintf(Rx_buffer_string,"%s",Rx_buffer);
      |                            ^~  ~~~~~~~~~
../Core/Src/main.c:286:2: note: 'sprintf' output between 1 and 100 bytes into a destination of size 1
  286 |  sprintf(Rx_buffer_string,"%s",Rx_buffer);
      |  ^~~~~~~~~~~~~~~~~~~~~~~~~~~~~~~~~~~~~~~~
arm-none-eabi-gcc -o "MultichannelADC.elf" @"objects.list"   -mcpu=cortex-m4 -T"D:\OneDrive - Institut Teknologi Sepuluh Nopember\Tugas Akhir\Coding Faris\STM32\MultichannelADC\STM32F407VGTX_FLASH.ld" --specs=nosys.specs -Wl,-Map="MultichannelADC.map" -Wl,--gc-sections -static --specs=nano.specs -mfpu=fpv4-sp-d16 -mfloat-abi=hard -mthumb -u _printf_float -u _scanf_float -Wl,--start-group -lc -lm -Wl,--end-group
Finished building target: MultichannelADC.elf
 
arm-none-eabi-size   MultichannelADC.elf 
arm-none-eabi-objdump -h -S  MultichannelADC.elf  > "MultichannelADC.list"
arm-none-eabi-objcopy  -O binary  MultichannelADC.elf  "MultichannelADC.bin"
   text	   data	    bss	    dec	    hex	filename
  65108	    596	   3812	  69516	  10f8c	MultichannelADC.elf
Finished building: default.size.stdout
 
Finished building: MultichannelADC.bin
 
Finished building: MultichannelADC.list
 
16:56:56 **** Incremental Build of configuration Debug for project MultichannelADC ****
make -j8 all 
arm-none-eabi-gcc "../Core/Src/main.c" -mcpu=cortex-m4 -std=gnu11 -g3 -DDEBUG -DUSE_HAL_DRIVER -DSTM32F407xx -c -I../Core/Inc -I../Drivers/STM32F4xx_HAL_Driver/Inc -I../Drivers/STM32F4xx_HAL_Driver/Inc/Legacy -I../Drivers/CMSIS/Device/ST/STM32F4xx/Include -I../Drivers/CMSIS/Include -I../FATFS/Target -I../FATFS/App -I../Middlewares/Third_Party/FatFs/src -O0 -ffunction-sections -fdata-sections -Wall -fstack-usage -MMD -MP -MF"Core/Src/main.d" -MT"Core/Src/main.o" --specs=nano.specs -mfpu=fpv4-sp-d16 -mfloat-abi=hard -mthumb -o "Core/Src/main.o"
../Core/Src/main.c: In function 'main':
../Core/Src/main.c:279:28: warning: format '%d' expects argument of type 'int', but argument 4 has type 'uint32_t' {aka 'long unsigned int'} [-Wformat=]
  279 |  sprintf(stringKirim,"%d, %d, %f, %f, %d, %d, %d\n",k,timestamp, AO0_volt, AO1_volt, AI0_bit, AI1_bit, AI2_bit); // stringKirim baru, sesuai nilai adc cpltCallback
      |                           ~^                          ~~~~~~~~~
      |                            |                          |
      |                            int                        uint32_t {aka long unsigned int}
      |                           %ld
../Core/Src/main.c:279:40: warning: format '%d' expects argument of type 'int', but argument 7 has type 'uint32_t' {aka 'long unsigned int'} [-Wformat=]
  279 |  sprintf(stringKirim,"%d, %d, %f, %f, %d, %d, %d\n",k,timestamp, AO0_volt, AO1_volt, AI0_bit, AI1_bit, AI2_bit); // stringKirim baru, sesuai nilai adc cpltCallback
      |                                       ~^                                             ~~~~~~~
      |                                        |                                             |
      |                                        int                                           uint32_t {aka long unsigned int}
      |                                       %ld
../Core/Src/main.c:279:44: warning: format '%d' expects argument of type 'int', but argument 8 has type 'uint32_t' {aka 'long unsigned int'} [-Wformat=]
  279 |  sprintf(stringKirim,"%d, %d, %f, %f, %d, %d, %d\n",k,timestamp, AO0_volt, AO1_volt, AI0_bit, AI1_bit, AI2_bit); // stringKirim baru, sesuai nilai adc cpltCallback
      |                                           ~^                                                  ~~~~~~~
      |                                            |                                                  |
      |                                            int                                                uint32_t {aka long unsigned int}
      |                                           %ld
../Core/Src/main.c:279:48: warning: format '%d' expects argument of type 'int', but argument 9 has type 'uint32_t' {aka 'long unsigned int'} [-Wformat=]
  279 |  sprintf(stringKirim,"%d, %d, %f, %f, %d, %d, %d\n",k,timestamp, AO0_volt, AO1_volt, AI0_bit, AI1_bit, AI2_bit); // stringKirim baru, sesuai nilai adc cpltCallback
      |                                               ~^                                                       ~~~~~~~
      |                                                |                                                       |
      |                                                int                                                     uint32_t {aka long unsigned int}
      |                                               %ld
../Core/Src/main.c:285:28: warning: pointer targets in passing argument 2 of 'HAL_UART_Receive' differ in signedness [-Wpointer-sign]
  285 |  HAL_UART_Receive(&huart4, (char*)Rx_buffer, 50, 500);
      |                            ^~~~~~~~~~~~~~~~
      |                            |
      |                            char *
In file included from ../Core/Inc/stm32f4xx_hal_conf.h:407,
                 from ../Drivers/STM32F4xx_HAL_Driver/Inc/stm32f4xx_hal.h:30,
                 from ../Core/Inc/main.h:30,
                 from ../Core/Src/main.c:20:
../Drivers/STM32F4xx_HAL_Driver/Inc/stm32f4xx_hal_uart.h:724:72: note: expected 'uint8_t *' {aka 'unsigned char *'} but argument is of type 'char *'
  724 | HAL_StatusTypeDef HAL_UART_Receive(UART_HandleTypeDef *huart, uint8_t *pData, uint16_t Size, uint32_t Timeout);
      |                                                               ~~~~~~~~~^~~~~
../Core/Src/main.c:288:32: warning: format '%d' expects argument of type 'int *', but argument 3 has type 'uint32_t *' {aka 'long unsigned int *'} [-Wformat=]
  288 |  sscanf(Rx_buffer_print, "[SP=%d],[KP=%d],[KI=%d]", &SP, &KP, &KI);
      |                               ~^                    ~~~
      |                                |                    |
      |                                int *                uint32_t * {aka long unsigned int *}
      |                               %ld
../Core/Src/main.c:288:40: warning: format '%d' expects argument of type 'int *', but argument 4 has type 'uint32_t *' {aka 'long unsigned int *'} [-Wformat=]
  288 |  sscanf(Rx_buffer_print, "[SP=%d],[KP=%d],[KI=%d]", &SP, &KP, &KI);
      |                                       ~^                 ~~~
      |                                        |                 |
      |                                        int *             uint32_t * {aka long unsigned int *}
      |                                       %ld
../Core/Src/main.c:288:48: warning: format '%d' expects argument of type 'int *', but argument 5 has type 'uint32_t *' {aka 'long unsigned int *'} [-Wformat=]
  288 |  sscanf(Rx_buffer_print, "[SP=%d],[KP=%d],[KI=%d]", &SP, &KP, &KI);
      |                                               ~^              ~~~
      |                                                |              |
      |                                                int *          uint32_t * {aka long unsigned int *}
      |                                               %ld
../Core/Src/main.c: In function 'HAL_ADC_ConvCpltCallback':
../Core/Src/main.c:368:7: warning: suggest parentheses around assignment used as truth value [-Wparentheses]
  368 |    if(awal = 1){
      |       ^~~~
../Core/Src/main.c: At top level:
../Core/Src/main.c:69:6: warning: array 'Rx_buffer_string' assumed to have one element
   69 | char Rx_buffer_string[];
      |      ^~~~~~~~~~~~~~~~
../Core/Src/main.c:70:6: warning: array 'Rx_buffer_status' assumed to have one element
   70 | char Rx_buffer_status[];
      |      ^~~~~~~~~~~~~~~~
../Core/Src/main.c: In function 'main':
../Core/Src/main.c:286:28: warning: '%s' directive writing up to 99 bytes into a region of size 1 [-Wformat-overflow=]
  286 |  sprintf(Rx_buffer_string,"%s",Rx_buffer);
      |                            ^~  ~~~~~~~~~
../Core/Src/main.c:286:2: note: 'sprintf' output between 1 and 100 bytes into a destination of size 1
  286 |  sprintf(Rx_buffer_string,"%s",Rx_buffer);
      |  ^~~~~~~~~~~~~~~~~~~~~~~~~~~~~~~~~~~~~~~~
arm-none-eabi-gcc -o "MultichannelADC.elf" @"objects.list"   -mcpu=cortex-m4 -T"D:\OneDrive - Institut Teknologi Sepuluh Nopember\Tugas Akhir\Coding Faris\STM32\MultichannelADC\STM32F407VGTX_FLASH.ld" --specs=nosys.specs -Wl,-Map="MultichannelADC.map" -Wl,--gc-sections -static --specs=nano.specs -mfpu=fpv4-sp-d16 -mfloat-abi=hard -mthumb -u _printf_float -u _scanf_float -Wl,--start-group -lc -lm -Wl,--end-group
Finished building target: MultichannelADC.elf
 
arm-none-eabi-size   MultichannelADC.elf 
arm-none-eabi-objdump -h -S  MultichannelADC.elf  > "MultichannelADC.list"
arm-none-eabi-objcopy  -O binary  MultichannelADC.elf  "MultichannelADC.bin"
   text	   data	    bss	    dec	    hex	filename
  65108	    596	   3812	  69516	  10f8c	MultichannelADC.elf
Finished building: default.size.stdout
 
Finished building: MultichannelADC.bin
 
Finished building: MultichannelADC.list
 
16:57:19 **** Incremental Build of configuration Debug for project MultichannelADC ****
make -j8 all 
arm-none-eabi-size   MultichannelADC.elf 
   text	   data	    bss	    dec	    hex	filename
  65108	    596	   3812	  69516	  10f8c	MultichannelADC.elf
Finished building: default.size.stdout
 
17:00:31 **** Incremental Build of configuration Debug for project MultichannelADC ****
make -j8 all 
arm-none-eabi-size   MultichannelADC.elf 
   text	   data	    bss	    dec	    hex	filename
  65108	    596	   3812	  69516	  10f8c	MultichannelADC.elf
Finished building: default.size.stdout
 
17:01:00 **** Incremental Build of configuration Debug for project MultichannelADC ****
make -j8 all 
arm-none-eabi-size   MultichannelADC.elf 
   text	   data	    bss	    dec	    hex	filename
  65108	    596	   3812	  69516	  10f8c	MultichannelADC.elf
Finished building: default.size.stdout
 
17:03:33 **** Incremental Build of configuration Debug for project MultichannelADC ****
make -j8 all 
arm-none-eabi-size   MultichannelADC.elf 
   text	   data	    bss	    dec	    hex	filename
  65108	    596	   3812	  69516	  10f8c	MultichannelADC.elf
Finished building: default.size.stdout
 
