20:32:42 **** Incremental Build of configuration Debug for project MultichannelADC ****
make -j8 all 
arm-none-eabi-gcc "../Core/Src/main.c" -mcpu=cortex-m4 -std=gnu11 -g3 -DDEBUG -DUSE_HAL_DRIVER -DSTM32F407xx -c -I../Core/Inc -I../Drivers/STM32F4xx_HAL_Driver/Inc -I../Drivers/STM32F4xx_HAL_Driver/Inc/Legacy -I../Drivers/CMSIS/Device/ST/STM32F4xx/Include -I../Drivers/CMSIS/Include -I../FATFS/Target -I../FATFS/App -I../Middlewares/Third_Party/FatFs/src -O0 -ffunction-sections -fdata-sections -Wall -fstack-usage -MMD -MP -MF"Core/Src/main.d" -MT"Core/Src/main.o" --specs=nano.specs -mfpu=fpv4-sp-d16 -mfloat-abi=hard -mthumb -o "Core/Src/main.o"
../Core/Src/main.c: In function 'main':
../Core/Src/main.c:277:28: warning: format '%d' expects argument of type 'int', but argument 4 has type 'uint32_t' {aka 'long unsigned int'} [-Wformat=]
  277 |  sprintf(stringKirim,"%d, %d, %f, %f, %d, %d, %d\n",k,timestamp, AO0_volt, AO1_volt, AI0_bit, AI1_bit, AI2_bit); // stringKirim baru, sesuai nilai adc cpltCallback
      |                           ~^                          ~~~~~~~~~
      |                            |                          |
      |                            int                        uint32_t {aka long unsigned int}
      |                           %ld
../Core/Src/main.c:277:40: warning: format '%d' expects argument of type 'int', but argument 7 has type 'uint32_t' {aka 'long unsigned int'} [-Wformat=]
  277 |  sprintf(stringKirim,"%d, %d, %f, %f, %d, %d, %d\n",k,timestamp, AO0_volt, AO1_volt, AI0_bit, AI1_bit, AI2_bit); // stringKirim baru, sesuai nilai adc cpltCallback
      |                                       ~^                                             ~~~~~~~
      |                                        |                                             |
      |                                        int                                           uint32_t {aka long unsigned int}
      |                                       %ld
../Core/Src/main.c:277:44: warning: format '%d' expects argument of type 'int', but argument 8 has type 'uint32_t' {aka 'long unsigned int'} [-Wformat=]
  277 |  sprintf(stringKirim,"%d, %d, %f, %f, %d, %d, %d\n",k,timestamp, AO0_volt, AO1_volt, AI0_bit, AI1_bit, AI2_bit); // stringKirim baru, sesuai nilai adc cpltCallback
      |                                           ~^                                                  ~~~~~~~
      |                                            |                                                  |
      |                                            int                                                uint32_t {aka long unsigned int}
      |                                           %ld
../Core/Src/main.c:277:48: warning: format '%d' expects argument of type 'int', but argument 9 has type 'uint32_t' {aka 'long unsigned int'} [-Wformat=]
  277 |  sprintf(stringKirim,"%d, %d, %f, %f, %d, %d, %d\n",k,timestamp, AO0_volt, AO1_volt, AI0_bit, AI1_bit, AI2_bit); // stringKirim baru, sesuai nilai adc cpltCallback
      |                                               ~^                                                       ~~~~~~~
      |                                                |                                                       |
      |                                                int                                                     uint32_t {aka long unsigned int}
      |                                               %ld
../Core/Src/main.c:283:28: warning: pointer targets in passing argument 2 of 'HAL_UART_Receive' differ in signedness [-Wpointer-sign]
  283 |  HAL_UART_Receive(&huart4, (char*)Rx_buffer, 50, 500);
      |                            ^~~~~~~~~~~~~~~~
      |                            |
      |                            char *
In file included from ../Core/Inc/stm32f4xx_hal_conf.h:407,
                 from ../Drivers/STM32F4xx_HAL_Driver/Inc/stm32f4xx_hal.h:30,
                 from ../Core/Inc/main.h:30,
                 from ../Core/Src/main.c:20:
../Drivers/STM32F4xx_HAL_Driver/Inc/stm32f4xx_hal_uart.h:724:72: note: expected 'uint8_t *' {aka 'unsigned char *'} but argument is of type 'char *'
  724 | HAL_StatusTypeDef HAL_UART_Receive(UART_HandleTypeDef *huart, uint8_t *pData, uint16_t Size, uint32_t Timeout);
      |                                                               ~~~~~~~~~^~~~~
../Core/Src/main.c:286:32: warning: format '%d' expects argument of type 'int *', but argument 3 has type 'uint32_t *' {aka 'long unsigned int *'} [-Wformat=]
  286 |  sscanf(Rx_buffer_print, "[SP=%d],[KP=%d],[KI=%d]", &SP, &KP, &KI);
      |                               ~^                    ~~~
      |                                |                    |
      |                                int *                uint32_t * {aka long unsigned int *}
      |                               %ld
../Core/Src/main.c:286:40: warning: format '%d' expects argument of type 'int *', but argument 4 has type 'uint32_t *' {aka 'long unsigned int *'} [-Wformat=]
  286 |  sscanf(Rx_buffer_print, "[SP=%d],[KP=%d],[KI=%d]", &SP, &KP, &KI);
      |                                       ~^                 ~~~
      |                                        |                 |
      |                                        int *             uint32_t * {aka long unsigned int *}
      |                                       %ld
../Core/Src/main.c:286:48: warning: format '%d' expects argument of type 'int *', but argument 5 has type 'uint32_t *' {aka 'long unsigned int *'} [-Wformat=]
  286 |  sscanf(Rx_buffer_print, "[SP=%d],[KP=%d],[KI=%d]", &SP, &KP, &KI);
      |                                               ~^              ~~~
      |                                                |              |
      |                                                int *          uint32_t * {aka long unsigned int *}
      |                                               %ld
../Core/Src/main.c: In function 'HAL_ADC_ConvCpltCallback':
../Core/Src/main.c:362:7: warning: suggest parentheses around assignment used as truth value [-Wparentheses]
  362 |    if(awal = 1){
      |       ^~~~
../Core/Src/main.c: At top level:
../Core/Src/main.c:69:6: warning: array 'Rx_buffer_string' assumed to have one element
   69 | char Rx_buffer_string[];
      |      ^~~~~~~~~~~~~~~~
../Core/Src/main.c:70:6: warning: array 'Rx_buffer_status' assumed to have one element
   70 | char Rx_buffer_status[];
      |      ^~~~~~~~~~~~~~~~
../Core/Src/main.c: In function 'main':
../Core/Src/main.c:284:28: warning: '%s' directive writing up to 99 bytes into a region of size 1 [-Wformat-overflow=]
  284 |  sprintf(Rx_buffer_string,"%s",Rx_buffer);
      |                            ^~  ~~~~~~~~~
../Core/Src/main.c:284:2: note: 'sprintf' output between 1 and 100 bytes into a destination of size 1
  284 |  sprintf(Rx_buffer_string,"%s",Rx_buffer);
      |  ^~~~~~~~~~~~~~~~~~~~~~~~~~~~~~~~~~~~~~~~
arm-none-eabi-gcc -o "MultichannelADC.elf" @"objects.list"   -mcpu=cortex-m4 -T"D:\OneDrive - Institut Teknologi Sepuluh Nopember\Tugas Akhir\Coding Faris\STM32\MultichannelADC\STM32F407VGTX_FLASH.ld" --specs=nosys.specs -Wl,-Map="MultichannelADC.map" -Wl,--gc-sections -static --specs=nano.specs -mfpu=fpv4-sp-d16 -mfloat-abi=hard -mthumb -u _printf_float -u _scanf_float -Wl,--start-group -lc -lm -Wl,--end-group
Finished building target: MultichannelADC.elf
 
arm-none-eabi-size   MultichannelADC.elf 
arm-none-eabi-objdump -h -S  MultichannelADC.elf  > "MultichannelADC.list"
arm-none-eabi-objcopy  -O binary  MultichannelADC.elf  "MultichannelADC.bin"
   text	   data	    bss	    dec	    hex	filename
  65220	    596	   3804	  69620	  10ff4	MultichannelADC.elf
Finished building: default.size.stdout
 
Finished building: MultichannelADC.bin
 
Finished building: MultichannelADC.list
 
20:37:14 **** Incremental Build of configuration Debug for project MultichannelADC ****
make -j8 all 
arm-none-eabi-size   MultichannelADC.elf 
   text	   data	    bss	    dec	    hex	filename
  65220	    596	   3804	  69620	  10ff4	MultichannelADC.elf
Finished building: default.size.stdout
 
20:50:57 **** Incremental Build of configuration Debug for project MultichannelADC ****
make -j8 all 
arm-none-eabi-gcc "../Core/Src/main.c" -mcpu=cortex-m4 -std=gnu11 -g3 -DDEBUG -DUSE_HAL_DRIVER -DSTM32F407xx -c -I../Core/Inc -I../Drivers/STM32F4xx_HAL_Driver/Inc -I../Drivers/STM32F4xx_HAL_Driver/Inc/Legacy -I../Drivers/CMSIS/Device/ST/STM32F4xx/Include -I../Drivers/CMSIS/Include -I../FATFS/Target -I../FATFS/App -I../Middlewares/Third_Party/FatFs/src -O0 -ffunction-sections -fdata-sections -Wall -fstack-usage -MMD -MP -MF"Core/Src/main.d" -MT"Core/Src/main.o" --specs=nano.specs -mfpu=fpv4-sp-d16 -mfloat-abi=hard -mthumb -o "Core/Src/main.o"
../Core/Src/main.c: In function 'main':
../Core/Src/main.c:277:28: warning: format '%d' expects argument of type 'int', but argument 4 has type 'uint32_t' {aka 'long unsigned int'} [-Wformat=]
  277 |  sprintf(stringKirim,"%d, %d, %f, %f, %d, %d, %d\n",k,timestamp, AO0_volt, AO1_volt, AI0_bit, AI1_bit, AI2_bit); // stringKirim baru, sesuai nilai adc cpltCallback
      |                           ~^                          ~~~~~~~~~
      |                            |                          |
      |                            int                        uint32_t {aka long unsigned int}
      |                           %ld
../Core/Src/main.c:277:40: warning: format '%d' expects argument of type 'int', but argument 7 has type 'uint32_t' {aka 'long unsigned int'} [-Wformat=]
  277 |  sprintf(stringKirim,"%d, %d, %f, %f, %d, %d, %d\n",k,timestamp, AO0_volt, AO1_volt, AI0_bit, AI1_bit, AI2_bit); // stringKirim baru, sesuai nilai adc cpltCallback
      |                                       ~^                                             ~~~~~~~
      |                                        |                                             |
      |                                        int                                           uint32_t {aka long unsigned int}
      |                                       %ld
../Core/Src/main.c:277:44: warning: format '%d' expects argument of type 'int', but argument 8 has type 'uint32_t' {aka 'long unsigned int'} [-Wformat=]
  277 |  sprintf(stringKirim,"%d, %d, %f, %f, %d, %d, %d\n",k,timestamp, AO0_volt, AO1_volt, AI0_bit, AI1_bit, AI2_bit); // stringKirim baru, sesuai nilai adc cpltCallback
      |                                           ~^                                                  ~~~~~~~
      |                                            |                                                  |
      |                                            int                                                uint32_t {aka long unsigned int}
      |                                           %ld
../Core/Src/main.c:277:48: warning: format '%d' expects argument of type 'int', but argument 9 has type 'uint32_t' {aka 'long unsigned int'} [-Wformat=]
  277 |  sprintf(stringKirim,"%d, %d, %f, %f, %d, %d, %d\n",k,timestamp, AO0_volt, AO1_volt, AI0_bit, AI1_bit, AI2_bit); // stringKirim baru, sesuai nilai adc cpltCallback
      |                                               ~^                                                       ~~~~~~~
      |                                                |                                                       |
      |                                                int                                                     uint32_t {aka long unsigned int}
      |                                               %ld
../Core/Src/main.c:283:28: warning: pointer targets in passing argument 2 of 'HAL_UART_Receive' differ in signedness [-Wpointer-sign]
  283 |  HAL_UART_Receive(&huart4, (char*)Rx_buffer, 50, 500);
      |                            ^~~~~~~~~~~~~~~~
      |                            |
      |                            char *
In file included from ../Core/Inc/stm32f4xx_hal_conf.h:407,
                 from ../Drivers/STM32F4xx_HAL_Driver/Inc/stm32f4xx_hal.h:30,
                 from ../Core/Inc/main.h:30,
                 from ../Core/Src/main.c:20:
../Drivers/STM32F4xx_HAL_Driver/Inc/stm32f4xx_hal_uart.h:724:72: note: expected 'uint8_t *' {aka 'unsigned char *'} but argument is of type 'char *'
  724 | HAL_StatusTypeDef HAL_UART_Receive(UART_HandleTypeDef *huart, uint8_t *pData, uint16_t Size, uint32_t Timeout);
      |                                                               ~~~~~~~~~^~~~~
../Core/Src/main.c:286:32: warning: format '%d' expects argument of type 'int *', but argument 3 has type 'uint32_t *' {aka 'long unsigned int *'} [-Wformat=]
  286 |  sscanf(Rx_buffer_print, "[SP=%d],[KP=%d],[KI=%d]", &SP, &KP, &KI);
      |                               ~^                    ~~~
      |                                |                    |
      |                                int *                uint32_t * {aka long unsigned int *}
      |                               %ld
../Core/Src/main.c:286:40: warning: format '%d' expects argument of type 'int *', but argument 4 has type 'uint32_t *' {aka 'long unsigned int *'} [-Wformat=]
  286 |  sscanf(Rx_buffer_print, "[SP=%d],[KP=%d],[KI=%d]", &SP, &KP, &KI);
      |                                       ~^                 ~~~
      |                                        |                 |
      |                                        int *             uint32_t * {aka long unsigned int *}
      |                                       %ld
../Core/Src/main.c:286:48: warning: format '%d' expects argument of type 'int *', but argument 5 has type 'uint32_t *' {aka 'long unsigned int *'} [-Wformat=]
  286 |  sscanf(Rx_buffer_print, "[SP=%d],[KP=%d],[KI=%d]", &SP, &KP, &KI);
      |                                               ~^              ~~~
      |                                                |              |
      |                                                int *          uint32_t * {aka long unsigned int *}
      |                                               %ld
../Core/Src/main.c: In function 'HAL_ADC_ConvCpltCallback':
../Core/Src/main.c:362:7: warning: suggest parentheses around assignment used as truth value [-Wparentheses]
  362 |    if(awal = 1){
      |       ^~~~
../Core/Src/main.c: At top level:
../Core/Src/main.c:69:6: warning: array 'Rx_buffer_string' assumed to have one element
   69 | char Rx_buffer_string[];
      |      ^~~~~~~~~~~~~~~~
../Core/Src/main.c:70:6: warning: array 'Rx_buffer_status' assumed to have one element
   70 | char Rx_buffer_status[];
      |      ^~~~~~~~~~~~~~~~
../Core/Src/main.c: In function 'main':
../Core/Src/main.c:284:28: warning: '%s' directive writing up to 99 bytes into a region of size 1 [-Wformat-overflow=]
  284 |  sprintf(Rx_buffer_string,"%s",Rx_buffer);
      |                            ^~  ~~~~~~~~~
../Core/Src/main.c:284:2: note: 'sprintf' output between 1 and 100 bytes into a destination of size 1
  284 |  sprintf(Rx_buffer_string,"%s",Rx_buffer);
      |  ^~~~~~~~~~~~~~~~~~~~~~~~~~~~~~~~~~~~~~~~
arm-none-eabi-gcc -o "MultichannelADC.elf" @"objects.list"   -mcpu=cortex-m4 -T"D:\OneDrive - Institut Teknologi Sepuluh Nopember\Tugas Akhir\Coding Faris\STM32\MultichannelADC\STM32F407VGTX_FLASH.ld" --specs=nosys.specs -Wl,-Map="MultichannelADC.map" -Wl,--gc-sections -static --specs=nano.specs -mfpu=fpv4-sp-d16 -mfloat-abi=hard -mthumb -u _printf_float -u _scanf_float -Wl,--start-group -lc -lm -Wl,--end-group
Finished building target: MultichannelADC.elf
 
arm-none-eabi-size   MultichannelADC.elf 
arm-none-eabi-objdump -h -S  MultichannelADC.elf  > "MultichannelADC.list"
arm-none-eabi-objcopy  -O binary  MultichannelADC.elf  "MultichannelADC.bin"
   text	   data	    bss	    dec	    hex	filename
  65220	    596	   3804	  69620	  10ff4	MultichannelADC.elf
Finished building: default.size.stdout
 
Finished building: MultichannelADC.bin
 
Finished building: MultichannelADC.list
 
20:56:11 **** Incremental Build of configuration Debug for project MultichannelADC ****
make -j8 all 
arm-none-eabi-gcc "../Core/Src/main.c" -mcpu=cortex-m4 -std=gnu11 -g3 -DDEBUG -DUSE_HAL_DRIVER -DSTM32F407xx -c -I../Core/Inc -I../Drivers/STM32F4xx_HAL_Driver/Inc -I../Drivers/STM32F4xx_HAL_Driver/Inc/Legacy -I../Drivers/CMSIS/Device/ST/STM32F4xx/Include -I../Drivers/CMSIS/Include -I../FATFS/Target -I../FATFS/App -I../Middlewares/Third_Party/FatFs/src -O0 -ffunction-sections -fdata-sections -Wall -fstack-usage -MMD -MP -MF"Core/Src/main.d" -MT"Core/Src/main.o" --specs=nano.specs -mfpu=fpv4-sp-d16 -mfloat-abi=hard -mthumb -o "Core/Src/main.o"
../Core/Src/main.c: In function 'main':
../Core/Src/main.c:277:28: warning: format '%d' expects argument of type 'int', but argument 4 has type 'uint32_t' {aka 'long unsigned int'} [-Wformat=]
  277 |  sprintf(stringKirim,"%d, %d, %f, %f, %d, %d, %d\n",k,timestamp, AO0_volt, AO1_volt, AI0_bit, AI1_bit, AI2_bit); // stringKirim baru, sesuai nilai adc cpltCallback
      |                           ~^                          ~~~~~~~~~
      |                            |                          |
      |                            int                        uint32_t {aka long unsigned int}
      |                           %ld
../Core/Src/main.c:277:40: warning: format '%d' expects argument of type 'int', but argument 7 has type 'uint32_t' {aka 'long unsigned int'} [-Wformat=]
  277 |  sprintf(stringKirim,"%d, %d, %f, %f, %d, %d, %d\n",k,timestamp, AO0_volt, AO1_volt, AI0_bit, AI1_bit, AI2_bit); // stringKirim baru, sesuai nilai adc cpltCallback
      |                                       ~^                                             ~~~~~~~
      |                                        |                                             |
      |                                        int                                           uint32_t {aka long unsigned int}
      |                                       %ld
../Core/Src/main.c:277:44: warning: format '%d' expects argument of type 'int', but argument 8 has type 'uint32_t' {aka 'long unsigned int'} [-Wformat=]
  277 |  sprintf(stringKirim,"%d, %d, %f, %f, %d, %d, %d\n",k,timestamp, AO0_volt, AO1_volt, AI0_bit, AI1_bit, AI2_bit); // stringKirim baru, sesuai nilai adc cpltCallback
      |                                           ~^                                                  ~~~~~~~
      |                                            |                                                  |
      |                                            int                                                uint32_t {aka long unsigned int}
      |                                           %ld
../Core/Src/main.c:277:48: warning: format '%d' expects argument of type 'int', but argument 9 has type 'uint32_t' {aka 'long unsigned int'} [-Wformat=]
  277 |  sprintf(stringKirim,"%d, %d, %f, %f, %d, %d, %d\n",k,timestamp, AO0_volt, AO1_volt, AI0_bit, AI1_bit, AI2_bit); // stringKirim baru, sesuai nilai adc cpltCallback
      |                                               ~^                                                       ~~~~~~~
      |                                                |                                                       |
      |                                                int                                                     uint32_t {aka long unsigned int}
      |                                               %ld
../Core/Src/main.c:283:28: warning: pointer targets in passing argument 2 of 'HAL_UART_Receive' differ in signedness [-Wpointer-sign]
  283 |  HAL_UART_Receive(&huart4, (char*)Rx_buffer, 50, 500);
      |                            ^~~~~~~~~~~~~~~~
      |                            |
      |                            char *
In file included from ../Core/Inc/stm32f4xx_hal_conf.h:407,
                 from ../Drivers/STM32F4xx_HAL_Driver/Inc/stm32f4xx_hal.h:30,
                 from ../Core/Inc/main.h:30,
                 from ../Core/Src/main.c:20:
../Drivers/STM32F4xx_HAL_Driver/Inc/stm32f4xx_hal_uart.h:724:72: note: expected 'uint8_t *' {aka 'unsigned char *'} but argument is of type 'char *'
  724 | HAL_StatusTypeDef HAL_UART_Receive(UART_HandleTypeDef *huart, uint8_t *pData, uint16_t Size, uint32_t Timeout);
      |                                                               ~~~~~~~~~^~~~~
../Core/Src/main.c:286:32: warning: format '%d' expects argument of type 'int *', but argument 3 has type 'uint32_t *' {aka 'long unsigned int *'} [-Wformat=]
  286 |  sscanf(Rx_buffer_print, "[SP=%d],[KP=%d],[KI=%d]", &SP, &KP, &KI);
      |                               ~^                    ~~~
      |                                |                    |
      |                                int *                uint32_t * {aka long unsigned int *}
      |                               %ld
../Core/Src/main.c:286:40: warning: format '%d' expects argument of type 'int *', but argument 4 has type 'uint32_t *' {aka 'long unsigned int *'} [-Wformat=]
  286 |  sscanf(Rx_buffer_print, "[SP=%d],[KP=%d],[KI=%d]", &SP, &KP, &KI);
      |                                       ~^                 ~~~
      |                                        |                 |
      |                                        int *             uint32_t * {aka long unsigned int *}
      |                                       %ld
../Core/Src/main.c:286:48: warning: format '%d' expects argument of type 'int *', but argument 5 has type 'uint32_t *' {aka 'long unsigned int *'} [-Wformat=]
  286 |  sscanf(Rx_buffer_print, "[SP=%d],[KP=%d],[KI=%d]", &SP, &KP, &KI);
      |                                               ~^              ~~~
      |                                                |              |
      |                                                int *          uint32_t * {aka long unsigned int *}
      |                                               %ld
../Core/Src/main.c: In function 'HAL_ADC_ConvCpltCallback':
../Core/Src/main.c:362:7: warning: suggest parentheses around assignment used as truth value [-Wparentheses]
  362 |    if(awal = 1){
      |       ^~~~
../Core/Src/main.c: At top level:
../Core/Src/main.c:69:6: warning: array 'Rx_buffer_string' assumed to have one element
   69 | char Rx_buffer_string[];
      |      ^~~~~~~~~~~~~~~~
../Core/Src/main.c:70:6: warning: array 'Rx_buffer_status' assumed to have one element
   70 | char Rx_buffer_status[];
      |      ^~~~~~~~~~~~~~~~
../Core/Src/main.c: In function 'main':
../Core/Src/main.c:284:28: warning: '%s' directive writing up to 99 bytes into a region of size 1 [-Wformat-overflow=]
  284 |  sprintf(Rx_buffer_string,"%s",Rx_buffer);
      |                            ^~  ~~~~~~~~~
../Core/Src/main.c:284:2: note: 'sprintf' output between 1 and 100 bytes into a destination of size 1
  284 |  sprintf(Rx_buffer_string,"%s",Rx_buffer);
      |  ^~~~~~~~~~~~~~~~~~~~~~~~~~~~~~~~~~~~~~~~
arm-none-eabi-gcc -o "MultichannelADC.elf" @"objects.list"   -mcpu=cortex-m4 -T"D:\OneDrive - Institut Teknologi Sepuluh Nopember\Tugas Akhir\Coding Faris\STM32\MultichannelADC\STM32F407VGTX_FLASH.ld" --specs=nosys.specs -Wl,-Map="MultichannelADC.map" -Wl,--gc-sections -static --specs=nano.specs -mfpu=fpv4-sp-d16 -mfloat-abi=hard -mthumb -u _printf_float -u _scanf_float -Wl,--start-group -lc -lm -Wl,--end-group
Finished building target: MultichannelADC.elf
 
arm-none-eabi-size   MultichannelADC.elf 
arm-none-eabi-objdump -h -S  MultichannelADC.elf  > "MultichannelADC.list"
arm-none-eabi-objcopy  -O binary  MultichannelADC.elf  "MultichannelADC.bin"
   text	   data	    bss	    dec	    hex	filename
  65220	    596	   3804	  69620	  10ff4	MultichannelADC.elf
Finished building: default.size.stdout
 
Finished building: MultichannelADC.bin
 
Finished building: MultichannelADC.list
 
21:22:57 **** Incremental Build of configuration Debug for project MultichannelADC ****
make -j8 all 
arm-none-eabi-size   MultichannelADC.elf 
   text	   data	    bss	    dec	    hex	filename
  65220	    596	   3804	  69620	  10ff4	MultichannelADC.elf
Finished building: default.size.stdout
 
21:32:40 **** Incremental Build of configuration Debug for project MultichannelADC ****
make -j8 all 
arm-none-eabi-gcc "../Core/Src/main.c" -mcpu=cortex-m4 -std=gnu11 -g3 -DDEBUG -DUSE_HAL_DRIVER -DSTM32F407xx -c -I../Core/Inc -I../Drivers/STM32F4xx_HAL_Driver/Inc -I../Drivers/STM32F4xx_HAL_Driver/Inc/Legacy -I../Drivers/CMSIS/Device/ST/STM32F4xx/Include -I../Drivers/CMSIS/Include -I../FATFS/Target -I../FATFS/App -I../Middlewares/Third_Party/FatFs/src -O0 -ffunction-sections -fdata-sections -Wall -fstack-usage -MMD -MP -MF"Core/Src/main.d" -MT"Core/Src/main.o" --specs=nano.specs -mfpu=fpv4-sp-d16 -mfloat-abi=hard -mthumb -o "Core/Src/main.o"
../Core/Src/main.c: In function 'main':
../Core/Src/main.c:277:28: warning: format '%d' expects argument of type 'int', but argument 4 has type 'uint32_t' {aka 'long unsigned int'} [-Wformat=]
  277 |  sprintf(stringKirim,"%d, %d, %f, %f, %d, %d, %d\n",k,timestamp, AO0_volt, AO1_volt, AI0_bit, AI1_bit, AI2_bit); // stringKirim baru, sesuai nilai adc cpltCallback
      |                           ~^                          ~~~~~~~~~
      |                            |                          |
      |                            int                        uint32_t {aka long unsigned int}
      |                           %ld
../Core/Src/main.c:277:40: warning: format '%d' expects argument of type 'int', but argument 7 has type 'uint32_t' {aka 'long unsigned int'} [-Wformat=]
  277 |  sprintf(stringKirim,"%d, %d, %f, %f, %d, %d, %d\n",k,timestamp, AO0_volt, AO1_volt, AI0_bit, AI1_bit, AI2_bit); // stringKirim baru, sesuai nilai adc cpltCallback
      |                                       ~^                                             ~~~~~~~
      |                                        |                                             |
      |                                        int                                           uint32_t {aka long unsigned int}
      |                                       %ld
../Core/Src/main.c:277:44: warning: format '%d' expects argument of type 'int', but argument 8 has type 'uint32_t' {aka 'long unsigned int'} [-Wformat=]
  277 |  sprintf(stringKirim,"%d, %d, %f, %f, %d, %d, %d\n",k,timestamp, AO0_volt, AO1_volt, AI0_bit, AI1_bit, AI2_bit); // stringKirim baru, sesuai nilai adc cpltCallback
      |                                           ~^                                                  ~~~~~~~
      |                                            |                                                  |
      |                                            int                                                uint32_t {aka long unsigned int}
      |                                           %ld
../Core/Src/main.c:277:48: warning: format '%d' expects argument of type 'int', but argument 9 has type 'uint32_t' {aka 'long unsigned int'} [-Wformat=]
  277 |  sprintf(stringKirim,"%d, %d, %f, %f, %d, %d, %d\n",k,timestamp, AO0_volt, AO1_volt, AI0_bit, AI1_bit, AI2_bit); // stringKirim baru, sesuai nilai adc cpltCallback
      |                                               ~^                                                       ~~~~~~~
      |                                                |                                                       |
      |                                                int                                                     uint32_t {aka long unsigned int}
      |                                               %ld
../Core/Src/main.c:283:28: warning: pointer targets in passing argument 2 of 'HAL_UART_Receive' differ in signedness [-Wpointer-sign]
  283 |  HAL_UART_Receive(&huart4, (char*)Rx_buffer, 50, 500);
      |                            ^~~~~~~~~~~~~~~~
      |                            |
      |                            char *
In file included from ../Core/Inc/stm32f4xx_hal_conf.h:407,
                 from ../Drivers/STM32F4xx_HAL_Driver/Inc/stm32f4xx_hal.h:30,
                 from ../Core/Inc/main.h:30,
                 from ../Core/Src/main.c:20:
../Drivers/STM32F4xx_HAL_Driver/Inc/stm32f4xx_hal_uart.h:724:72: note: expected 'uint8_t *' {aka 'unsigned char *'} but argument is of type 'char *'
  724 | HAL_StatusTypeDef HAL_UART_Receive(UART_HandleTypeDef *huart, uint8_t *pData, uint16_t Size, uint32_t Timeout);
      |                                                               ~~~~~~~~~^~~~~
../Core/Src/main.c:286:32: warning: format '%d' expects argument of type 'int *', but argument 3 has type 'uint32_t *' {aka 'long unsigned int *'} [-Wformat=]
  286 |  sscanf(Rx_buffer_print, "[SP=%d],[KP=%d],[KI=%d]", &SP, &KP, &KI);
      |                               ~^                    ~~~
      |                                |                    |
      |                                int *                uint32_t * {aka long unsigned int *}
      |                               %ld
../Core/Src/main.c:286:40: warning: format '%d' expects argument of type 'int *', but argument 4 has type 'uint32_t *' {aka 'long unsigned int *'} [-Wformat=]
  286 |  sscanf(Rx_buffer_print, "[SP=%d],[KP=%d],[KI=%d]", &SP, &KP, &KI);
      |                                       ~^                 ~~~
      |                                        |                 |
      |                                        int *             uint32_t * {aka long unsigned int *}
      |                                       %ld
../Core/Src/main.c:286:48: warning: format '%d' expects argument of type 'int *', but argument 5 has type 'uint32_t *' {aka 'long unsigned int *'} [-Wformat=]
  286 |  sscanf(Rx_buffer_print, "[SP=%d],[KP=%d],[KI=%d]", &SP, &KP, &KI);
      |                                               ~^              ~~~
      |                                                |              |
      |                                                int *          uint32_t * {aka long unsigned int *}
      |                                               %ld
../Core/Src/main.c: In function 'HAL_ADC_ConvCpltCallback':
../Core/Src/main.c:362:7: warning: suggest parentheses around assignment used as truth value [-Wparentheses]
  362 |    if(awal = 1){
      |       ^~~~
../Core/Src/main.c: At top level:
../Core/Src/main.c:69:6: warning: array 'Rx_buffer_string' assumed to have one element
   69 | char Rx_buffer_string[];
      |      ^~~~~~~~~~~~~~~~
../Core/Src/main.c:70:6: warning: array 'Rx_buffer_status' assumed to have one element
   70 | char Rx_buffer_status[];
      |      ^~~~~~~~~~~~~~~~
../Core/Src/main.c: In function 'main':
../Core/Src/main.c:284:28: warning: '%s' directive writing up to 99 bytes into a region of size 1 [-Wformat-overflow=]
  284 |  sprintf(Rx_buffer_string,"%s",Rx_buffer);
      |                            ^~  ~~~~~~~~~
../Core/Src/main.c:284:2: note: 'sprintf' output between 1 and 100 bytes into a destination of size 1
  284 |  sprintf(Rx_buffer_string,"%s",Rx_buffer);
      |  ^~~~~~~~~~~~~~~~~~~~~~~~~~~~~~~~~~~~~~~~
arm-none-eabi-gcc -o "MultichannelADC.elf" @"objects.list"   -mcpu=cortex-m4 -T"D:\OneDrive - Institut Teknologi Sepuluh Nopember\Tugas Akhir\Coding Faris\STM32\MultichannelADC\STM32F407VGTX_FLASH.ld" --specs=nosys.specs -Wl,-Map="MultichannelADC.map" -Wl,--gc-sections -static --specs=nano.specs -mfpu=fpv4-sp-d16 -mfloat-abi=hard -mthumb -u _printf_float -u _scanf_float -Wl,--start-group -lc -lm -Wl,--end-group
Finished building target: MultichannelADC.elf
 
arm-none-eabi-size   MultichannelADC.elf 
arm-none-eabi-objdump -h -S  MultichannelADC.elf  > "MultichannelADC.list"
arm-none-eabi-objcopy  -O binary  MultichannelADC.elf  "MultichannelADC.bin"
   text	   data	    bss	    dec	    hex	filename
  65220	    596	   3804	  69620	  10ff4	MultichannelADC.elf
Finished building: default.size.stdout
 
Finished building: MultichannelADC.bin
 
Finished building: MultichannelADC.list
 
21:42:46 **** Incremental Build of configuration Debug for project MultichannelADC ****
make -j8 all 
arm-none-eabi-gcc "../Core/Src/main.c" -mcpu=cortex-m4 -std=gnu11 -g3 -DDEBUG -DUSE_HAL_DRIVER -DSTM32F407xx -c -I../Core/Inc -I../Drivers/STM32F4xx_HAL_Driver/Inc -I../Drivers/STM32F4xx_HAL_Driver/Inc/Legacy -I../Drivers/CMSIS/Device/ST/STM32F4xx/Include -I../Drivers/CMSIS/Include -I../FATFS/Target -I../FATFS/App -I../Middlewares/Third_Party/FatFs/src -O0 -ffunction-sections -fdata-sections -Wall -fstack-usage -MMD -MP -MF"Core/Src/main.d" -MT"Core/Src/main.o" --specs=nano.specs -mfpu=fpv4-sp-d16 -mfloat-abi=hard -mthumb -o "Core/Src/main.o"
../Core/Src/main.c: In function 'main':
../Core/Src/main.c:277:28: warning: format '%d' expects argument of type 'int', but argument 4 has type 'uint32_t' {aka 'long unsigned int'} [-Wformat=]
  277 |  sprintf(stringKirim,"%d, %d, %f, %f, %d, %d, %d\n",k,timestamp, AO0_volt, AO1_volt, AI0_bit, AI1_bit, AI2_bit); // stringKirim baru, sesuai nilai adc cpltCallback
      |                           ~^                          ~~~~~~~~~
      |                            |                          |
      |                            int                        uint32_t {aka long unsigned int}
      |                           %ld
../Core/Src/main.c:277:40: warning: format '%d' expects argument of type 'int', but argument 7 has type 'uint32_t' {aka 'long unsigned int'} [-Wformat=]
  277 |  sprintf(stringKirim,"%d, %d, %f, %f, %d, %d, %d\n",k,timestamp, AO0_volt, AO1_volt, AI0_bit, AI1_bit, AI2_bit); // stringKirim baru, sesuai nilai adc cpltCallback
      |                                       ~^                                             ~~~~~~~
      |                                        |                                             |
      |                                        int                                           uint32_t {aka long unsigned int}
      |                                       %ld
../Core/Src/main.c:277:44: warning: format '%d' expects argument of type 'int', but argument 8 has type 'uint32_t' {aka 'long unsigned int'} [-Wformat=]
  277 |  sprintf(stringKirim,"%d, %d, %f, %f, %d, %d, %d\n",k,timestamp, AO0_volt, AO1_volt, AI0_bit, AI1_bit, AI2_bit); // stringKirim baru, sesuai nilai adc cpltCallback
      |                                           ~^                                                  ~~~~~~~
      |                                            |                                                  |
      |                                            int                                                uint32_t {aka long unsigned int}
      |                                           %ld
../Core/Src/main.c:277:48: warning: format '%d' expects argument of type 'int', but argument 9 has type 'uint32_t' {aka 'long unsigned int'} [-Wformat=]
  277 |  sprintf(stringKirim,"%d, %d, %f, %f, %d, %d, %d\n",k,timestamp, AO0_volt, AO1_volt, AI0_bit, AI1_bit, AI2_bit); // stringKirim baru, sesuai nilai adc cpltCallback
      |                                               ~^                                                       ~~~~~~~
      |                                                |                                                       |
      |                                                int                                                     uint32_t {aka long unsigned int}
      |                                               %ld
../Core/Src/main.c:283:28: warning: pointer targets in passing argument 2 of 'HAL_UART_Receive' differ in signedness [-Wpointer-sign]
  283 |  HAL_UART_Receive(&huart4, (char*)Rx_buffer, 50, 500);
      |                            ^~~~~~~~~~~~~~~~
      |                            |
      |                            char *
In file included from ../Core/Inc/stm32f4xx_hal_conf.h:407,
                 from ../Drivers/STM32F4xx_HAL_Driver/Inc/stm32f4xx_hal.h:30,
                 from ../Core/Inc/main.h:30,
                 from ../Core/Src/main.c:20:
../Drivers/STM32F4xx_HAL_Driver/Inc/stm32f4xx_hal_uart.h:724:72: note: expected 'uint8_t *' {aka 'unsigned char *'} but argument is of type 'char *'
  724 | HAL_StatusTypeDef HAL_UART_Receive(UART_HandleTypeDef *huart, uint8_t *pData, uint16_t Size, uint32_t Timeout);
      |                                                               ~~~~~~~~~^~~~~
../Core/Src/main.c:286:32: warning: format '%d' expects argument of type 'int *', but argument 3 has type 'uint32_t *' {aka 'long unsigned int *'} [-Wformat=]
  286 |  sscanf(Rx_buffer_print, "[SP=%d],[KP=%d],[KI=%d]", &SP, &KP, &KI);
      |                               ~^                    ~~~
      |                                |                    |
      |                                int *                uint32_t * {aka long unsigned int *}
      |                               %ld
../Core/Src/main.c:286:40: warning: format '%d' expects argument of type 'int *', but argument 4 has type 'uint32_t *' {aka 'long unsigned int *'} [-Wformat=]
  286 |  sscanf(Rx_buffer_print, "[SP=%d],[KP=%d],[KI=%d]", &SP, &KP, &KI);
      |                                       ~^                 ~~~
      |                                        |                 |
      |                                        int *             uint32_t * {aka long unsigned int *}
      |                                       %ld
../Core/Src/main.c:286:48: warning: format '%d' expects argument of type 'int *', but argument 5 has type 'uint32_t *' {aka 'long unsigned int *'} [-Wformat=]
  286 |  sscanf(Rx_buffer_print, "[SP=%d],[KP=%d],[KI=%d]", &SP, &KP, &KI);
      |                                               ~^              ~~~
      |                                                |              |
      |                                                int *          uint32_t * {aka long unsigned int *}
      |                                               %ld
../Core/Src/main.c: In function 'HAL_ADC_ConvCpltCallback':
../Core/Src/main.c:362:7: warning: suggest parentheses around assignment used as truth value [-Wparentheses]
  362 |    if(awal = 1){
      |       ^~~~
../Core/Src/main.c: At top level:
../Core/Src/main.c:69:6: warning: array 'Rx_buffer_string' assumed to have one element
   69 | char Rx_buffer_string[];
      |      ^~~~~~~~~~~~~~~~
../Core/Src/main.c:70:6: warning: array 'Rx_buffer_status' assumed to have one element
   70 | char Rx_buffer_status[];
      |      ^~~~~~~~~~~~~~~~
../Core/Src/main.c: In function 'main':
../Core/Src/main.c:284:28: warning: '%s' directive writing up to 99 bytes into a region of size 1 [-Wformat-overflow=]
  284 |  sprintf(Rx_buffer_string,"%s",Rx_buffer);
      |                            ^~  ~~~~~~~~~
../Core/Src/main.c:284:2: note: 'sprintf' output between 1 and 100 bytes into a destination of size 1
  284 |  sprintf(Rx_buffer_string,"%s",Rx_buffer);
      |  ^~~~~~~~~~~~~~~~~~~~~~~~~~~~~~~~~~~~~~~~
arm-none-eabi-gcc -o "MultichannelADC.elf" @"objects.list"   -mcpu=cortex-m4 -T"D:\OneDrive - Institut Teknologi Sepuluh Nopember\Tugas Akhir\Coding Faris\STM32\MultichannelADC\STM32F407VGTX_FLASH.ld" --specs=nosys.specs -Wl,-Map="MultichannelADC.map" -Wl,--gc-sections -static --specs=nano.specs -mfpu=fpv4-sp-d16 -mfloat-abi=hard -mthumb -u _printf_float -u _scanf_float -Wl,--start-group -lc -lm -Wl,--end-group
Finished building target: MultichannelADC.elf
 
arm-none-eabi-size   MultichannelADC.elf 
arm-none-eabi-objdump -h -S  MultichannelADC.elf  > "MultichannelADC.list"
arm-none-eabi-objcopy  -O binary  MultichannelADC.elf  "MultichannelADC.bin"
   text	   data	    bss	    dec	    hex	filename
  65220	    596	   3804	  69620	  10ff4	MultichannelADC.elf
Finished building: default.size.stdout
 
Finished building: MultichannelADC.bin
 
Finished building: MultichannelADC.list
 
21:47:13 **** Incremental Build of configuration Debug for project MultichannelADC ****
make -j8 all 
arm-none-eabi-gcc "../Core/Src/main.c" -mcpu=cortex-m4 -std=gnu11 -g3 -DDEBUG -DUSE_HAL_DRIVER -DSTM32F407xx -c -I../Core/Inc -I../Drivers/STM32F4xx_HAL_Driver/Inc -I../Drivers/STM32F4xx_HAL_Driver/Inc/Legacy -I../Drivers/CMSIS/Device/ST/STM32F4xx/Include -I../Drivers/CMSIS/Include -I../FATFS/Target -I../FATFS/App -I../Middlewares/Third_Party/FatFs/src -O0 -ffunction-sections -fdata-sections -Wall -fstack-usage -MMD -MP -MF"Core/Src/main.d" -MT"Core/Src/main.o" --specs=nano.specs -mfpu=fpv4-sp-d16 -mfloat-abi=hard -mthumb -o "Core/Src/main.o"
../Core/Src/main.c: In function 'main':
../Core/Src/main.c:277:28: warning: format '%d' expects argument of type 'int', but argument 4 has type 'uint32_t' {aka 'long unsigned int'} [-Wformat=]
  277 |  sprintf(stringKirim,"%d, %d, %f, %f, %d, %d, %d\n",k,timestamp, AO0_volt, AO1_volt, AI0_bit, AI1_bit, AI2_bit); // stringKirim baru, sesuai nilai adc cpltCallback
      |                           ~^                          ~~~~~~~~~
      |                            |                          |
      |                            int                        uint32_t {aka long unsigned int}
      |                           %ld
../Core/Src/main.c:277:40: warning: format '%d' expects argument of type 'int', but argument 7 has type 'uint32_t' {aka 'long unsigned int'} [-Wformat=]
  277 |  sprintf(stringKirim,"%d, %d, %f, %f, %d, %d, %d\n",k,timestamp, AO0_volt, AO1_volt, AI0_bit, AI1_bit, AI2_bit); // stringKirim baru, sesuai nilai adc cpltCallback
      |                                       ~^                                             ~~~~~~~
      |                                        |                                             |
      |                                        int                                           uint32_t {aka long unsigned int}
      |                                       %ld
../Core/Src/main.c:277:44: warning: format '%d' expects argument of type 'int', but argument 8 has type 'uint32_t' {aka 'long unsigned int'} [-Wformat=]
  277 |  sprintf(stringKirim,"%d, %d, %f, %f, %d, %d, %d\n",k,timestamp, AO0_volt, AO1_volt, AI0_bit, AI1_bit, AI2_bit); // stringKirim baru, sesuai nilai adc cpltCallback
      |                                           ~^                                                  ~~~~~~~
      |                                            |                                                  |
      |                                            int                                                uint32_t {aka long unsigned int}
      |                                           %ld
../Core/Src/main.c:277:48: warning: format '%d' expects argument of type 'int', but argument 9 has type 'uint32_t' {aka 'long unsigned int'} [-Wformat=]
  277 |  sprintf(stringKirim,"%d, %d, %f, %f, %d, %d, %d\n",k,timestamp, AO0_volt, AO1_volt, AI0_bit, AI1_bit, AI2_bit); // stringKirim baru, sesuai nilai adc cpltCallback
      |                                               ~^                                                       ~~~~~~~
      |                                                |                                                       |
      |                                                int                                                     uint32_t {aka long unsigned int}
      |                                               %ld
../Core/Src/main.c:283:28: warning: pointer targets in passing argument 2 of 'HAL_UART_Receive' differ in signedness [-Wpointer-sign]
  283 |  HAL_UART_Receive(&huart4, (char*)Rx_buffer, 50, 500);
      |                            ^~~~~~~~~~~~~~~~
      |                            |
      |                            char *
In file included from ../Core/Inc/stm32f4xx_hal_conf.h:407,
                 from ../Drivers/STM32F4xx_HAL_Driver/Inc/stm32f4xx_hal.h:30,
                 from ../Core/Inc/main.h:30,
                 from ../Core/Src/main.c:20:
../Drivers/STM32F4xx_HAL_Driver/Inc/stm32f4xx_hal_uart.h:724:72: note: expected 'uint8_t *' {aka 'unsigned char *'} but argument is of type 'char *'
  724 | HAL_StatusTypeDef HAL_UART_Receive(UART_HandleTypeDef *huart, uint8_t *pData, uint16_t Size, uint32_t Timeout);
      |                                                               ~~~~~~~~~^~~~~
../Core/Src/main.c:286:32: warning: format '%d' expects argument of type 'int *', but argument 3 has type 'uint32_t *' {aka 'long unsigned int *'} [-Wformat=]
  286 |  sscanf(Rx_buffer_print, "[SP=%d],[KP=%d],[KI=%d]", &SP, &KP, &KI);
      |                               ~^                    ~~~
      |                                |                    |
      |                                int *                uint32_t * {aka long unsigned int *}
      |                               %ld
../Core/Src/main.c:286:40: warning: format '%d' expects argument of type 'int *', but argument 4 has type 'uint32_t *' {aka 'long unsigned int *'} [-Wformat=]
  286 |  sscanf(Rx_buffer_print, "[SP=%d],[KP=%d],[KI=%d]", &SP, &KP, &KI);
      |                                       ~^                 ~~~
      |                                        |                 |
      |                                        int *             uint32_t * {aka long unsigned int *}
      |                                       %ld
../Core/Src/main.c:286:48: warning: format '%d' expects argument of type 'int *', but argument 5 has type 'uint32_t *' {aka 'long unsigned int *'} [-Wformat=]
  286 |  sscanf(Rx_buffer_print, "[SP=%d],[KP=%d],[KI=%d]", &SP, &KP, &KI);
      |                                               ~^              ~~~
      |                                                |              |
      |                                                int *          uint32_t * {aka long unsigned int *}
      |                                               %ld
../Core/Src/main.c: In function 'HAL_ADC_ConvCpltCallback':
../Core/Src/main.c:362:7: warning: suggest parentheses around assignment used as truth value [-Wparentheses]
  362 |    if(awal = 1){
      |       ^~~~
../Core/Src/main.c: At top level:
../Core/Src/main.c:69:6: warning: array 'Rx_buffer_string' assumed to have one element
   69 | char Rx_buffer_string[];
      |      ^~~~~~~~~~~~~~~~
../Core/Src/main.c:70:6: warning: array 'Rx_buffer_status' assumed to have one element
   70 | char Rx_buffer_status[];
      |      ^~~~~~~~~~~~~~~~
../Core/Src/main.c: In function 'main':
../Core/Src/main.c:284:28: warning: '%s' directive writing up to 99 bytes into a region of size 1 [-Wformat-overflow=]
  284 |  sprintf(Rx_buffer_string,"%s",Rx_buffer);
      |                            ^~  ~~~~~~~~~
../Core/Src/main.c:284:2: note: 'sprintf' output between 1 and 100 bytes into a destination of size 1
  284 |  sprintf(Rx_buffer_string,"%s",Rx_buffer);
      |  ^~~~~~~~~~~~~~~~~~~~~~~~~~~~~~~~~~~~~~~~
arm-none-eabi-gcc -o "MultichannelADC.elf" @"objects.list"   -mcpu=cortex-m4 -T"D:\OneDrive - Institut Teknologi Sepuluh Nopember\Tugas Akhir\Coding Faris\STM32\MultichannelADC\STM32F407VGTX_FLASH.ld" --specs=nosys.specs -Wl,-Map="MultichannelADC.map" -Wl,--gc-sections -static --specs=nano.specs -mfpu=fpv4-sp-d16 -mfloat-abi=hard -mthumb -u _printf_float -u _scanf_float -Wl,--start-group -lc -lm -Wl,--end-group
Finished building target: MultichannelADC.elf
 
arm-none-eabi-size   MultichannelADC.elf 
arm-none-eabi-objdump -h -S  MultichannelADC.elf  > "MultichannelADC.list"
arm-none-eabi-objcopy  -O binary  MultichannelADC.elf  "MultichannelADC.bin"
   text	   data	    bss	    dec	    hex	filename
  65220	    596	   3804	  69620	  10ff4	MultichannelADC.elf
Finished building: default.size.stdout
 
Finished building: MultichannelADC.bin
 
Finished building: MultichannelADC.list
 
21:54:47 **** Incremental Build of configuration Debug for project MultichannelADC ****
make -j8 all 
arm-none-eabi-gcc "../Core/Src/main.c" -mcpu=cortex-m4 -std=gnu11 -g3 -DDEBUG -DUSE_HAL_DRIVER -DSTM32F407xx -c -I../Core/Inc -I../Drivers/STM32F4xx_HAL_Driver/Inc -I../Drivers/STM32F4xx_HAL_Driver/Inc/Legacy -I../Drivers/CMSIS/Device/ST/STM32F4xx/Include -I../Drivers/CMSIS/Include -I../FATFS/Target -I../FATFS/App -I../Middlewares/Third_Party/FatFs/src -O0 -ffunction-sections -fdata-sections -Wall -fstack-usage -MMD -MP -MF"Core/Src/main.d" -MT"Core/Src/main.o" --specs=nano.specs -mfpu=fpv4-sp-d16 -mfloat-abi=hard -mthumb -o "Core/Src/main.o"
../Core/Src/main.c: In function 'main':
../Core/Src/main.c:277:28: warning: format '%d' expects argument of type 'int', but argument 4 has type 'uint32_t' {aka 'long unsigned int'} [-Wformat=]
  277 |  sprintf(stringKirim,"%d, %d, %f, %f, %d, %d, %d\n",k,timestamp, AO0_volt, AO1_volt, AI0_bit, AI1_bit, AI2_bit); // stringKirim baru, sesuai nilai adc cpltCallback
      |                           ~^                          ~~~~~~~~~
      |                            |                          |
      |                            int                        uint32_t {aka long unsigned int}
      |                           %ld
../Core/Src/main.c:277:40: warning: format '%d' expects argument of type 'int', but argument 7 has type 'uint32_t' {aka 'long unsigned int'} [-Wformat=]
  277 |  sprintf(stringKirim,"%d, %d, %f, %f, %d, %d, %d\n",k,timestamp, AO0_volt, AO1_volt, AI0_bit, AI1_bit, AI2_bit); // stringKirim baru, sesuai nilai adc cpltCallback
      |                                       ~^                                             ~~~~~~~
      |                                        |                                             |
      |                                        int                                           uint32_t {aka long unsigned int}
      |                                       %ld
../Core/Src/main.c:277:44: warning: format '%d' expects argument of type 'int', but argument 8 has type 'uint32_t' {aka 'long unsigned int'} [-Wformat=]
  277 |  sprintf(stringKirim,"%d, %d, %f, %f, %d, %d, %d\n",k,timestamp, AO0_volt, AO1_volt, AI0_bit, AI1_bit, AI2_bit); // stringKirim baru, sesuai nilai adc cpltCallback
      |                                           ~^                                                  ~~~~~~~
      |                                            |                                                  |
      |                                            int                                                uint32_t {aka long unsigned int}
      |                                           %ld
../Core/Src/main.c:277:48: warning: format '%d' expects argument of type 'int', but argument 9 has type 'uint32_t' {aka 'long unsigned int'} [-Wformat=]
  277 |  sprintf(stringKirim,"%d, %d, %f, %f, %d, %d, %d\n",k,timestamp, AO0_volt, AO1_volt, AI0_bit, AI1_bit, AI2_bit); // stringKirim baru, sesuai nilai adc cpltCallback
      |                                               ~^                                                       ~~~~~~~
      |                                                |                                                       |
      |                                                int                                                     uint32_t {aka long unsigned int}
      |                                               %ld
../Core/Src/main.c:283:28: warning: pointer targets in passing argument 2 of 'HAL_UART_Receive' differ in signedness [-Wpointer-sign]
  283 |  HAL_UART_Receive(&huart4, (char*)Rx_buffer, 50, 500);
      |                            ^~~~~~~~~~~~~~~~
      |                            |
      |                            char *
In file included from ../Core/Inc/stm32f4xx_hal_conf.h:407,
                 from ../Drivers/STM32F4xx_HAL_Driver/Inc/stm32f4xx_hal.h:30,
                 from ../Core/Inc/main.h:30,
                 from ../Core/Src/main.c:20:
../Drivers/STM32F4xx_HAL_Driver/Inc/stm32f4xx_hal_uart.h:724:72: note: expected 'uint8_t *' {aka 'unsigned char *'} but argument is of type 'char *'
  724 | HAL_StatusTypeDef HAL_UART_Receive(UART_HandleTypeDef *huart, uint8_t *pData, uint16_t Size, uint32_t Timeout);
      |                                                               ~~~~~~~~~^~~~~
../Core/Src/main.c:286:32: warning: format '%d' expects argument of type 'int *', but argument 3 has type 'uint32_t *' {aka 'long unsigned int *'} [-Wformat=]
  286 |  sscanf(Rx_buffer_print, "[SP=%d],[KP=%d],[KI=%d]", &SP, &KP, &KI);
      |                               ~^                    ~~~
      |                                |                    |
      |                                int *                uint32_t * {aka long unsigned int *}
      |                               %ld
../Core/Src/main.c:286:40: warning: format '%d' expects argument of type 'int *', but argument 4 has type 'uint32_t *' {aka 'long unsigned int *'} [-Wformat=]
  286 |  sscanf(Rx_buffer_print, "[SP=%d],[KP=%d],[KI=%d]", &SP, &KP, &KI);
      |                                       ~^                 ~~~
      |                                        |                 |
      |                                        int *             uint32_t * {aka long unsigned int *}
      |                                       %ld
../Core/Src/main.c:286:48: warning: format '%d' expects argument of type 'int *', but argument 5 has type 'uint32_t *' {aka 'long unsigned int *'} [-Wformat=]
  286 |  sscanf(Rx_buffer_print, "[SP=%d],[KP=%d],[KI=%d]", &SP, &KP, &KI);
      |                                               ~^              ~~~
      |                                                |              |
      |                                                int *          uint32_t * {aka long unsigned int *}
      |                                               %ld
../Core/Src/main.c: In function 'HAL_ADC_ConvCpltCallback':
../Core/Src/main.c:362:7: warning: suggest parentheses around assignment used as truth value [-Wparentheses]
  362 |    if(awal = 1){
      |       ^~~~
../Core/Src/main.c: At top level:
../Core/Src/main.c:69:6: warning: array 'Rx_buffer_string' assumed to have one element
   69 | char Rx_buffer_string[];
      |      ^~~~~~~~~~~~~~~~
../Core/Src/main.c:70:6: warning: array 'Rx_buffer_status' assumed to have one element
   70 | char Rx_buffer_status[];
      |      ^~~~~~~~~~~~~~~~
../Core/Src/main.c: In function 'main':
../Core/Src/main.c:284:28: warning: '%s' directive writing up to 99 bytes into a region of size 1 [-Wformat-overflow=]
  284 |  sprintf(Rx_buffer_string,"%s",Rx_buffer);
      |                            ^~  ~~~~~~~~~
../Core/Src/main.c:284:2: note: 'sprintf' output between 1 and 100 bytes into a destination of size 1
  284 |  sprintf(Rx_buffer_string,"%s",Rx_buffer);
      |  ^~~~~~~~~~~~~~~~~~~~~~~~~~~~~~~~~~~~~~~~
arm-none-eabi-gcc -o "MultichannelADC.elf" @"objects.list"   -mcpu=cortex-m4 -T"D:\OneDrive - Institut Teknologi Sepuluh Nopember\Tugas Akhir\Coding Faris\STM32\MultichannelADC\STM32F407VGTX_FLASH.ld" --specs=nosys.specs -Wl,-Map="MultichannelADC.map" -Wl,--gc-sections -static --specs=nano.specs -mfpu=fpv4-sp-d16 -mfloat-abi=hard -mthumb -u _printf_float -u _scanf_float -Wl,--start-group -lc -lm -Wl,--end-group
Finished building target: MultichannelADC.elf
 
arm-none-eabi-size   MultichannelADC.elf 
arm-none-eabi-objdump -h -S  MultichannelADC.elf  > "MultichannelADC.list"
arm-none-eabi-objcopy  -O binary  MultichannelADC.elf  "MultichannelADC.bin"
   text	   data	    bss	    dec	    hex	filename
  65220	    596	   3804	  69620	  10ff4	MultichannelADC.elf
Finished building: default.size.stdout
 
Finished building: MultichannelADC.bin
 
Finished building: MultichannelADC.list
 
22:00:53 **** Incremental Build of configuration Debug for project MultichannelADC ****
make -j8 all 
arm-none-eabi-gcc "../Core/Src/main.c" -mcpu=cortex-m4 -std=gnu11 -g3 -DDEBUG -DUSE_HAL_DRIVER -DSTM32F407xx -c -I../Core/Inc -I../Drivers/STM32F4xx_HAL_Driver/Inc -I../Drivers/STM32F4xx_HAL_Driver/Inc/Legacy -I../Drivers/CMSIS/Device/ST/STM32F4xx/Include -I../Drivers/CMSIS/Include -I../FATFS/Target -I../FATFS/App -I../Middlewares/Third_Party/FatFs/src -O0 -ffunction-sections -fdata-sections -Wall -fstack-usage -MMD -MP -MF"Core/Src/main.d" -MT"Core/Src/main.o" --specs=nano.specs -mfpu=fpv4-sp-d16 -mfloat-abi=hard -mthumb -o "Core/Src/main.o"
../Core/Src/main.c: In function 'main':
../Core/Src/main.c:277:28: warning: format '%d' expects argument of type 'int', but argument 4 has type 'uint32_t' {aka 'long unsigned int'} [-Wformat=]
  277 |  sprintf(stringKirim,"%d, %d, %f, %f, %d, %d, %d\n",k,timestamp, AO0_volt, AO1_volt, AI0_bit, AI1_bit, AI2_bit); // stringKirim baru, sesuai nilai adc cpltCallback
      |                           ~^                          ~~~~~~~~~
      |                            |                          |
      |                            int                        uint32_t {aka long unsigned int}
      |                           %ld
../Core/Src/main.c:277:40: warning: format '%d' expects argument of type 'int', but argument 7 has type 'uint32_t' {aka 'long unsigned int'} [-Wformat=]
  277 |  sprintf(stringKirim,"%d, %d, %f, %f, %d, %d, %d\n",k,timestamp, AO0_volt, AO1_volt, AI0_bit, AI1_bit, AI2_bit); // stringKirim baru, sesuai nilai adc cpltCallback
      |                                       ~^                                             ~~~~~~~
      |                                        |                                             |
      |                                        int                                           uint32_t {aka long unsigned int}
      |                                       %ld
../Core/Src/main.c:277:44: warning: format '%d' expects argument of type 'int', but argument 8 has type 'uint32_t' {aka 'long unsigned int'} [-Wformat=]
  277 |  sprintf(stringKirim,"%d, %d, %f, %f, %d, %d, %d\n",k,timestamp, AO0_volt, AO1_volt, AI0_bit, AI1_bit, AI2_bit); // stringKirim baru, sesuai nilai adc cpltCallback
      |                                           ~^                                                  ~~~~~~~
      |                                            |                                                  |
      |                                            int                                                uint32_t {aka long unsigned int}
      |                                           %ld
../Core/Src/main.c:277:48: warning: format '%d' expects argument of type 'int', but argument 9 has type 'uint32_t' {aka 'long unsigned int'} [-Wformat=]
  277 |  sprintf(stringKirim,"%d, %d, %f, %f, %d, %d, %d\n",k,timestamp, AO0_volt, AO1_volt, AI0_bit, AI1_bit, AI2_bit); // stringKirim baru, sesuai nilai adc cpltCallback
      |                                               ~^                                                       ~~~~~~~
      |                                                |                                                       |
      |                                                int                                                     uint32_t {aka long unsigned int}
      |                                               %ld
../Core/Src/main.c:283:28: warning: pointer targets in passing argument 2 of 'HAL_UART_Receive' differ in signedness [-Wpointer-sign]
  283 |  HAL_UART_Receive(&huart4, (char*)Rx_buffer, 50, 500);
      |                            ^~~~~~~~~~~~~~~~
      |                            |
      |                            char *
In file included from ../Core/Inc/stm32f4xx_hal_conf.h:407,
                 from ../Drivers/STM32F4xx_HAL_Driver/Inc/stm32f4xx_hal.h:30,
                 from ../Core/Inc/main.h:30,
                 from ../Core/Src/main.c:20:
../Drivers/STM32F4xx_HAL_Driver/Inc/stm32f4xx_hal_uart.h:724:72: note: expected 'uint8_t *' {aka 'unsigned char *'} but argument is of type 'char *'
  724 | HAL_StatusTypeDef HAL_UART_Receive(UART_HandleTypeDef *huart, uint8_t *pData, uint16_t Size, uint32_t Timeout);
      |                                                               ~~~~~~~~~^~~~~
../Core/Src/main.c:286:32: warning: format '%d' expects argument of type 'int *', but argument 3 has type 'uint32_t *' {aka 'long unsigned int *'} [-Wformat=]
  286 |  sscanf(Rx_buffer_print, "[SP=%d],[KP=%d],[KI=%d]", &SP, &KP, &KI);
      |                               ~^                    ~~~
      |                                |                    |
      |                                int *                uint32_t * {aka long unsigned int *}
      |                               %ld
../Core/Src/main.c:286:40: warning: format '%d' expects argument of type 'int *', but argument 4 has type 'uint32_t *' {aka 'long unsigned int *'} [-Wformat=]
  286 |  sscanf(Rx_buffer_print, "[SP=%d],[KP=%d],[KI=%d]", &SP, &KP, &KI);
      |                                       ~^                 ~~~
      |                                        |                 |
      |                                        int *             uint32_t * {aka long unsigned int *}
      |                                       %ld
../Core/Src/main.c:286:48: warning: format '%d' expects argument of type 'int *', but argument 5 has type 'uint32_t *' {aka 'long unsigned int *'} [-Wformat=]
  286 |  sscanf(Rx_buffer_print, "[SP=%d],[KP=%d],[KI=%d]", &SP, &KP, &KI);
      |                                               ~^              ~~~
      |                                                |              |
      |                                                int *          uint32_t * {aka long unsigned int *}
      |                                               %ld
../Core/Src/main.c: In function 'HAL_ADC_ConvCpltCallback':
../Core/Src/main.c:362:7: warning: suggest parentheses around assignment used as truth value [-Wparentheses]
  362 |    if(awal = 1){
      |       ^~~~
../Core/Src/main.c: At top level:
../Core/Src/main.c:69:6: warning: array 'Rx_buffer_string' assumed to have one element
   69 | char Rx_buffer_string[];
      |      ^~~~~~~~~~~~~~~~
../Core/Src/main.c:70:6: warning: array 'Rx_buffer_status' assumed to have one element
   70 | char Rx_buffer_status[];
      |      ^~~~~~~~~~~~~~~~
../Core/Src/main.c: In function 'main':
../Core/Src/main.c:284:28: warning: '%s' directive writing up to 99 bytes into a region of size 1 [-Wformat-overflow=]
  284 |  sprintf(Rx_buffer_string,"%s",Rx_buffer);
      |                            ^~  ~~~~~~~~~
../Core/Src/main.c:284:2: note: 'sprintf' output between 1 and 100 bytes into a destination of size 1
  284 |  sprintf(Rx_buffer_string,"%s",Rx_buffer);
      |  ^~~~~~~~~~~~~~~~~~~~~~~~~~~~~~~~~~~~~~~~
arm-none-eabi-gcc -o "MultichannelADC.elf" @"objects.list"   -mcpu=cortex-m4 -T"D:\OneDrive - Institut Teknologi Sepuluh Nopember\Tugas Akhir\Coding Faris\STM32\MultichannelADC\STM32F407VGTX_FLASH.ld" --specs=nosys.specs -Wl,-Map="MultichannelADC.map" -Wl,--gc-sections -static --specs=nano.specs -mfpu=fpv4-sp-d16 -mfloat-abi=hard -mthumb -u _printf_float -u _scanf_float -Wl,--start-group -lc -lm -Wl,--end-group
Finished building target: MultichannelADC.elf
 
arm-none-eabi-size   MultichannelADC.elf 
arm-none-eabi-objdump -h -S  MultichannelADC.elf  > "MultichannelADC.list"
arm-none-eabi-objcopy  -O binary  MultichannelADC.elf  "MultichannelADC.bin"
   text	   data	    bss	    dec	    hex	filename
  65220	    596	   3804	  69620	  10ff4	MultichannelADC.elf
Finished building: default.size.stdout
 
Finished building: MultichannelADC.bin
 
Finished building: MultichannelADC.list
 
22:06:03 **** Incremental Build of configuration Debug for project MultichannelADC ****
make -j8 all 
arm-none-eabi-gcc "../Core/Src/main.c" -mcpu=cortex-m4 -std=gnu11 -g3 -DDEBUG -DUSE_HAL_DRIVER -DSTM32F407xx -c -I../Core/Inc -I../Drivers/STM32F4xx_HAL_Driver/Inc -I../Drivers/STM32F4xx_HAL_Driver/Inc/Legacy -I../Drivers/CMSIS/Device/ST/STM32F4xx/Include -I../Drivers/CMSIS/Include -I../FATFS/Target -I../FATFS/App -I../Middlewares/Third_Party/FatFs/src -O0 -ffunction-sections -fdata-sections -Wall -fstack-usage -MMD -MP -MF"Core/Src/main.d" -MT"Core/Src/main.o" --specs=nano.specs -mfpu=fpv4-sp-d16 -mfloat-abi=hard -mthumb -o "Core/Src/main.o"
../Core/Src/main.c: In function 'main':
../Core/Src/main.c:277:28: warning: format '%d' expects argument of type 'int', but argument 4 has type 'uint32_t' {aka 'long unsigned int'} [-Wformat=]
  277 |  sprintf(stringKirim,"%d, %d, %f, %f, %d, %d, %d\n",k,timestamp, AO0_volt, AO1_volt, AI0_bit, AI1_bit, AI2_bit); // stringKirim baru, sesuai nilai adc cpltCallback
      |                           ~^                          ~~~~~~~~~
      |                            |                          |
      |                            int                        uint32_t {aka long unsigned int}
      |                           %ld
../Core/Src/main.c:277:40: warning: format '%d' expects argument of type 'int', but argument 7 has type 'uint32_t' {aka 'long unsigned int'} [-Wformat=]
  277 |  sprintf(stringKirim,"%d, %d, %f, %f, %d, %d, %d\n",k,timestamp, AO0_volt, AO1_volt, AI0_bit, AI1_bit, AI2_bit); // stringKirim baru, sesuai nilai adc cpltCallback
      |                                       ~^                                             ~~~~~~~
      |                                        |                                             |
      |                                        int                                           uint32_t {aka long unsigned int}
      |                                       %ld
../Core/Src/main.c:277:44: warning: format '%d' expects argument of type 'int', but argument 8 has type 'uint32_t' {aka 'long unsigned int'} [-Wformat=]
  277 |  sprintf(stringKirim,"%d, %d, %f, %f, %d, %d, %d\n",k,timestamp, AO0_volt, AO1_volt, AI0_bit, AI1_bit, AI2_bit); // stringKirim baru, sesuai nilai adc cpltCallback
      |                                           ~^                                                  ~~~~~~~
      |                                            |                                                  |
      |                                            int                                                uint32_t {aka long unsigned int}
      |                                           %ld
../Core/Src/main.c:277:48: warning: format '%d' expects argument of type 'int', but argument 9 has type 'uint32_t' {aka 'long unsigned int'} [-Wformat=]
  277 |  sprintf(stringKirim,"%d, %d, %f, %f, %d, %d, %d\n",k,timestamp, AO0_volt, AO1_volt, AI0_bit, AI1_bit, AI2_bit); // stringKirim baru, sesuai nilai adc cpltCallback
      |                                               ~^                                                       ~~~~~~~
      |                                                |                                                       |
      |                                                int                                                     uint32_t {aka long unsigned int}
      |                                               %ld
../Core/Src/main.c:283:28: warning: pointer targets in passing argument 2 of 'HAL_UART_Receive' differ in signedness [-Wpointer-sign]
  283 |  HAL_UART_Receive(&huart4, (char*)Rx_buffer, 50, 500);
      |                            ^~~~~~~~~~~~~~~~
      |                            |
      |                            char *
In file included from ../Core/Inc/stm32f4xx_hal_conf.h:407,
                 from ../Drivers/STM32F4xx_HAL_Driver/Inc/stm32f4xx_hal.h:30,
                 from ../Core/Inc/main.h:30,
                 from ../Core/Src/main.c:20:
../Drivers/STM32F4xx_HAL_Driver/Inc/stm32f4xx_hal_uart.h:724:72: note: expected 'uint8_t *' {aka 'unsigned char *'} but argument is of type 'char *'
  724 | HAL_StatusTypeDef HAL_UART_Receive(UART_HandleTypeDef *huart, uint8_t *pData, uint16_t Size, uint32_t Timeout);
      |                                                               ~~~~~~~~~^~~~~
../Core/Src/main.c:286:32: warning: format '%d' expects argument of type 'int *', but argument 3 has type 'uint32_t *' {aka 'long unsigned int *'} [-Wformat=]
  286 |  sscanf(Rx_buffer_print, "[SP=%d],[KP=%d],[KI=%d]", &SP, &KP, &KI);
      |                               ~^                    ~~~
      |                                |                    |
      |                                int *                uint32_t * {aka long unsigned int *}
      |                               %ld
../Core/Src/main.c:286:40: warning: format '%d' expects argument of type 'int *', but argument 4 has type 'uint32_t *' {aka 'long unsigned int *'} [-Wformat=]
  286 |  sscanf(Rx_buffer_print, "[SP=%d],[KP=%d],[KI=%d]", &SP, &KP, &KI);
      |                                       ~^                 ~~~
      |                                        |                 |
      |                                        int *             uint32_t * {aka long unsigned int *}
      |                                       %ld
../Core/Src/main.c:286:48: warning: format '%d' expects argument of type 'int *', but argument 5 has type 'uint32_t *' {aka 'long unsigned int *'} [-Wformat=]
  286 |  sscanf(Rx_buffer_print, "[SP=%d],[KP=%d],[KI=%d]", &SP, &KP, &KI);
      |                                               ~^              ~~~
      |                                                |              |
      |                                                int *          uint32_t * {aka long unsigned int *}
      |                                               %ld
../Core/Src/main.c: In function 'HAL_ADC_ConvCpltCallback':
../Core/Src/main.c:362:7: warning: suggest parentheses around assignment used as truth value [-Wparentheses]
  362 |    if(awal = 1){
      |       ^~~~
../Core/Src/main.c: At top level:
../Core/Src/main.c:69:6: warning: array 'Rx_buffer_string' assumed to have one element
   69 | char Rx_buffer_string[];
      |      ^~~~~~~~~~~~~~~~
../Core/Src/main.c:70:6: warning: array 'Rx_buffer_status' assumed to have one element
   70 | char Rx_buffer_status[];
      |      ^~~~~~~~~~~~~~~~
../Core/Src/main.c: In function 'main':
../Core/Src/main.c:284:28: warning: '%s' directive writing up to 99 bytes into a region of size 1 [-Wformat-overflow=]
  284 |  sprintf(Rx_buffer_string,"%s",Rx_buffer);
      |                            ^~  ~~~~~~~~~
../Core/Src/main.c:284:2: note: 'sprintf' output between 1 and 100 bytes into a destination of size 1
  284 |  sprintf(Rx_buffer_string,"%s",Rx_buffer);
      |  ^~~~~~~~~~~~~~~~~~~~~~~~~~~~~~~~~~~~~~~~
arm-none-eabi-gcc -o "MultichannelADC.elf" @"objects.list"   -mcpu=cortex-m4 -T"D:\OneDrive - Institut Teknologi Sepuluh Nopember\Tugas Akhir\Coding Faris\STM32\MultichannelADC\STM32F407VGTX_FLASH.ld" --specs=nosys.specs -Wl,-Map="MultichannelADC.map" -Wl,--gc-sections -static --specs=nano.specs -mfpu=fpv4-sp-d16 -mfloat-abi=hard -mthumb -u _printf_float -u _scanf_float -Wl,--start-group -lc -lm -Wl,--end-group
Finished building target: MultichannelADC.elf
 
arm-none-eabi-size   MultichannelADC.elf 
arm-none-eabi-objdump -h -S  MultichannelADC.elf  > "MultichannelADC.list"
arm-none-eabi-objcopy  -O binary  MultichannelADC.elf  "MultichannelADC.bin"
   text	   data	    bss	    dec	    hex	filename
  65220	    596	   3804	  69620	  10ff4	MultichannelADC.elf
Finished building: default.size.stdout
 
Finished building: MultichannelADC.bin
 
Finished building: MultichannelADC.list
 
22:07:14 **** Incremental Build of configuration Debug for project MultichannelADC ****
make -j8 all 
arm-none-eabi-size   MultichannelADC.elf 
   text	   data	    bss	    dec	    hex	filename
  65220	    596	   3804	  69620	  10ff4	MultichannelADC.elf
Finished building: default.size.stdout
 
22:11:50 **** Incremental Build of configuration Debug for project MultichannelADC ****
make -j8 all 
arm-none-eabi-gcc "../Core/Src/main.c" -mcpu=cortex-m4 -std=gnu11 -g3 -DDEBUG -DUSE_HAL_DRIVER -DSTM32F407xx -c -I../Core/Inc -I../Drivers/STM32F4xx_HAL_Driver/Inc -I../Drivers/STM32F4xx_HAL_Driver/Inc/Legacy -I../Drivers/CMSIS/Device/ST/STM32F4xx/Include -I../Drivers/CMSIS/Include -I../FATFS/Target -I../FATFS/App -I../Middlewares/Third_Party/FatFs/src -O0 -ffunction-sections -fdata-sections -Wall -fstack-usage -MMD -MP -MF"Core/Src/main.d" -MT"Core/Src/main.o" --specs=nano.specs -mfpu=fpv4-sp-d16 -mfloat-abi=hard -mthumb -o "Core/Src/main.o"
../Core/Src/main.c: In function 'main':
../Core/Src/main.c:277:28: warning: format '%d' expects argument of type 'int', but argument 4 has type 'uint32_t' {aka 'long unsigned int'} [-Wformat=]
  277 |  sprintf(stringKirim,"%d, %d, %f, %f, %d, %d, %d\n",k,timestamp, AO0_volt, AO1_volt, AI0_bit, AI1_bit, AI2_bit); // stringKirim baru, sesuai nilai adc cpltCallback
      |                           ~^                          ~~~~~~~~~
      |                            |                          |
      |                            int                        uint32_t {aka long unsigned int}
      |                           %ld
../Core/Src/main.c:277:40: warning: format '%d' expects argument of type 'int', but argument 7 has type 'uint32_t' {aka 'long unsigned int'} [-Wformat=]
  277 |  sprintf(stringKirim,"%d, %d, %f, %f, %d, %d, %d\n",k,timestamp, AO0_volt, AO1_volt, AI0_bit, AI1_bit, AI2_bit); // stringKirim baru, sesuai nilai adc cpltCallback
      |                                       ~^                                             ~~~~~~~
      |                                        |                                             |
      |                                        int                                           uint32_t {aka long unsigned int}
      |                                       %ld
../Core/Src/main.c:277:44: warning: format '%d' expects argument of type 'int', but argument 8 has type 'uint32_t' {aka 'long unsigned int'} [-Wformat=]
  277 |  sprintf(stringKirim,"%d, %d, %f, %f, %d, %d, %d\n",k,timestamp, AO0_volt, AO1_volt, AI0_bit, AI1_bit, AI2_bit); // stringKirim baru, sesuai nilai adc cpltCallback
      |                                           ~^                                                  ~~~~~~~
      |                                            |                                                  |
      |                                            int                                                uint32_t {aka long unsigned int}
      |                                           %ld
../Core/Src/main.c:277:48: warning: format '%d' expects argument of type 'int', but argument 9 has type 'uint32_t' {aka 'long unsigned int'} [-Wformat=]
  277 |  sprintf(stringKirim,"%d, %d, %f, %f, %d, %d, %d\n",k,timestamp, AO0_volt, AO1_volt, AI0_bit, AI1_bit, AI2_bit); // stringKirim baru, sesuai nilai adc cpltCallback
      |                                               ~^                                                       ~~~~~~~
      |                                                |                                                       |
      |                                                int                                                     uint32_t {aka long unsigned int}
      |                                               %ld
../Core/Src/main.c:283:28: warning: pointer targets in passing argument 2 of 'HAL_UART_Receive' differ in signedness [-Wpointer-sign]
  283 |  HAL_UART_Receive(&huart4, (char*)Rx_buffer, 50, 500);
      |                            ^~~~~~~~~~~~~~~~
      |                            |
      |                            char *
In file included from ../Core/Inc/stm32f4xx_hal_conf.h:407,
                 from ../Drivers/STM32F4xx_HAL_Driver/Inc/stm32f4xx_hal.h:30,
                 from ../Core/Inc/main.h:30,
                 from ../Core/Src/main.c:20:
../Drivers/STM32F4xx_HAL_Driver/Inc/stm32f4xx_hal_uart.h:724:72: note: expected 'uint8_t *' {aka 'unsigned char *'} but argument is of type 'char *'
  724 | HAL_StatusTypeDef HAL_UART_Receive(UART_HandleTypeDef *huart, uint8_t *pData, uint16_t Size, uint32_t Timeout);
      |                                                               ~~~~~~~~~^~~~~
../Core/Src/main.c:286:32: warning: format '%d' expects argument of type 'int *', but argument 3 has type 'uint32_t *' {aka 'long unsigned int *'} [-Wformat=]
  286 |  sscanf(Rx_buffer_print, "[SP=%d],[KP=%d],[KI=%d]", &SP, &KP, &KI);
      |                               ~^                    ~~~
      |                                |                    |
      |                                int *                uint32_t * {aka long unsigned int *}
      |                               %ld
../Core/Src/main.c:286:40: warning: format '%d' expects argument of type 'int *', but argument 4 has type 'uint32_t *' {aka 'long unsigned int *'} [-Wformat=]
  286 |  sscanf(Rx_buffer_print, "[SP=%d],[KP=%d],[KI=%d]", &SP, &KP, &KI);
      |                                       ~^                 ~~~
      |                                        |                 |
      |                                        int *             uint32_t * {aka long unsigned int *}
      |                                       %ld
../Core/Src/main.c:286:48: warning: format '%d' expects argument of type 'int *', but argument 5 has type 'uint32_t *' {aka 'long unsigned int *'} [-Wformat=]
  286 |  sscanf(Rx_buffer_print, "[SP=%d],[KP=%d],[KI=%d]", &SP, &KP, &KI);
      |                                               ~^              ~~~
      |                                                |              |
      |                                                int *          uint32_t * {aka long unsigned int *}
      |                                               %ld
../Core/Src/main.c: In function 'HAL_ADC_ConvCpltCallback':
../Core/Src/main.c:362:7: warning: suggest parentheses around assignment used as truth value [-Wparentheses]
  362 |    if(awal = 1){
      |       ^~~~
../Core/Src/main.c: At top level:
../Core/Src/main.c:69:6: warning: array 'Rx_buffer_string' assumed to have one element
   69 | char Rx_buffer_string[];
      |      ^~~~~~~~~~~~~~~~
../Core/Src/main.c:70:6: warning: array 'Rx_buffer_status' assumed to have one element
   70 | char Rx_buffer_status[];
      |      ^~~~~~~~~~~~~~~~
../Core/Src/main.c: In function 'main':
../Core/Src/main.c:284:28: warning: '%s' directive writing up to 99 bytes into a region of size 1 [-Wformat-overflow=]
  284 |  sprintf(Rx_buffer_string,"%s",Rx_buffer);
      |                            ^~  ~~~~~~~~~
../Core/Src/main.c:284:2: note: 'sprintf' output between 1 and 100 bytes into a destination of size 1
  284 |  sprintf(Rx_buffer_string,"%s",Rx_buffer);
      |  ^~~~~~~~~~~~~~~~~~~~~~~~~~~~~~~~~~~~~~~~
arm-none-eabi-gcc -o "MultichannelADC.elf" @"objects.list"   -mcpu=cortex-m4 -T"D:\OneDrive - Institut Teknologi Sepuluh Nopember\Tugas Akhir\Coding Faris\STM32\MultichannelADC\STM32F407VGTX_FLASH.ld" --specs=nosys.specs -Wl,-Map="MultichannelADC.map" -Wl,--gc-sections -static --specs=nano.specs -mfpu=fpv4-sp-d16 -mfloat-abi=hard -mthumb -u _printf_float -u _scanf_float -Wl,--start-group -lc -lm -Wl,--end-group
Finished building target: MultichannelADC.elf
 
arm-none-eabi-size   MultichannelADC.elf 
arm-none-eabi-objdump -h -S  MultichannelADC.elf  > "MultichannelADC.list"
arm-none-eabi-objcopy  -O binary  MultichannelADC.elf  "MultichannelADC.bin"
   text	   data	    bss	    dec	    hex	filename
  65220	    596	   3804	  69620	  10ff4	MultichannelADC.elf
Finished building: default.size.stdout
 
Finished building: MultichannelADC.bin
 
Finished building: MultichannelADC.list
 
13:28:30 **** Build of configuration Debug for project MultichannelADC ****
make -j8 all 
arm-none-eabi-size   MultichannelADC.elf 
   text	   data	    bss	    dec	    hex	filename
  65220	    596	   3804	  69620	  10ff4	MultichannelADC.elf
Finished building: default.size.stdout
 
13:29:20 **** Incremental Build of configuration Debug for project MultichannelADC ****
make -j8 all 
[...]
      |                                               ~^              ~~~
      |                                                |              |
      |                                                int *          uint32_t * {aka long unsigned int *}
      |                                               %ld
../Core/Src/main.c: In function 'HAL_ADC_ConvCpltCallback':
../Core/Src/main.c:363:7: warning: suggest parentheses around assignment used as truth value [-Wparentheses]
  363 |    if(awal = 1){
      |       ^~~~
../Core/Src/main.c: At top level:
../Core/Src/main.c:69:6: warning: array 'Rx_buffer_string' assumed to have one element
   69 | char Rx_buffer_string[];
      |      ^~~~~~~~~~~~~~~~
../Core/Src/main.c:70:6: warning: array 'Rx_buffer_status' assumed to have one element
   70 | char Rx_buffer_status[];
      |      ^~~~~~~~~~~~~~~~
../Core/Src/main.c: In function 'main':
../Core/Src/main.c:284:28: warning: '%s' directive writing up to 99 bytes into a region of size 1 [-Wformat-overflow=]
  284 |  sprintf(Rx_buffer_string,"%s",Rx_buffer);
      |                            ^~  ~~~~~~~~~
../Core/Src/main.c:284:2: note: 'sprintf' output between 1 and 100 bytes into a destination of size 1
  284 |  sprintf(Rx_buffer_string,"%s",Rx_buffer);
      |  ^~~~~~~~~~~~~~~~~~~~~~~~~~~~~~~~~~~~~~~~
arm-none-eabi-gcc -o "MultichannelADC.elf" @"objects.list"   -mcpu=cortex-m4 -T"D:\OneDrive - Institut Teknologi Sepuluh Nopember\Tugas Akhir\Coding Faris\STM32\MultichannelADC\STM32F407VGTX_FLASH.ld" --specs=nosys.specs -Wl,-Map="MultichannelADC.map" -Wl,--gc-sections -static --specs=nano.specs -mfpu=fpv4-sp-d16 -mfloat-abi=hard -mthumb -u _printf_float -u _scanf_float -Wl,--start-group -lc -lm -Wl,--end-group
Finished building target: MultichannelADC.elf
 
arm-none-eabi-size   MultichannelADC.elf 
arm-none-eabi-objdump -h -S  MultichannelADC.elf  > "MultichannelADC.list"
arm-none-eabi-objcopy  -O binary  MultichannelADC.elf  "MultichannelADC.bin"
   text	   data	    bss	    dec	    hex	filename
  65236	    596	   3804	  69636	  11004	MultichannelADC.elf
Finished building: default.size.stdout
 
Finished building: MultichannelADC.bin
 
Finished building: MultichannelADC.list
 
21:27:27 **** Incremental Build of configuration Debug for project MultichannelADC ****
make -j8 all 
arm-none-eabi-size   MultichannelADC.elf 
   text	   data	    bss	    dec	    hex	filename
  65236	    596	   3804	  69636	  11004	MultichannelADC.elf
Finished building: default.size.stdout
 
21:52:59 **** Incremental Build of configuration Debug for project MultichannelADC ****
make -j8 all 
arm-none-eabi-size   MultichannelADC.elf 
   text	   data	    bss	    dec	    hex	filename
  65236	    596	   3804	  69636	  11004	MultichannelADC.elf
Finished building: default.size.stdout
 
22:04:28 **** Incremental Build of configuration Debug for project MultichannelADC ****
make -j8 all 
arm-none-eabi-gcc "../Core/Src/main.c" -mcpu=cortex-m4 -std=gnu11 -g3 -DDEBUG -DUSE_HAL_DRIVER -DSTM32F407xx -c -I../Core/Inc -I../Drivers/STM32F4xx_HAL_Driver/Inc -I../Drivers/STM32F4xx_HAL_Driver/Inc/Legacy -I../Drivers/CMSIS/Device/ST/STM32F4xx/Include -I../Drivers/CMSIS/Include -I../FATFS/Target -I../FATFS/App -I../Middlewares/Third_Party/FatFs/src -O0 -ffunction-sections -fdata-sections -Wall -fstack-usage -MMD -MP -MF"Core/Src/main.d" -MT"Core/Src/main.o" --specs=nano.specs -mfpu=fpv4-sp-d16 -mfloat-abi=hard -mthumb -o "Core/Src/main.o"
../Core/Src/main.c: In function 'main':
../Core/Src/main.c:277:28: warning: format '%d' expects argument of type 'int', but argument 4 has type 'uint32_t' {aka 'long unsigned int'} [-Wformat=]
  277 |  sprintf(stringKirim,"%d, %d, %f, %f, %d, %d, %d\n",k,timestamp, AO0_volt, AO1_volt, AI0_bit, AI1_bit, AI2_bit); // stringKirim baru, sesuai nilai adc cpltCallback
      |                           ~^                          ~~~~~~~~~
      |                            |                          |
      |                            int                        uint32_t {aka long unsigned int}
      |                           %ld
../Core/Src/main.c:277:40: warning: format '%d' expects argument of type 'int', but argument 7 has type 'uint32_t' {aka 'long unsigned int'} [-Wformat=]
  277 |  sprintf(stringKirim,"%d, %d, %f, %f, %d, %d, %d\n",k,timestamp, AO0_volt, AO1_volt, AI0_bit, AI1_bit, AI2_bit); // stringKirim baru, sesuai nilai adc cpltCallback
      |                                       ~^                                             ~~~~~~~
      |                                        |                                             |
      |                                        int                                           uint32_t {aka long unsigned int}
      |                                       %ld
../Core/Src/main.c:277:44: warning: format '%d' expects argument of type 'int', but argument 8 has type 'uint32_t' {aka 'long unsigned int'} [-Wformat=]
  277 |  sprintf(stringKirim,"%d, %d, %f, %f, %d, %d, %d\n",k,timestamp, AO0_volt, AO1_volt, AI0_bit, AI1_bit, AI2_bit); // stringKirim baru, sesuai nilai adc cpltCallback
      |                                           ~^                                                  ~~~~~~~
      |                                            |                                                  |
      |                                            int                                                uint32_t {aka long unsigned int}
      |                                           %ld
../Core/Src/main.c:277:48: warning: format '%d' expects argument of type 'int', but argument 9 has type 'uint32_t' {aka 'long unsigned int'} [-Wformat=]
  277 |  sprintf(stringKirim,"%d, %d, %f, %f, %d, %d, %d\n",k,timestamp, AO0_volt, AO1_volt, AI0_bit, AI1_bit, AI2_bit); // stringKirim baru, sesuai nilai adc cpltCallback
      |                                               ~^                                                       ~~~~~~~
      |                                                |                                                       |
      |                                                int                                                     uint32_t {aka long unsigned int}
      |                                               %ld
../Core/Src/main.c:283:28: warning: pointer targets in passing argument 2 of 'HAL_UART_Receive' differ in signedness [-Wpointer-sign]
  283 |  HAL_UART_Receive(&huart4, (char*)Rx_buffer, 50, 500);
      |                            ^~~~~~~~~~~~~~~~
      |                            |
      |                            char *
In file included from ../Core/Inc/stm32f4xx_hal_conf.h:407,
                 from ../Drivers/STM32F4xx_HAL_Driver/Inc/stm32f4xx_hal.h:30,
                 from ../Core/Inc/main.h:30,
                 from ../Core/Src/main.c:20:
../Drivers/STM32F4xx_HAL_Driver/Inc/stm32f4xx_hal_uart.h:724:72: note: expected 'uint8_t *' {aka 'unsigned char *'} but argument is of type 'char *'
  724 | HAL_StatusTypeDef HAL_UART_Receive(UART_HandleTypeDef *huart, uint8_t *pData, uint16_t Size, uint32_t Timeout);
      |                                                               ~~~~~~~~~^~~~~
../Core/Src/main.c:286:32: warning: format '%d' expects argument of type 'int *', but argument 3 has type 'uint32_t *' {aka 'long unsigned int *'} [-Wformat=]
  286 |  sscanf(Rx_buffer_print, "[SP=%d],[KP=%d],[KI=%d]", &SP, &KP, &KI);
      |                               ~^                    ~~~
      |                                |                    |
      |                                int *                uint32_t * {aka long unsigned int *}
      |                               %ld
../Core/Src/main.c:286:40: warning: format '%d' expects argument of type 'int *', but argument 4 has type 'uint32_t *' {aka 'long unsigned int *'} [-Wformat=]
  286 |  sscanf(Rx_buffer_print, "[SP=%d],[KP=%d],[KI=%d]", &SP, &KP, &KI);
      |                                       ~^                 ~~~
      |                                        |                 |
      |                                        int *             uint32_t * {aka long unsigned int *}
      |                                       %ld
../Core/Src/main.c:286:48: warning: format '%d' expects argument of type 'int *', but argument 5 has type 'uint32_t *' {aka 'long unsigned int *'} [-Wformat=]
  286 |  sscanf(Rx_buffer_print, "[SP=%d],[KP=%d],[KI=%d]", &SP, &KP, &KI);
      |                                               ~^              ~~~
      |                                                |              |
      |                                                int *          uint32_t * {aka long unsigned int *}
      |                                               %ld
../Core/Src/main.c: In function 'HAL_ADC_ConvCpltCallback':
../Core/Src/main.c:363:7: warning: suggest parentheses around assignment used as truth value [-Wparentheses]
  363 |    if(awal = 1){
      |       ^~~~
../Core/Src/main.c: At top level:
../Core/Src/main.c:69:6: warning: array 'Rx_buffer_string' assumed to have one element
   69 | char Rx_buffer_string[];
      |      ^~~~~~~~~~~~~~~~
../Core/Src/main.c:70:6: warning: array 'Rx_buffer_status' assumed to have one element
   70 | char Rx_buffer_status[];
      |      ^~~~~~~~~~~~~~~~
../Core/Src/main.c: In function 'main':
../Core/Src/main.c:284:28: warning: '%s' directive writing up to 99 bytes into a region of size 1 [-Wformat-overflow=]
  284 |  sprintf(Rx_buffer_string,"%s",Rx_buffer);
      |                            ^~  ~~~~~~~~~
../Core/Src/main.c:284:2: note: 'sprintf' output between 1 and 100 bytes into a destination of size 1
  284 |  sprintf(Rx_buffer_string,"%s",Rx_buffer);
      |  ^~~~~~~~~~~~~~~~~~~~~~~~~~~~~~~~~~~~~~~~
arm-none-eabi-gcc -o "MultichannelADC.elf" @"objects.list"   -mcpu=cortex-m4 -T"D:\OneDrive - Institut Teknologi Sepuluh Nopember\Tugas Akhir\Coding Faris\STM32\MultichannelADC\STM32F407VGTX_FLASH.ld" --specs=nosys.specs -Wl,-Map="MultichannelADC.map" -Wl,--gc-sections -static --specs=nano.specs -mfpu=fpv4-sp-d16 -mfloat-abi=hard -mthumb -u _printf_float -u _scanf_float -Wl,--start-group -lc -lm -Wl,--end-group
Finished building target: MultichannelADC.elf
 
arm-none-eabi-size   MultichannelADC.elf 
arm-none-eabi-objdump -h -S  MultichannelADC.elf  > "MultichannelADC.list"
arm-none-eabi-objcopy  -O binary  MultichannelADC.elf  "MultichannelADC.bin"
   text	   data	    bss	    dec	    hex	filename
  65244	    596	   3804	  69644	  1100c	MultichannelADC.elf
Finished building: default.size.stdout
 
Finished building: MultichannelADC.bin
 
Finished building: MultichannelADC.list
 
22:23:29 **** Incremental Build of configuration Debug for project MultichannelADC ****
make -j8 all 
arm-none-eabi-gcc "../Core/Src/main.c" -mcpu=cortex-m4 -std=gnu11 -g3 -DDEBUG -DUSE_HAL_DRIVER -DSTM32F407xx -c -I../Core/Inc -I../Drivers/STM32F4xx_HAL_Driver/Inc -I../Drivers/STM32F4xx_HAL_Driver/Inc/Legacy -I../Drivers/CMSIS/Device/ST/STM32F4xx/Include -I../Drivers/CMSIS/Include -I../FATFS/Target -I../FATFS/App -I../Middlewares/Third_Party/FatFs/src -O0 -ffunction-sections -fdata-sections -Wall -fstack-usage -MMD -MP -MF"Core/Src/main.d" -MT"Core/Src/main.o" --specs=nano.specs -mfpu=fpv4-sp-d16 -mfloat-abi=hard -mthumb -o "Core/Src/main.o"
../Core/Src/main.c: In function 'main':
../Core/Src/main.c:277:28: warning: format '%d' expects argument of type 'int', but argument 4 has type 'uint32_t' {aka 'long unsigned int'} [-Wformat=]
  277 |  sprintf(stringKirim,"%d, %d, %f, %f, %d, %d, %d\n",k,timestamp, AO0_volt, AO1_volt, AI0_bit, AI1_bit, AI2_bit); // stringKirim baru, sesuai nilai adc cpltCallback
      |                           ~^                          ~~~~~~~~~
      |                            |                          |
      |                            int                        uint32_t {aka long unsigned int}
      |                           %ld
../Core/Src/main.c:277:40: warning: format '%d' expects argument of type 'int', but argument 7 has type 'uint32_t' {aka 'long unsigned int'} [-Wformat=]
  277 |  sprintf(stringKirim,"%d, %d, %f, %f, %d, %d, %d\n",k,timestamp, AO0_volt, AO1_volt, AI0_bit, AI1_bit, AI2_bit); // stringKirim baru, sesuai nilai adc cpltCallback
      |                                       ~^                                             ~~~~~~~
      |                                        |                                             |
      |                                        int                                           uint32_t {aka long unsigned int}
      |                                       %ld
../Core/Src/main.c:277:44: warning: format '%d' expects argument of type 'int', but argument 8 has type 'uint32_t' {aka 'long unsigned int'} [-Wformat=]
  277 |  sprintf(stringKirim,"%d, %d, %f, %f, %d, %d, %d\n",k,timestamp, AO0_volt, AO1_volt, AI0_bit, AI1_bit, AI2_bit); // stringKirim baru, sesuai nilai adc cpltCallback
      |                                           ~^                                                  ~~~~~~~
      |                                            |                                                  |
      |                                            int                                                uint32_t {aka long unsigned int}
      |                                           %ld
../Core/Src/main.c:277:48: warning: format '%d' expects argument of type 'int', but argument 9 has type 'uint32_t' {aka 'long unsigned int'} [-Wformat=]
  277 |  sprintf(stringKirim,"%d, %d, %f, %f, %d, %d, %d\n",k,timestamp, AO0_volt, AO1_volt, AI0_bit, AI1_bit, AI2_bit); // stringKirim baru, sesuai nilai adc cpltCallback
      |                                               ~^                                                       ~~~~~~~
      |                                                |                                                       |
      |                                                int                                                     uint32_t {aka long unsigned int}
      |                                               %ld
../Core/Src/main.c:283:28: warning: pointer targets in passing argument 2 of 'HAL_UART_Receive' differ in signedness [-Wpointer-sign]
  283 |  HAL_UART_Receive(&huart4, (char*)Rx_buffer, 50, 500);
      |                            ^~~~~~~~~~~~~~~~
      |                            |
      |                            char *
In file included from ../Core/Inc/stm32f4xx_hal_conf.h:407,
                 from ../Drivers/STM32F4xx_HAL_Driver/Inc/stm32f4xx_hal.h:30,
                 from ../Core/Inc/main.h:30,
                 from ../Core/Src/main.c:20:
../Drivers/STM32F4xx_HAL_Driver/Inc/stm32f4xx_hal_uart.h:724:72: note: expected 'uint8_t *' {aka 'unsigned char *'} but argument is of type 'char *'
  724 | HAL_StatusTypeDef HAL_UART_Receive(UART_HandleTypeDef *huart, uint8_t *pData, uint16_t Size, uint32_t Timeout);
      |                                                               ~~~~~~~~~^~~~~
../Core/Src/main.c:286:32: warning: format '%d' expects argument of type 'int *', but argument 3 has type 'uint32_t *' {aka 'long unsigned int *'} [-Wformat=]
  286 |  sscanf(Rx_buffer_print, "[SP=%d],[KP=%d],[KI=%d]", &SP, &KP, &KI);
      |                               ~^                    ~~~
      |                                |                    |
      |                                int *                uint32_t * {aka long unsigned int *}
      |                               %ld
../Core/Src/main.c:286:40: warning: format '%d' expects argument of type 'int *', but argument 4 has type 'uint32_t *' {aka 'long unsigned int *'} [-Wformat=]
  286 |  sscanf(Rx_buffer_print, "[SP=%d],[KP=%d],[KI=%d]", &SP, &KP, &KI);
      |                                       ~^                 ~~~
      |                                        |                 |
      |                                        int *             uint32_t * {aka long unsigned int *}
      |                                       %ld
../Core/Src/main.c:286:48: warning: format '%d' expects argument of type 'int *', but argument 5 has type 'uint32_t *' {aka 'long unsigned int *'} [-Wformat=]
  286 |  sscanf(Rx_buffer_print, "[SP=%d],[KP=%d],[KI=%d]", &SP, &KP, &KI);
      |                                               ~^              ~~~
      |                                                |              |
      |                                                int *          uint32_t * {aka long unsigned int *}
      |                                               %ld
../Core/Src/main.c: In function 'HAL_ADC_ConvCpltCallback':
../Core/Src/main.c:363:7: warning: suggest parentheses around assignment used as truth value [-Wparentheses]
  363 |    if(awal = 1){
      |       ^~~~
../Core/Src/main.c: At top level:
../Core/Src/main.c:69:6: warning: array 'Rx_buffer_string' assumed to have one element
   69 | char Rx_buffer_string[];
      |      ^~~~~~~~~~~~~~~~
../Core/Src/main.c:70:6: warning: array 'Rx_buffer_status' assumed to have one element
   70 | char Rx_buffer_status[];
      |      ^~~~~~~~~~~~~~~~
../Core/Src/main.c: In function 'main':
../Core/Src/main.c:284:28: warning: '%s' directive writing up to 99 bytes into a region of size 1 [-Wformat-overflow=]
  284 |  sprintf(Rx_buffer_string,"%s",Rx_buffer);
      |                            ^~  ~~~~~~~~~
../Core/Src/main.c:284:2: note: 'sprintf' output between 1 and 100 bytes into a destination of size 1
  284 |  sprintf(Rx_buffer_string,"%s",Rx_buffer);
      |  ^~~~~~~~~~~~~~~~~~~~~~~~~~~~~~~~~~~~~~~~
arm-none-eabi-gcc -o "MultichannelADC.elf" @"objects.list"   -mcpu=cortex-m4 -T"D:\OneDrive - Institut Teknologi Sepuluh Nopember\Tugas Akhir\Coding Faris\STM32\MultichannelADC\STM32F407VGTX_FLASH.ld" --specs=nosys.specs -Wl,-Map="MultichannelADC.map" -Wl,--gc-sections -static --specs=nano.specs -mfpu=fpv4-sp-d16 -mfloat-abi=hard -mthumb -u _printf_float -u _scanf_float -Wl,--start-group -lc -lm -Wl,--end-group
Finished building target: MultichannelADC.elf
 
arm-none-eabi-size   MultichannelADC.elf 
arm-none-eabi-objdump -h -S  MultichannelADC.elf  > "MultichannelADC.list"
arm-none-eabi-objcopy  -O binary  MultichannelADC.elf  "MultichannelADC.bin"
   text	   data	    bss	    dec	    hex	filename
  65244	    596	   3804	  69644	  1100c	MultichannelADC.elf
Finished building: default.size.stdout
 
Finished building: MultichannelADC.bin
 
Finished building: MultichannelADC.list
 
22:36:49 **** Incremental Build of configuration Debug for project MultichannelADC ****
make -j8 all 
arm-none-eabi-size   MultichannelADC.elf 
   text	   data	    bss	    dec	    hex	filename
  65244	    596	   3804	  69644	  1100c	MultichannelADC.elf
Finished building: default.size.stdout
 
22:37:39 **** Incremental Build of configuration Debug for project MultichannelADC ****
make -j8 all 
arm-none-eabi-size   MultichannelADC.elf 
   text	   data	    bss	    dec	    hex	filename
  65244	    596	   3804	  69644	  1100c	MultichannelADC.elf
Finished building: default.size.stdout
 
22:38:18 **** Incremental Build of configuration Debug for project MultichannelADC ****
make -j8 all 
arm-none-eabi-size   MultichannelADC.elf 
   text	   data	    bss	    dec	    hex	filename
  65244	    596	   3804	  69644	  1100c	MultichannelADC.elf
Finished building: default.size.stdout
 
22:38:59 **** Incremental Build of configuration Debug for project MultichannelADC ****
make -j8 all 
arm-none-eabi-size   MultichannelADC.elf 
   text	   data	    bss	    dec	    hex	filename
  65244	    596	   3804	  69644	  1100c	MultichannelADC.elf
Finished building: default.size.stdout
 
23:15:05 **** Incremental Build of configuration Debug for project MultichannelADC ****
make -j8 all 
arm-none-eabi-size   MultichannelADC.elf 
   text	   data	    bss	    dec	    hex	filename
  65244	    596	   3804	  69644	  1100c	MultichannelADC.elf
Finished building: default.size.stdout
 
