main.c:99:5:bufsize	24	static
main.c:106:6:clear_buffer	16	static
main.c:111:6:send_uart	24	static
main.c:141:5:main	16	static
main.c:361:6:SystemClock_Config	88	static
main.c:406:13:MX_ADC1_Init	24	static
main.c:456:13:MX_ADC2_Init	24	static
main.c:506:13:MX_DAC_Init	16	static
main.c:544:13:MX_SPI1_Init	8	static
main.c:582:13:MX_TIM1_Init	96	static
main.c:657:13:MX_UART4_Init	8	static
main.c:688:13:MX_DMA_Init	16	static
main.c:706:13:MX_GPIO_Init	48	static
main.c:737:6:Error_Handler	4	static,ignoring_inline_asm
